<?xml version="1.0"?>
<link_info>
   <banner>TI ARM Linker PC v16.9.2.LTS</banner>
   <copyright>Copyright (c) 1996-2017 Texas Instruments Incorporated</copyright>
   <link_time>0x590aba36</link_time>
   <link_errors>0x0</link_errors>
   <output_file>driverlib_empty_project.out</output_file>
   <entry_point>
      <name>_c_int00</name>
      <address>0x1a839</address>
   </entry_point>
   <input_file_list>
      <input_file id="fl-2">
         <path>.\</path>
         <kind>object</kind>
         <file>ff.obj</file>
         <name>ff.obj</name>
      </input_file>
      <input_file id="fl-3">
         <path>.\</path>
         <kind>object</kind>
         <file>ir.obj</file>
         <name>ir.obj</name>
      </input_file>
      <input_file id="fl-4">
         <path>.\</path>
         <kind>object</kind>
         <file>lcd.obj</file>
         <name>lcd.obj</name>
      </input_file>
      <input_file id="fl-5">
         <path>.\</path>
         <kind>object</kind>
         <file>main.obj</file>
         <name>main.obj</name>
      </input_file>
      <input_file id="fl-6">
         <path>.\</path>
         <kind>object</kind>
         <file>mmc_ssp.obj</file>
         <name>mmc_ssp.obj</name>
      </input_file>
      <input_file id="fl-7">
         <path>.\</path>
         <kind>object</kind>
         <file>player1063.obj</file>
         <name>player1063.obj</name>
      </input_file>
      <input_file id="fl-8">
         <path>.\</path>
         <kind>object</kind>
         <file>startup_msp432p401r_ccs.obj</file>
         <name>startup_msp432p401r_ccs.obj</name>
      </input_file>
      <input_file id="fl-9">
         <path>.\</path>
         <kind>object</kind>
         <file>system_msp432p401r.obj</file>
         <name>system_msp432p401r.obj</name>
      </input_file>
      <input_file id="fl-a">
         <path>.\option\</path>
         <kind>object</kind>
         <file>cc932.obj</file>
         <name>cc932.obj</name>
      </input_file>
      <input_file id="fl-f">
         <kind>object</kind>
         <file>&lt;internal&gt;</file>
         <name>&lt;internal&gt;</name>
      </input_file>
      <input_file id="fl-10">
         <path>C:\ti\msp\MSP432Ware_3_50_00_02\driverlib\driverlib\MSP432P4xx\ccs\</path>
         <kind>archive</kind>
         <file>msp432p4xx_driverlib.lib</file>
         <name>systick.o</name>
      </input_file>
      <input_file id="fl-11">
         <path>C:\ti\msp\MSP432Ware_3_50_00_02\driverlib\driverlib\MSP432P4xx\ccs\</path>
         <kind>archive</kind>
         <file>msp432p4xx_driverlib.lib</file>
         <name>interrupt.o</name>
      </input_file>
      <input_file id="fl-12">
         <path>C:\ti\msp\MSP432Ware_3_50_00_02\driverlib\driverlib\MSP432P4xx\ccs\</path>
         <kind>archive</kind>
         <file>msp432p4xx_driverlib.lib</file>
         <name>cpu.o</name>
      </input_file>
      <input_file id="fl-c8">
         <path>C:\ti\ccsv7\tools\compiler\ti-cgt-arm_16.9.2.LTS\lib\</path>
         <kind>archive</kind>
         <file>rtsv7M4_T_le_v4SPD16_eabi.lib</file>
         <name>boot.obj</name>
      </input_file>
      <input_file id="fl-c9">
         <path>C:\ti\ccsv7\tools\compiler\ti-cgt-arm_16.9.2.LTS\lib\</path>
         <kind>archive</kind>
         <file>rtsv7M4_T_le_v4SPD16_eabi.lib</file>
         <name>copy_decompress_lzss.obj</name>
      </input_file>
      <input_file id="fl-ca">
         <path>C:\ti\ccsv7\tools\compiler\ti-cgt-arm_16.9.2.LTS\lib\</path>
         <kind>archive</kind>
         <file>rtsv7M4_T_le_v4SPD16_eabi.lib</file>
         <name>copy_decompress_none.obj</name>
      </input_file>
      <input_file id="fl-cb">
         <path>C:\ti\ccsv7\tools\compiler\ti-cgt-arm_16.9.2.LTS\lib\</path>
         <kind>archive</kind>
         <file>rtsv7M4_T_le_v4SPD16_eabi.lib</file>
         <name>copy_zero_init.obj</name>
      </input_file>
      <input_file id="fl-cc">
         <path>C:\ti\ccsv7\tools\compiler\ti-cgt-arm_16.9.2.LTS\lib\</path>
         <kind>archive</kind>
         <file>rtsv7M4_T_le_v4SPD16_eabi.lib</file>
         <name>defs.obj</name>
      </input_file>
      <input_file id="fl-cd">
         <path>C:\ti\ccsv7\tools\compiler\ti-cgt-arm_16.9.2.LTS\lib\</path>
         <kind>archive</kind>
         <file>rtsv7M4_T_le_v4SPD16_eabi.lib</file>
         <name>exit.obj</name>
      </input_file>
      <input_file id="fl-ce">
         <path>C:\ti\ccsv7\tools\compiler\ti-cgt-arm_16.9.2.LTS\lib\</path>
         <kind>archive</kind>
         <file>rtsv7M4_T_le_v4SPD16_eabi.lib</file>
         <name>fd_mul_t2.obj</name>
      </input_file>
      <input_file id="fl-cf">
         <path>C:\ti\ccsv7\tools\compiler\ti-cgt-arm_16.9.2.LTS\lib\</path>
         <kind>archive</kind>
         <file>rtsv7M4_T_le_v4SPD16_eabi.lib</file>
         <name>fd_toi_t2.obj</name>
      </input_file>
      <input_file id="fl-d0">
         <path>C:\ti\ccsv7\tools\compiler\ti-cgt-arm_16.9.2.LTS\lib\</path>
         <kind>archive</kind>
         <file>rtsv7M4_T_le_v4SPD16_eabi.lib</file>
         <name>fflush.obj</name>
      </input_file>
      <input_file id="fl-d1">
         <path>C:\ti\ccsv7\tools\compiler\ti-cgt-arm_16.9.2.LTS\lib\</path>
         <kind>archive</kind>
         <file>rtsv7M4_T_le_v4SPD16_eabi.lib</file>
         <name>fopen.obj</name>
      </input_file>
      <input_file id="fl-d2">
         <path>C:\ti\ccsv7\tools\compiler\ti-cgt-arm_16.9.2.LTS\lib\</path>
         <kind>archive</kind>
         <file>rtsv7M4_T_le_v4SPD16_eabi.lib</file>
         <name>fputc.obj</name>
      </input_file>
      <input_file id="fl-d3">
         <path>C:\ti\ccsv7\tools\compiler\ti-cgt-arm_16.9.2.LTS\lib\</path>
         <kind>archive</kind>
         <file>rtsv7M4_T_le_v4SPD16_eabi.lib</file>
         <name>fread.obj</name>
      </input_file>
      <input_file id="fl-d4">
         <path>C:\ti\ccsv7\tools\compiler\ti-cgt-arm_16.9.2.LTS\lib\</path>
         <kind>archive</kind>
         <file>rtsv7M4_T_le_v4SPD16_eabi.lib</file>
         <name>fseek.obj</name>
      </input_file>
      <input_file id="fl-d5">
         <path>C:\ti\ccsv7\tools\compiler\ti-cgt-arm_16.9.2.LTS\lib\</path>
         <kind>archive</kind>
         <file>rtsv7M4_T_le_v4SPD16_eabi.lib</file>
         <name>fwrite.obj</name>
      </input_file>
      <input_file id="fl-d6">
         <path>C:\ti\ccsv7\tools\compiler\ti-cgt-arm_16.9.2.LTS\lib\</path>
         <kind>archive</kind>
         <file>rtsv7M4_T_le_v4SPD16_eabi.lib</file>
         <name>i_tofd_t2.obj</name>
      </input_file>
      <input_file id="fl-d7">
         <path>C:\ti\ccsv7\tools\compiler\ti-cgt-arm_16.9.2.LTS\lib\</path>
         <kind>archive</kind>
         <file>rtsv7M4_T_le_v4SPD16_eabi.lib</file>
         <name>lowlev.obj</name>
      </input_file>
      <input_file id="fl-d8">
         <path>C:\ti\ccsv7\tools\compiler\ti-cgt-arm_16.9.2.LTS\lib\</path>
         <kind>archive</kind>
         <file>rtsv7M4_T_le_v4SPD16_eabi.lib</file>
         <name>memchr.obj</name>
      </input_file>
      <input_file id="fl-d9">
         <path>C:\ti\ccsv7\tools\compiler\ti-cgt-arm_16.9.2.LTS\lib\</path>
         <kind>archive</kind>
         <file>rtsv7M4_T_le_v4SPD16_eabi.lib</file>
         <name>memcpy_t2.obj</name>
      </input_file>
      <input_file id="fl-da">
         <path>C:\ti\ccsv7\tools\compiler\ti-cgt-arm_16.9.2.LTS\lib\</path>
         <kind>archive</kind>
         <file>rtsv7M4_T_le_v4SPD16_eabi.lib</file>
         <name>memset_t2.obj</name>
      </input_file>
      <input_file id="fl-db">
         <path>C:\ti\ccsv7\tools\compiler\ti-cgt-arm_16.9.2.LTS\lib\</path>
         <kind>archive</kind>
         <file>rtsv7M4_T_le_v4SPD16_eabi.lib</file>
         <name>mpu_init.obj</name>
      </input_file>
      <input_file id="fl-dc">
         <path>C:\ti\ccsv7\tools\compiler\ti-cgt-arm_16.9.2.LTS\lib\</path>
         <kind>archive</kind>
         <file>rtsv7M4_T_le_v4SPD16_eabi.lib</file>
         <name>pre_init.obj</name>
      </input_file>
      <input_file id="fl-dd">
         <path>C:\ti\ccsv7\tools\compiler\ti-cgt-arm_16.9.2.LTS\lib\</path>
         <kind>archive</kind>
         <file>rtsv7M4_T_le_v4SPD16_eabi.lib</file>
         <name>rand.obj</name>
      </input_file>
      <input_file id="fl-de">
         <path>C:\ti\ccsv7\tools\compiler\ti-cgt-arm_16.9.2.LTS\lib\</path>
         <kind>archive</kind>
         <file>rtsv7M4_T_le_v4SPD16_eabi.lib</file>
         <name>stkdepth_vars.obj</name>
      </input_file>
      <input_file id="fl-df">
         <path>C:\ti\ccsv7\tools\compiler\ti-cgt-arm_16.9.2.LTS\lib\</path>
         <kind>archive</kind>
         <file>rtsv7M4_T_le_v4SPD16_eabi.lib</file>
         <name>strchr.obj</name>
      </input_file>
      <input_file id="fl-e0">
         <path>C:\ti\ccsv7\tools\compiler\ti-cgt-arm_16.9.2.LTS\lib\</path>
         <kind>archive</kind>
         <file>rtsv7M4_T_le_v4SPD16_eabi.lib</file>
         <name>strcmp.obj</name>
      </input_file>
      <input_file id="fl-e1">
         <path>C:\ti\ccsv7\tools\compiler\ti-cgt-arm_16.9.2.LTS\lib\</path>
         <kind>archive</kind>
         <file>rtsv7M4_T_le_v4SPD16_eabi.lib</file>
         <name>strncpy.obj</name>
      </input_file>
      <input_file id="fl-e2">
         <path>C:\ti\ccsv7\tools\compiler\ti-cgt-arm_16.9.2.LTS\lib\</path>
         <kind>archive</kind>
         <file>rtsv7M4_T_le_v4SPD16_eabi.lib</file>
         <name>time.obj</name>
      </input_file>
      <input_file id="fl-e3">
         <path>C:\ti\ccsv7\tools\compiler\ti-cgt-arm_16.9.2.LTS\lib\</path>
         <kind>archive</kind>
         <file>rtsv7M4_T_le_v4SPD16_eabi.lib</file>
         <name>trgdrv.obj</name>
      </input_file>
      <input_file id="fl-e4">
         <path>C:\ti\ccsv7\tools\compiler\ti-cgt-arm_16.9.2.LTS\lib\</path>
         <kind>archive</kind>
         <file>rtsv7M4_T_le_v4SPD16_eabi.lib</file>
         <name>trgmsg.obj</name>
      </input_file>
      <input_file id="fl-e5">
         <path>C:\ti\ccsv7\tools\compiler\ti-cgt-arm_16.9.2.LTS\lib\</path>
         <kind>archive</kind>
         <file>rtsv7M4_T_le_v4SPD16_eabi.lib</file>
         <name>_bufread.obj</name>
      </input_file>
      <input_file id="fl-e6">
         <path>C:\ti\ccsv7\tools\compiler\ti-cgt-arm_16.9.2.LTS\lib\</path>
         <kind>archive</kind>
         <file>rtsv7M4_T_le_v4SPD16_eabi.lib</file>
         <name>_io_perm.obj</name>
      </input_file>
      <input_file id="fl-e7">
         <path>C:\ti\ccsv7\tools\compiler\ti-cgt-arm_16.9.2.LTS\lib\</path>
         <kind>archive</kind>
         <file>rtsv7M4_T_le_v4SPD16_eabi.lib</file>
         <name>_lock.obj</name>
      </input_file>
      <input_file id="fl-e8">
         <path>C:\ti\ccsv7\tools\compiler\ti-cgt-arm_16.9.2.LTS\lib\</path>
         <kind>archive</kind>
         <file>rtsv7M4_T_le_v4SPD16_eabi.lib</file>
         <name>args_main.obj</name>
      </input_file>
      <input_file id="fl-e9">
         <path>C:\ti\ccsv7\tools\compiler\ti-cgt-arm_16.9.2.LTS\lib\</path>
         <kind>archive</kind>
         <file>rtsv7M4_T_le_v4SPD16_eabi.lib</file>
         <name>autoinit.obj</name>
      </input_file>
      <input_file id="fl-ea">
         <path>C:\ti\ccsv7\tools\compiler\ti-cgt-arm_16.9.2.LTS\lib\</path>
         <kind>archive</kind>
         <file>rtsv7M4_T_le_v4SPD16_eabi.lib</file>
         <name>cpy_tbl.obj</name>
      </input_file>
      <input_file id="fl-eb">
         <path>C:\ti\ccsv7\tools\compiler\ti-cgt-arm_16.9.2.LTS\lib\</path>
         <kind>archive</kind>
         <file>rtsv7M4_T_le_v4SPD16_eabi.lib</file>
         <name>fclose.obj</name>
      </input_file>
      <input_file id="fl-ec">
         <path>C:\ti\ccsv7\tools\compiler\ti-cgt-arm_16.9.2.LTS\lib\</path>
         <kind>archive</kind>
         <file>rtsv7M4_T_le_v4SPD16_eabi.lib</file>
         <name>memory.obj</name>
      </input_file>
      <input_file id="fl-ed">
         <path>C:\ti\ccsv7\tools\compiler\ti-cgt-arm_16.9.2.LTS\lib\</path>
         <kind>archive</kind>
         <file>rtsv7M4_T_le_v4SPD16_eabi.lib</file>
         <name>remove.obj</name>
      </input_file>
      <input_file id="fl-ee">
         <path>C:\ti\ccsv7\tools\compiler\ti-cgt-arm_16.9.2.LTS\lib\</path>
         <kind>archive</kind>
         <file>rtsv7M4_T_le_v4SPD16_eabi.lib</file>
         <name>setvbuf.obj</name>
      </input_file>
      <input_file id="fl-ef">
         <path>C:\ti\ccsv7\tools\compiler\ti-cgt-arm_16.9.2.LTS\lib\</path>
         <kind>archive</kind>
         <file>rtsv7M4_T_le_v4SPD16_eabi.lib</file>
         <name>startup.obj</name>
      </input_file>
      <input_file id="fl-f0">
         <path>C:\ti\ccsv7\tools\compiler\ti-cgt-arm_16.9.2.LTS\lib\</path>
         <kind>archive</kind>
         <file>rtsv7M4_T_le_v4SPD16_eabi.lib</file>
         <name>strcpy.obj</name>
      </input_file>
      <input_file id="fl-f1">
         <path>C:\ti\ccsv7\tools\compiler\ti-cgt-arm_16.9.2.LTS\lib\</path>
         <kind>archive</kind>
         <file>rtsv7M4_T_le_v4SPD16_eabi.lib</file>
         <name>strlen.obj</name>
      </input_file>
   </input_file_list>
   <object_component_list>
      <object_component id="oc-28">
         <name>.intvecs:retain</name>
         <load_address>0x0</load_address>
         <run_address>0x0</run_address>
         <size>0x140</size>
         <input_file_ref idref="fl-8"/>
      </object_component>
      <object_component id="oc-e0">
         <name>.text</name>
         <load_address>0x12490</load_address>
         <run_address>0x12490</run_address>
         <size>0x396c</size>
         <input_file_ref idref="fl-2"/>
      </object_component>
      <object_component id="oc-da">
         <name>.text</name>
         <load_address>0x15dfc</load_address>
         <run_address>0x15dfc</run_address>
         <size>0xeb8</size>
         <input_file_ref idref="fl-7"/>
      </object_component>
      <object_component id="oc-7a">
         <name>.text</name>
         <load_address>0x16cb4</load_address>
         <run_address>0x16cb4</run_address>
         <size>0xc84</size>
         <input_file_ref idref="fl-5"/>
      </object_component>
      <object_component id="oc-c1">
         <name>.text</name>
         <load_address>0x17938</load_address>
         <run_address>0x17938</run_address>
         <size>0xa38</size>
         <input_file_ref idref="fl-6"/>
      </object_component>
      <object_component id="oc-e7">
         <name>.text</name>
         <load_address>0x18370</load_address>
         <run_address>0x18370</run_address>
         <size>0xa34</size>
         <input_file_ref idref="fl-4"/>
      </object_component>
      <object_component id="oc-2eb">
         <name>.text</name>
         <load_address>0x18da4</load_address>
         <run_address>0x18da4</run_address>
         <size>0x3d0</size>
         <input_file_ref idref="fl-ec"/>
      </object_component>
      <object_component id="oc-ba">
         <name>.text</name>
         <load_address>0x19174</load_address>
         <run_address>0x19174</run_address>
         <size>0x328</size>
         <input_file_ref idref="fl-9"/>
      </object_component>
      <object_component id="oc-15f">
         <name>.text</name>
         <load_address>0x1949c</load_address>
         <run_address>0x1949c</run_address>
         <size>0x324</size>
         <input_file_ref idref="fl-e3"/>
      </object_component>
      <object_component id="oc-232">
         <name>.text</name>
         <load_address>0x197c0</load_address>
         <run_address>0x197c0</run_address>
         <size>0x30c</size>
         <input_file_ref idref="fl-d7"/>
      </object_component>
      <object_component id="oc-1bc">
         <name>.text</name>
         <load_address>0x19acc</load_address>
         <run_address>0x19acc</run_address>
         <size>0x1c4</size>
         <input_file_ref idref="fl-d1"/>
      </object_component>
      <object_component id="oc-1aa">
         <name>.text</name>
         <load_address>0x19c90</load_address>
         <run_address>0x19c90</run_address>
         <size>0x16c</size>
         <input_file_ref idref="fl-d5"/>
      </object_component>
      <object_component id="oc-1ca">
         <name>.text</name>
         <load_address>0x19dfc</load_address>
         <run_address>0x19dfc</run_address>
         <size>0x104</size>
         <input_file_ref idref="fl-a"/>
      </object_component>
      <object_component id="oc-197">
         <name>.text</name>
         <load_address>0x19f00</load_address>
         <run_address>0x19f00</run_address>
         <size>0xfc</size>
         <input_file_ref idref="fl-ce"/>
      </object_component>
      <object_component id="oc-1a4">
         <name>.text</name>
         <load_address>0x19ffc</load_address>
         <run_address>0x19ffc</run_address>
         <size>0xec</size>
         <input_file_ref idref="fl-d3"/>
      </object_component>
      <object_component id="oc-2d7">
         <name>.text</name>
         <load_address>0x1a0e8</load_address>
         <run_address>0x1a0e8</run_address>
         <size>0xdc</size>
         <input_file_ref idref="fl-ee"/>
      </object_component>
      <object_component id="oc-185">
         <name>.text</name>
         <load_address>0x1a1c4</load_address>
         <run_address>0x1a1c4</run_address>
         <size>0xc8</size>
         <input_file_ref idref="fl-d0"/>
      </object_component>
      <object_component id="oc-252">
         <name>.text</name>
         <load_address>0x1a28c</load_address>
         <run_address>0x1a28c</run_address>
         <size>0xac</size>
         <input_file_ref idref="fl-e6"/>
      </object_component>
      <object_component id="oc-258">
         <name>.text</name>
         <load_address>0x1a338</load_address>
         <run_address>0x1a338</run_address>
         <size>0xa0</size>
         <input_file_ref idref="fl-e5"/>
      </object_component>
      <object_component id="oc-3a">
         <name>.text</name>
         <load_address>0x1a3d8</load_address>
         <run_address>0x1a3d8</run_address>
         <size>0x9c</size>
         <input_file_ref idref="fl-d9"/>
      </object_component>
      <object_component id="oc-271">
         <name>.text</name>
         <load_address>0x1a474</load_address>
         <run_address>0x1a474</run_address>
         <size>0x98</size>
         <input_file_ref idref="fl-eb"/>
      </object_component>
      <object_component id="oc-1b0">
         <name>.text</name>
         <load_address>0x1a50c</load_address>
         <run_address>0x1a50c</run_address>
         <size>0x98</size>
         <input_file_ref idref="fl-d2"/>
      </object_component>
      <object_component id="oc-46">
         <name>.text</name>
         <load_address>0x1a5a4</load_address>
         <run_address>0x1a5a4</run_address>
         <size>0x7a</size>
         <input_file_ref idref="fl-da"/>
      </object_component>
      <object_component id="oc-52">
         <name>.text</name>
         <load_address>0x1a61e</load_address>
         <run_address>0x1a61e</run_address>
         <size>0x2</size>
         <input_file_ref idref="fl-db"/>
      </object_component>
      <object_component id="oc-103">
         <name>.text</name>
         <load_address>0x1a620</load_address>
         <run_address>0x1a620</run_address>
         <size>0x74</size>
         <input_file_ref idref="fl-3"/>
      </object_component>
      <object_component id="oc-5e">
         <name>.text</name>
         <load_address>0x1a694</load_address>
         <run_address>0x1a694</run_address>
         <size>0x70</size>
         <input_file_ref idref="fl-e9"/>
      </object_component>
      <object_component id="oc-10">
         <name>.text:decompress:lzss</name>
         <load_address>0x1a704</load_address>
         <run_address>0x1a704</run_address>
         <size>0x68</size>
         <input_file_ref idref="fl-c9"/>
      </object_component>
      <object_component id="oc-20a">
         <name>.text</name>
         <load_address>0x1a76c</load_address>
         <run_address>0x1a76c</run_address>
         <size>0x68</size>
         <input_file_ref idref="fl-e4"/>
      </object_component>
      <object_component id="oc-1b6">
         <name>.text</name>
         <load_address>0x1a7d4</load_address>
         <run_address>0x1a7d4</run_address>
         <size>0x64</size>
         <input_file_ref idref="fl-d4"/>
      </object_component>
      <object_component id="oc-22">
         <name>.text</name>
         <load_address>0x1a838</load_address>
         <run_address>0x1a838</run_address>
         <size>0x54</size>
         <input_file_ref idref="fl-c8"/>
      </object_component>
      <object_component id="oc-6a">
         <name>.text</name>
         <load_address>0x1a88c</load_address>
         <run_address>0x1a88c</run_address>
         <size>0x54</size>
         <input_file_ref idref="fl-cd"/>
      </object_component>
      <object_component id="oc-9f">
         <name>.text</name>
         <load_address>0x1a8e0</load_address>
         <run_address>0x1a8e0</run_address>
         <size>0x4c</size>
         <input_file_ref idref="fl-ea"/>
      </object_component>
      <object_component id="oc-cd">
         <name>.text</name>
         <load_address>0x1a92c</load_address>
         <run_address>0x1a92c</run_address>
         <size>0x4c</size>
         <input_file_ref idref="fl-dd"/>
      </object_component>
      <object_component id="oc-19c">
         <name>.text</name>
         <load_address>0x1a978</load_address>
         <run_address>0x1a978</run_address>
         <size>0x48</size>
         <input_file_ref idref="fl-cf"/>
      </object_component>
      <object_component id="oc-2c0">
         <name>.text</name>
         <load_address>0x1a9c0</load_address>
         <run_address>0x1a9c0</run_address>
         <size>0x36</size>
         <input_file_ref idref="fl-e1"/>
      </object_component>
      <object_component id="oc-192">
         <name>.text</name>
         <load_address>0x1a9f6</load_address>
         <run_address>0x1a9f6</run_address>
         <size>0x2e</size>
         <input_file_ref idref="fl-d6"/>
      </object_component>
      <object_component id="oc-260">
         <name>.text</name>
         <load_address>0x1aa24</load_address>
         <run_address>0x1aa24</run_address>
         <size>0x20</size>
         <input_file_ref idref="fl-d8"/>
      </object_component>
      <object_component id="oc-64">
         <name>.text</name>
         <load_address>0x1aa44</load_address>
         <run_address>0x1aa44</run_address>
         <size>0x18</size>
         <input_file_ref idref="fl-e8"/>
      </object_component>
      <object_component id="oc-2b4">
         <name>.text</name>
         <load_address>0x1aa5c</load_address>
         <run_address>0x1aa5c</run_address>
         <size>0x18</size>
         <input_file_ref idref="fl-e0"/>
      </object_component>
      <object_component id="oc-2ba">
         <name>.text</name>
         <load_address>0x1aa74</load_address>
         <run_address>0x1aa74</run_address>
         <size>0x16</size>
         <input_file_ref idref="fl-df"/>
      </object_component>
      <object_component id="oc-a5">
         <name>.text</name>
         <load_address>0x1aa8a</load_address>
         <run_address>0x1aa8a</run_address>
         <size>0x2</size>
         <input_file_ref idref="fl-ef"/>
      </object_component>
      <object_component id="oc-fd">
         <name>.text:SysTick_enableInterrupt</name>
         <load_address>0x1aa8c</load_address>
         <run_address>0x1aa8c</run_address>
         <size>0x14</size>
         <input_file_ref idref="fl-10"/>
      </object_component>
      <object_component id="oc-f7">
         <name>.text:SysTick_enableModule</name>
         <load_address>0x1aaa0</load_address>
         <run_address>0x1aaa0</run_address>
         <size>0x14</size>
         <input_file_ref idref="fl-10"/>
      </object_component>
      <object_component id="oc-142">
         <name>.text</name>
         <load_address>0x1aab4</load_address>
         <run_address>0x1aab4</run_address>
         <size>0x14</size>
         <input_file_ref idref="fl-e7"/>
      </object_component>
      <object_component id="oc-216">
         <name>.text</name>
         <load_address>0x1aac8</load_address>
         <run_address>0x1aac8</run_address>
         <size>0x14</size>
         <input_file_ref idref="fl-f0"/>
      </object_component>
      <object_component id="oc-210">
         <name>.text</name>
         <load_address>0x1aadc</load_address>
         <run_address>0x1aadc</run_address>
         <size>0x14</size>
         <input_file_ref idref="fl-f1"/>
      </object_component>
      <object_component id="oc-74">
         <name>.text</name>
         <load_address>0x1aaf0</load_address>
         <run_address>0x1aaf0</run_address>
         <size>0x12</size>
         <input_file_ref idref="fl-8"/>
      </object_component>
      <object_component id="oc-16">
         <name>.text:decompress:none</name>
         <load_address>0x1ab02</load_address>
         <run_address>0x1ab02</run_address>
         <size>0xe</size>
         <input_file_ref idref="fl-ca"/>
      </object_component>
      <object_component id="oc-c7">
         <name>.text</name>
         <load_address>0x1ab10</load_address>
         <run_address>0x1ab10</run_address>
         <size>0xe</size>
         <input_file_ref idref="fl-e2"/>
      </object_component>
      <object_component id="oc-f1">
         <name>.text:SysTick_setPeriod</name>
         <load_address>0x1ab20</load_address>
         <run_address>0x1ab20</run_address>
         <size>0xc</size>
         <input_file_ref idref="fl-10"/>
      </object_component>
      <object_component id="oc-1c">
         <name>.text:decompress:ZI</name>
         <load_address>0x1ab2c</load_address>
         <run_address>0x1ab2c</run_address>
         <size>0xc</size>
         <input_file_ref idref="fl-cb"/>
      </object_component>
      <object_component id="oc-58">
         <name>.text</name>
         <load_address>0x1ab38</load_address>
         <run_address>0x1ab38</run_address>
         <size>0x4</size>
         <input_file_ref idref="fl-dc"/>
      </object_component>
      <object_component id="oc-27e">
         <name>.const:sjis2uni</name>
         <load_address>0x140</load_address>
         <run_address>0x140</run_address>
         <size>0x7378</size>
         <input_file_ref idref="fl-a"/>
      </object_component>
      <object_component id="oc-281">
         <name>.const:uni2sjis</name>
         <load_address>0x74b8</load_address>
         <run_address>0x74b8</run_address>
         <size>0x7378</size>
         <input_file_ref idref="fl-a"/>
      </object_component>
      <object_component id="oc-1c6">
         <name>.const:plugin</name>
         <load_address>0xe830</load_address>
         <run_address>0xe830</run_address>
         <size>0x3828</size>
         <input_file_ref idref="fl-7"/>
      </object_component>
      <object_component id="oc-284">
         <name>.const:tbl_lower$1</name>
         <load_address>0x12058</load_address>
         <run_address>0x12058</run_address>
         <size>0x1e0</size>
         <input_file_ref idref="fl-a"/>
      </object_component>
      <object_component id="oc-285">
         <name>.const:tbl_upper$2</name>
         <load_address>0x12238</load_address>
         <run_address>0x12238</run_address>
         <size>0x1e0</size>
         <input_file_ref idref="fl-a"/>
      </object_component>
      <object_component id="oc-294">
         <name>.const:.string</name>
         <load_address>0x12418</load_address>
         <run_address>0x12418</run_address>
         <size>0x2e</size>
         <input_file_ref idref="fl-4"/>
      </object_component>
      <object_component id="oc-1c3">
         <name>.const:chipNumber</name>
         <load_address>0x12446</load_address>
         <run_address>0x12446</run_address>
         <size>0x20</size>
         <input_file_ref idref="fl-7"/>
      </object_component>
      <object_component id="oc-1dc">
         <name>.const:.string:badchr$1</name>
         <load_address>0x12466</load_address>
         <run_address>0x12466</run_address>
         <size>0x10</size>
         <input_file_ref idref="fl-2"/>
      </object_component>
      <object_component id="oc-1d0">
         <name>.const:.string:LfnOfs</name>
         <load_address>0x12476</load_address>
         <run_address>0x12476</run_address>
         <size>0xd</size>
         <input_file_ref idref="fl-2"/>
      </object_component>
      <object_component id="oc-171">
         <name>.const:.string</name>
         <load_address>0x12484</load_address>
         <run_address>0x12484</run_address>
         <size>0xa</size>
         <input_file_ref idref="fl-5"/>
      </object_component>
      <object_component id="oc-34d">
         <name>.cinit..data.load</name>
         <load_address>0x1ab40</load_address>
         <run_address>0x1ab40</run_address>
         <size>0xa7</size>
      </object_component>
      <object_component id="oc-34b">
         <name>__TI_handler_table</name>
         <load_address>0x1abe8</load_address>
         <run_address>0x1abe8</run_address>
         <size>0xc</size>
      </object_component>
      <object_component id="oc-34e">
         <name>.cinit..bss.load</name>
         <load_address>0x1abf8</load_address>
         <run_address>0x1abf8</run_address>
         <size>0x8</size>
      </object_component>
      <object_component id="oc-34c">
         <name>__TI_cinit_table</name>
         <load_address>0x1ac00</load_address>
         <run_address>0x1ac00</run_address>
         <size>0x10</size>
      </object_component>
      <object_component id="oc-1e5">
         <name>.data:text</name>
         <load_address>0x20001a28</load_address>
         <run_address>0x20001a28</run_address>
         <size>0xc</size>
         <input_file_ref idref="fl-4"/>
      </object_component>
      <object_component id="oc-1e8">
         <name>.data:mp3</name>
         <load_address>0x20001a1c</load_address>
         <run_address>0x20001a1c</run_address>
         <size>0xc</size>
         <input_file_ref idref="fl-4"/>
      </object_component>
      <object_component id="oc-1e1">
         <name>.data</name>
         <load_address>0x20001a3c</load_address>
         <run_address>0x20001a3c</run_address>
         <size>0x4</size>
         <input_file_ref idref="fl-4"/>
      </object_component>
      <object_component id="oc-d3">
         <name>.data</name>
         <load_address>0x20001980</load_address>
         <run_address>0x20001980</run_address>
         <size>0x60</size>
         <input_file_ref idref="fl-5"/>
      </object_component>
      <object_component id="oc-155">
         <name>.data</name>
         <load_address>0x20001a50</load_address>
         <run_address>0x20001a50</run_address>
         <size>0x1</size>
         <input_file_ref idref="fl-6"/>
      </object_component>
      <object_component id="oc-18f">
         <name>.data</name>
         <load_address>0x200019e0</load_address>
         <run_address>0x200019e0</run_address>
         <size>0x14</size>
         <input_file_ref idref="fl-7"/>
      </object_component>
      <object_component id="oc-14e">
         <name>.data</name>
         <load_address>0x20001a4c</load_address>
         <run_address>0x20001a4c</run_address>
         <size>0x4</size>
         <input_file_ref idref="fl-9"/>
      </object_component>
      <object_component id="oc-1a1">
         <name>.data:_ftable</name>
         <load_address>0x200017c0</load_address>
         <run_address>0x200017c0</run_address>
         <size>0xf0</size>
         <input_file_ref idref="fl-cc"/>
      </object_component>
      <object_component id="oc-238">
         <name>.data</name>
         <load_address>0x200019f4</load_address>
         <run_address>0x200019f4</run_address>
         <size>0x10</size>
         <input_file_ref idref="fl-cc"/>
      </object_component>
      <object_component id="oc-af">
         <name>.data:$O1$$</name>
         <load_address>0x20001a04</load_address>
         <run_address>0x20001a04</run_address>
         <size>0xc</size>
         <input_file_ref idref="fl-cd"/>
      </object_component>
      <object_component id="oc-277">
         <name>.data</name>
         <load_address>0x20001a40</load_address>
         <run_address>0x20001a40</run_address>
         <size>0x4</size>
         <input_file_ref idref="fl-d1"/>
      </object_component>
      <object_component id="oc-2c6">
         <name>.data:$O1$$</name>
         <load_address>0x200018b0</load_address>
         <run_address>0x200018b0</run_address>
         <size>0xd0</size>
         <input_file_ref idref="fl-d7"/>
      </object_component>
      <object_component id="oc-16c">
         <name>.data</name>
         <load_address>0x20001a44</load_address>
         <run_address>0x20001a44</run_address>
         <size>0x4</size>
         <input_file_ref idref="fl-dd"/>
      </object_component>
      <object_component id="oc-70">
         <name>.data</name>
         <load_address>0x20001a48</load_address>
         <run_address>0x20001a48</run_address>
         <size>0x4</size>
         <input_file_ref idref="fl-de"/>
      </object_component>
      <object_component id="oc-b2">
         <name>.data:$O1$$</name>
         <load_address>0x20001a34</load_address>
         <run_address>0x20001a34</run_address>
         <size>0x8</size>
         <input_file_ref idref="fl-e7"/>
      </object_component>
      <object_component id="oc-31b">
         <name>.data:$O1$$</name>
         <load_address>0x20001a10</load_address>
         <run_address>0x20001a10</run_address>
         <size>0xc</size>
         <input_file_ref idref="fl-ec"/>
      </object_component>
      <object_component id="oc-1d3">
         <name>.bss:FatFs</name>
         <uninitialized>true</uninitialized>
         <run_address>0x20000fb0</run_address>
         <size>0x4</size>
         <input_file_ref idref="fl-2"/>
      </object_component>
      <object_component id="oc-1d6">
         <name>.bss</name>
         <uninitialized>true</uninitialized>
         <run_address>0x20000fae</run_address>
         <size>0x2</size>
         <input_file_ref idref="fl-2"/>
      </object_component>
      <object_component id="oc-1d9">
         <name>.bss:LfnBuf</name>
         <uninitialized>true</uninitialized>
         <run_address>0x20000688</run_address>
         <size>0x200</size>
         <input_file_ref idref="fl-2"/>
      </object_component>
      <object_component id="oc-152">
         <name>.bss</name>
         <uninitialized>true</uninitialized>
         <run_address>0x20000f94</run_address>
         <size>0x9</size>
         <input_file_ref idref="fl-6"/>
      </object_component>
      <object_component id="oc-18e">
         <name>.bss:playBuf$1</name>
         <uninitialized>true</uninitialized>
         <run_address>0x20000888</run_address>
         <size>0x200</size>
         <input_file_ref idref="fl-7"/>
      </object_component>
      <object_component id="oc-1c2">
         <name>.bss:recBuf$6</name>
         <uninitialized>true</uninitialized>
         <run_address>0x20000a88</run_address>
         <size>0x200</size>
         <input_file_ref idref="fl-7"/>
      </object_component>
      <object_component id="oc-21c">
         <name>.bss:parmbuf</name>
         <uninitialized>true</uninitialized>
         <run_address>0x20000f9d</run_address>
         <size>0x8</size>
         <input_file_ref idref="fl-e3"/>
      </object_component>
      <object_component id="oc-2a0">
         <name>.bss:_CIOBUF_</name>
         <uninitialized>true</uninitialized>
         <run_address>0x20000c88</run_address>
         <size>0x120</size>
         <input_file_ref idref="fl-e4"/>
      </object_component>
      <object_component id="oc-109">
         <name>.common:FatFs</name>
         <uninitialized>true</uninitialized>
         <run_address>0x20000450</run_address>
         <size>0x238</size>
      </object_component>
      <object_component id="oc-f0">
         <name>.common:File</name>
         <uninitialized>true</uninitialized>
         <run_address>0x20000000</run_address>
         <size>0x450</size>
      </object_component>
      <object_component id="oc-ed">
         <name>.common:fres</name>
         <uninitialized>true</uninitialized>
         <run_address>0x20000fad</run_address>
         <size>0x1</size>
      </object_component>
      <object_component id="oc-1df">
         <name>.common:Buff</name>
         <uninitialized>true</uninitialized>
         <run_address>0x20000f54</run_address>
         <size>0x40</size>
      </object_component>
      <object_component id="oc-1e0">
         <name>.common:s1</name>
         <uninitialized>true</uninitialized>
         <run_address>0x20000fb8</run_address>
         <size>0x4</size>
      </object_component>
      <object_component id="oc-1e4">
         <name>.common:file_path</name>
         <uninitialized>true</uninitialized>
         <run_address>0x20000fb4</run_address>
         <size>0x4</size>
      </object_component>
      <object_component id="oc-d6">
         <name>.common:array</name>
         <uninitialized>true</uninitialized>
         <run_address>0x20000e48</run_address>
         <size>0x88</size>
      </object_component>
      <object_component id="oc-d9">
         <name>.common:vol_level</name>
         <uninitialized>true</uninitialized>
         <run_address>0x20000fa5</run_address>
         <size>0x8</size>
      </object_component>
      <object_component id="oc-e6">
         <name>.common:Buff2</name>
         <uninitialized>true</uninitialized>
         <run_address>0x20000ed0</run_address>
         <size>0x84</size>
      </object_component>
      <object_component id="oc-18b">
         <name>.common:playerState</name>
         <uninitialized>true</uninitialized>
         <run_address>0x20000fbc</run_address>
         <size>0x1</size>
      </object_component>
      <object_component id="oc-2f1">
         <name>.common:__TI_tmpnams</name>
         <uninitialized>true</uninitialized>
         <run_address>0x20000da8</run_address>
         <size>0xa0</size>
      </object_component>
      <object_component id="oc-2c">
         <name>.sysmem</name>
         <uninitialized>true</uninitialized>
         <run_address>0x20000fc0</run_address>
         <size>0x8</size>
         <input_file_ref idref="fl-ec"/>
      </object_component>
      <object_component id="oc-350">
         <name>.sysmem</name>
         <uninitialized>true</uninitialized>
         <run_address>0x20000fc0</run_address>
         <size>0x0</size>
      </object_component>
      <object_component id="oc-2b">
         <name>.stack</name>
         <uninitialized>true</uninitialized>
         <run_address>0x2000fe00</run_address>
         <size>0x0</size>
         <input_file_ref idref="fl-c8"/>
      </object_component>
      <object_component id="oc-34f">
         <name>.stack</name>
         <uninitialized>true</uninitialized>
         <run_address>0x2000fe00</run_address>
         <size>0x0</size>
      </object_component>
      <object_component id="oc-1de">
         <name>.debug_info</name>
         <load_address>0x0</load_address>
         <run_address>0x0</run_address>
         <size>0x35f</size>
         <input_file_ref idref="fl-2"/>
      </object_component>
      <object_component id="oc-1d4">
         <name>.debug_info</name>
         <load_address>0x35f</load_address>
         <run_address>0x35f</run_address>
         <size>0xd2</size>
         <input_file_ref idref="fl-2"/>
      </object_component>
      <object_component id="oc-1d7">
         <name>.debug_info</name>
         <load_address>0x431</load_address>
         <run_address>0x431</run_address>
         <size>0xd0</size>
         <input_file_ref idref="fl-2"/>
      </object_component>
      <object_component id="oc-1da">
         <name>.debug_info</name>
         <load_address>0x501</load_address>
         <run_address>0x501</run_address>
         <size>0xd4</size>
         <input_file_ref idref="fl-2"/>
      </object_component>
      <object_component id="oc-1d1">
         <name>.debug_info</name>
         <load_address>0x5d5</load_address>
         <run_address>0x5d5</run_address>
         <size>0xd4</size>
         <input_file_ref idref="fl-2"/>
      </object_component>
      <object_component id="oc-e2">
         <name>.debug_info</name>
         <load_address>0x6a9</load_address>
         <run_address>0x6a9</run_address>
         <size>0x3f25</size>
         <input_file_ref idref="fl-2"/>
      </object_component>
      <object_component id="oc-15a">
         <name>.debug_info</name>
         <load_address>0x45ce</load_address>
         <run_address>0x45ce</run_address>
         <size>0x70</size>
         <input_file_ref idref="fl-2"/>
      </object_component>
      <object_component id="oc-115">
         <name>.debug_info</name>
         <load_address>0x463e</load_address>
         <run_address>0x463e</run_address>
         <size>0x53a</size>
         <input_file_ref idref="fl-2"/>
      </object_component>
      <object_component id="oc-35">
         <name>.debug_info</name>
         <load_address>0x4b78</load_address>
         <run_address>0x4b78</run_address>
         <size>0x84</size>
         <input_file_ref idref="fl-2"/>
      </object_component>
      <object_component id="oc-10b">
         <name>.debug_info</name>
         <load_address>0x4bfc</load_address>
         <run_address>0x4bfc</run_address>
         <size>0x94</size>
         <input_file_ref idref="fl-2"/>
      </object_component>
      <object_component id="oc-231">
         <name>.debug_info</name>
         <load_address>0x4c90</load_address>
         <run_address>0x4c90</run_address>
         <size>0x3d0</size>
         <input_file_ref idref="fl-3"/>
      </object_component>
      <object_component id="oc-106">
         <name>.debug_info</name>
         <load_address>0x5060</load_address>
         <run_address>0x5060</run_address>
         <size>0xfa</size>
         <input_file_ref idref="fl-3"/>
      </object_component>
      <object_component id="oc-176">
         <name>.debug_info</name>
         <load_address>0x515a</load_address>
         <run_address>0x515a</run_address>
         <size>0x37cd</size>
         <input_file_ref idref="fl-3"/>
      </object_component>
      <object_component id="oc-17b">
         <name>.debug_info</name>
         <load_address>0x8927</load_address>
         <run_address>0x8927</run_address>
         <size>0x1055</size>
         <input_file_ref idref="fl-3"/>
      </object_component>
      <object_component id="oc-110">
         <name>.debug_info</name>
         <load_address>0x997c</load_address>
         <run_address>0x997c</run_address>
         <size>0x18b</size>
         <input_file_ref idref="fl-3"/>
      </object_component>
      <object_component id="oc-ee">
         <name>.debug_info</name>
         <load_address>0x9b07</load_address>
         <run_address>0x9b07</run_address>
         <size>0x57f</size>
         <input_file_ref idref="fl-4"/>
      </object_component>
      <object_component id="oc-1e6">
         <name>.debug_info</name>
         <load_address>0xa086</load_address>
         <run_address>0xa086</run_address>
         <size>0xd1</size>
         <input_file_ref idref="fl-4"/>
      </object_component>
      <object_component id="oc-1e9">
         <name>.debug_info</name>
         <load_address>0xa157</load_address>
         <run_address>0xa157</run_address>
         <size>0xcf</size>
         <input_file_ref idref="fl-4"/>
      </object_component>
      <object_component id="oc-1e2">
         <name>.debug_info</name>
         <load_address>0xa226</load_address>
         <run_address>0xa226</run_address>
         <size>0xcf</size>
         <input_file_ref idref="fl-4"/>
      </object_component>
      <object_component id="oc-e8">
         <name>.debug_info</name>
         <load_address>0xa2f5</load_address>
         <run_address>0xa2f5</run_address>
         <size>0x178e</size>
         <input_file_ref idref="fl-4"/>
      </object_component>
      <object_component id="oc-d7">
         <name>.debug_info</name>
         <load_address>0xba83</load_address>
         <run_address>0xba83</run_address>
         <size>0xbb8</size>
         <input_file_ref idref="fl-5"/>
      </object_component>
      <object_component id="oc-d4">
         <name>.debug_info</name>
         <load_address>0xc63b</load_address>
         <run_address>0xc63b</run_address>
         <size>0x40f</size>
         <input_file_ref idref="fl-5"/>
      </object_component>
      <object_component id="oc-7c">
         <name>.debug_info</name>
         <load_address>0xca4a</load_address>
         <run_address>0xca4a</run_address>
         <size>0xbd6</size>
         <input_file_ref idref="fl-5"/>
      </object_component>
      <object_component id="oc-23f">
         <name>.debug_info</name>
         <load_address>0xd620</load_address>
         <run_address>0xd620</run_address>
         <size>0xc8</size>
         <input_file_ref idref="fl-5"/>
      </object_component>
      <object_component id="oc-180">
         <name>.debug_info</name>
         <load_address>0xd6e8</load_address>
         <run_address>0xd6e8</run_address>
         <size>0x6d</size>
         <input_file_ref idref="fl-5"/>
      </object_component>
      <object_component id="oc-159">
         <name>.debug_info</name>
         <load_address>0xd755</load_address>
         <run_address>0xd755</run_address>
         <size>0x3dc</size>
         <input_file_ref idref="fl-6"/>
      </object_component>
      <object_component id="oc-156">
         <name>.debug_info</name>
         <load_address>0xdb31</load_address>
         <run_address>0xdb31</run_address>
         <size>0xd4</size>
         <input_file_ref idref="fl-6"/>
      </object_component>
      <object_component id="oc-153">
         <name>.debug_info</name>
         <load_address>0xdc05</load_address>
         <run_address>0xdc05</run_address>
         <size>0x114</size>
         <input_file_ref idref="fl-6"/>
      </object_component>
      <object_component id="oc-c3">
         <name>.debug_info</name>
         <load_address>0xdd19</load_address>
         <run_address>0xdd19</run_address>
         <size>0xe97</size>
         <input_file_ref idref="fl-6"/>
      </object_component>
      <object_component id="oc-18c">
         <name>.debug_info</name>
         <load_address>0xebb0</load_address>
         <run_address>0xebb0</run_address>
         <size>0x5ce</size>
         <input_file_ref idref="fl-7"/>
      </object_component>
      <object_component id="oc-1c7">
         <name>.debug_info</name>
         <load_address>0xf17e</load_address>
         <run_address>0xf17e</run_address>
         <size>0xdc</size>
         <input_file_ref idref="fl-7"/>
      </object_component>
      <object_component id="oc-190">
         <name>.debug_info</name>
         <load_address>0xf25a</load_address>
         <run_address>0xf25a</run_address>
         <size>0xe6</size>
         <input_file_ref idref="fl-7"/>
      </object_component>
      <object_component id="oc-1c4">
         <name>.debug_info</name>
         <load_address>0xf340</load_address>
         <run_address>0xf340</run_address>
         <size>0xe5</size>
         <input_file_ref idref="fl-7"/>
      </object_component>
      <object_component id="oc-db">
         <name>.debug_info</name>
         <load_address>0xf425</load_address>
         <run_address>0xf425</run_address>
         <size>0x1a7e</size>
         <input_file_ref idref="fl-7"/>
      </object_component>
      <object_component id="oc-244">
         <name>.debug_info</name>
         <load_address>0x10ea3</load_address>
         <run_address>0x10ea3</run_address>
         <size>0xc7</size>
         <input_file_ref idref="fl-7"/>
      </object_component>
      <object_component id="oc-82">
         <name>.debug_info</name>
         <load_address>0x10f6a</load_address>
         <run_address>0x10f6a</run_address>
         <size>0x14c</size>
         <input_file_ref idref="fl-8"/>
      </object_component>
      <object_component id="oc-29">
         <name>.debug_info</name>
         <load_address>0x110b6</load_address>
         <run_address>0x110b6</run_address>
         <size>0xfd</size>
         <input_file_ref idref="fl-8"/>
      </object_component>
      <object_component id="oc-75">
         <name>.debug_info</name>
         <load_address>0x111b3</load_address>
         <run_address>0x111b3</run_address>
         <size>0x264</size>
         <input_file_ref idref="fl-8"/>
      </object_component>
      <object_component id="oc-14f">
         <name>.debug_info</name>
         <load_address>0x11417</load_address>
         <run_address>0x11417</run_address>
         <size>0xf6</size>
         <input_file_ref idref="fl-9"/>
      </object_component>
      <object_component id="oc-bd">
         <name>.debug_info</name>
         <load_address>0x1150d</load_address>
         <run_address>0x1150d</run_address>
         <size>0x268</size>
         <input_file_ref idref="fl-9"/>
      </object_component>
      <object_component id="oc-287">
         <name>.debug_info</name>
         <load_address>0x11775</load_address>
         <run_address>0x11775</run_address>
         <size>0x138</size>
         <input_file_ref idref="fl-a"/>
      </object_component>
      <object_component id="oc-282">
         <name>.debug_info</name>
         <load_address>0x118ad</load_address>
         <run_address>0x118ad</run_address>
         <size>0xe1</size>
         <input_file_ref idref="fl-a"/>
      </object_component>
      <object_component id="oc-27f">
         <name>.debug_info</name>
         <load_address>0x1198e</load_address>
         <run_address>0x1198e</run_address>
         <size>0xe2</size>
         <input_file_ref idref="fl-a"/>
      </object_component>
      <object_component id="oc-1cb">
         <name>.debug_info</name>
         <load_address>0x11a70</load_address>
         <run_address>0x11a70</run_address>
         <size>0x27e</size>
         <input_file_ref idref="fl-a"/>
      </object_component>
      <object_component id="oc-1ef">
         <name>.debug_info</name>
         <load_address>0x11cee</load_address>
         <run_address>0x11cee</run_address>
         <size>0x3fa</size>
         <input_file_ref idref="fl-10"/>
      </object_component>
      <object_component id="oc-f2">
         <name>.debug_info</name>
         <load_address>0x120e8</load_address>
         <run_address>0x120e8</run_address>
         <size>0x128</size>
         <input_file_ref idref="fl-10"/>
      </object_component>
      <object_component id="oc-f8">
         <name>.debug_info</name>
         <load_address>0x12210</load_address>
         <run_address>0x12210</run_address>
         <size>0x104</size>
         <input_file_ref idref="fl-10"/>
      </object_component>
      <object_component id="oc-fe">
         <name>.debug_info</name>
         <load_address>0x12314</load_address>
         <run_address>0x12314</run_address>
         <size>0x10a</size>
         <input_file_ref idref="fl-10"/>
      </object_component>
      <object_component id="oc-29b">
         <name>.debug_info</name>
         <load_address>0x1241e</load_address>
         <run_address>0x1241e</run_address>
         <size>0x103e</size>
         <input_file_ref idref="fl-10"/>
      </object_component>
      <object_component id="oc-24">
         <name>.debug_info</name>
         <load_address>0x1345c</load_address>
         <run_address>0x1345c</run_address>
         <size>0x160</size>
         <input_file_ref idref="fl-c8"/>
      </object_component>
      <object_component id="oc-8c">
         <name>.debug_info</name>
         <load_address>0x135bc</load_address>
         <run_address>0x135bc</run_address>
         <size>0xf9</size>
         <input_file_ref idref="fl-c9"/>
      </object_component>
      <object_component id="oc-13">
         <name>.debug_info</name>
         <load_address>0x136b5</load_address>
         <run_address>0x136b5</run_address>
         <size>0x245</size>
         <input_file_ref idref="fl-c9"/>
      </object_component>
      <object_component id="oc-30">
         <name>.debug_info</name>
         <load_address>0x138fa</load_address>
         <run_address>0x138fa</run_address>
         <size>0x60</size>
         <input_file_ref idref="fl-c9"/>
      </object_component>
      <object_component id="oc-87">
         <name>.debug_info</name>
         <load_address>0x1395a</load_address>
         <run_address>0x1395a</run_address>
         <size>0x46</size>
         <input_file_ref idref="fl-c9"/>
      </object_component>
      <object_component id="oc-45">
         <name>.debug_info</name>
         <load_address>0x139a0</load_address>
         <run_address>0x139a0</run_address>
         <size>0x140</size>
         <input_file_ref idref="fl-ca"/>
      </object_component>
      <object_component id="oc-17">
         <name>.debug_info</name>
         <load_address>0x13ae0</load_address>
         <run_address>0x13ae0</run_address>
         <size>0x1df</size>
         <input_file_ref idref="fl-ca"/>
      </object_component>
      <object_component id="oc-40">
         <name>.debug_info</name>
         <load_address>0x13cbf</load_address>
         <run_address>0x13cbf</run_address>
         <size>0x46</size>
         <input_file_ref idref="fl-ca"/>
      </object_component>
      <object_component id="oc-8e">
         <name>.debug_info</name>
         <load_address>0x13d05</load_address>
         <run_address>0x13d05</run_address>
         <size>0x2c</size>
         <input_file_ref idref="fl-ca"/>
      </object_component>
      <object_component id="oc-51">
         <name>.debug_info</name>
         <load_address>0x13d31</load_address>
         <run_address>0x13d31</run_address>
         <size>0x12f</size>
         <input_file_ref idref="fl-cb"/>
      </object_component>
      <object_component id="oc-1e">
         <name>.debug_info</name>
         <load_address>0x13e60</load_address>
         <run_address>0x13e60</run_address>
         <size>0x1aa</size>
         <input_file_ref idref="fl-cb"/>
      </object_component>
      <object_component id="oc-4c">
         <name>.debug_info</name>
         <load_address>0x1400a</load_address>
         <run_address>0x1400a</run_address>
         <size>0x46</size>
         <input_file_ref idref="fl-cb"/>
      </object_component>
      <object_component id="oc-96">
         <name>.debug_info</name>
         <load_address>0x14050</load_address>
         <run_address>0x14050</run_address>
         <size>0x2c</size>
         <input_file_ref idref="fl-cb"/>
      </object_component>
      <object_component id="oc-250">
         <name>.debug_info</name>
         <load_address>0x1407c</load_address>
         <run_address>0x1407c</run_address>
         <size>0x139</size>
         <input_file_ref idref="fl-cc"/>
      </object_component>
      <object_component id="oc-1a2">
         <name>.debug_info</name>
         <load_address>0x141b5</load_address>
         <run_address>0x141b5</run_address>
         <size>0xf7</size>
         <input_file_ref idref="fl-cc"/>
      </object_component>
      <object_component id="oc-239">
         <name>.debug_info</name>
         <load_address>0x142ac</load_address>
         <run_address>0x142ac</run_address>
         <size>0x184</size>
         <input_file_ref idref="fl-cc"/>
      </object_component>
      <object_component id="oc-2d0">
         <name>.debug_info</name>
         <load_address>0x14430</load_address>
         <run_address>0x14430</run_address>
         <size>0xae</size>
         <input_file_ref idref="fl-cc"/>
      </object_component>
      <object_component id="oc-b6">
         <name>.debug_info</name>
         <load_address>0x144de</load_address>
         <run_address>0x144de</run_address>
         <size>0x234</size>
         <input_file_ref idref="fl-cd"/>
      </object_component>
      <object_component id="oc-b0">
         <name>.debug_info</name>
         <load_address>0x14712</load_address>
         <run_address>0x14712</run_address>
         <size>0x185</size>
         <input_file_ref idref="fl-cd"/>
      </object_component>
      <object_component id="oc-6b">
         <name>.debug_info</name>
         <load_address>0x14897</load_address>
         <run_address>0x14897</run_address>
         <size>0x214</size>
         <input_file_ref idref="fl-cd"/>
      </object_component>
      <object_component id="oc-19a">
         <name>.debug_info</name>
         <load_address>0x14aab</load_address>
         <run_address>0x14aab</run_address>
         <size>0x132</size>
         <input_file_ref idref="fl-ce"/>
      </object_component>
      <object_component id="oc-19e">
         <name>.debug_info</name>
         <load_address>0x14bdd</load_address>
         <run_address>0x14bdd</run_address>
         <size>0x126</size>
         <input_file_ref idref="fl-cf"/>
      </object_component>
      <object_component id="oc-23c">
         <name>.debug_info</name>
         <load_address>0x14d03</load_address>
         <run_address>0x14d03</run_address>
         <size>0x1a2</size>
         <input_file_ref idref="fl-d0"/>
      </object_component>
      <object_component id="oc-187">
         <name>.debug_info</name>
         <load_address>0x14ea5</load_address>
         <run_address>0x14ea5</run_address>
         <size>0x25a</size>
         <input_file_ref idref="fl-d0"/>
      </object_component>
      <object_component id="oc-279">
         <name>.debug_info</name>
         <load_address>0x150ff</load_address>
         <run_address>0x150ff</run_address>
         <size>0x23c</size>
         <input_file_ref idref="fl-d1"/>
      </object_component>
      <object_component id="oc-1bd">
         <name>.debug_info</name>
         <load_address>0x1533b</load_address>
         <run_address>0x1533b</run_address>
         <size>0x455</size>
         <input_file_ref idref="fl-d1"/>
      </object_component>
      <object_component id="oc-11e">
         <name>.debug_info</name>
         <load_address>0x15790</load_address>
         <run_address>0x15790</run_address>
         <size>0x2c</size>
         <input_file_ref idref="fl-d1"/>
      </object_component>
      <object_component id="oc-26e">
         <name>.debug_info</name>
         <load_address>0x157bc</load_address>
         <run_address>0x157bc</run_address>
         <size>0x1de</size>
         <input_file_ref idref="fl-d2"/>
      </object_component>
      <object_component id="oc-1b1">
         <name>.debug_info</name>
         <load_address>0x1599a</load_address>
         <run_address>0x1599a</run_address>
         <size>0x23f</size>
         <input_file_ref idref="fl-d2"/>
      </object_component>
      <object_component id="oc-25f">
         <name>.debug_info</name>
         <load_address>0x15bd9</load_address>
         <run_address>0x15bd9</run_address>
         <size>0x1ea</size>
         <input_file_ref idref="fl-d3"/>
      </object_component>
      <object_component id="oc-1a5">
         <name>.debug_info</name>
         <load_address>0x15dc3</load_address>
         <run_address>0x15dc3</run_address>
         <size>0x29b</size>
         <input_file_ref idref="fl-d3"/>
      </object_component>
      <object_component id="oc-270">
         <name>.debug_info</name>
         <load_address>0x1605e</load_address>
         <run_address>0x1605e</run_address>
         <size>0x17f</size>
         <input_file_ref idref="fl-d4"/>
      </object_component>
      <object_component id="oc-1b7">
         <name>.debug_info</name>
         <load_address>0x161dd</load_address>
         <run_address>0x161dd</run_address>
         <size>0x1e1</size>
         <input_file_ref idref="fl-d4"/>
      </object_component>
      <object_component id="oc-221">
         <name>.debug_info</name>
         <load_address>0x163be</load_address>
         <run_address>0x163be</run_address>
         <size>0x2c</size>
         <input_file_ref idref="fl-d4"/>
      </object_component>
      <object_component id="oc-26c">
         <name>.debug_info</name>
         <load_address>0x163ea</load_address>
         <run_address>0x163ea</run_address>
         <size>0x220</size>
         <input_file_ref idref="fl-d5"/>
      </object_component>
      <object_component id="oc-1ab">
         <name>.debug_info</name>
         <load_address>0x1660a</load_address>
         <run_address>0x1660a</run_address>
         <size>0x33f</size>
         <input_file_ref idref="fl-d5"/>
      </object_component>
      <object_component id="oc-267">
         <name>.debug_info</name>
         <load_address>0x16949</load_address>
         <run_address>0x16949</run_address>
         <size>0xbb</size>
         <input_file_ref idref="fl-d5"/>
      </object_component>
      <object_component id="oc-194">
         <name>.debug_info</name>
         <load_address>0x16a04</load_address>
         <run_address>0x16a04</run_address>
         <size>0x124</size>
         <input_file_ref idref="fl-d6"/>
      </object_component>
      <object_component id="oc-2ca">
         <name>.debug_info</name>
         <load_address>0x16b28</load_address>
         <run_address>0x16b28</run_address>
         <size>0x4a0</size>
         <input_file_ref idref="fl-d7"/>
      </object_component>
      <object_component id="oc-2c7">
         <name>.debug_info</name>
         <load_address>0x16fc8</load_address>
         <run_address>0x16fc8</run_address>
         <size>0x116</size>
         <input_file_ref idref="fl-d7"/>
      </object_component>
      <object_component id="oc-234">
         <name>.debug_info</name>
         <load_address>0x170de</load_address>
         <run_address>0x170de</run_address>
         <size>0xb0b</size>
         <input_file_ref idref="fl-d7"/>
      </object_component>
      <object_component id="oc-30e">
         <name>.debug_info</name>
         <load_address>0x17be9</load_address>
         <run_address>0x17be9</run_address>
         <size>0x120</size>
         <input_file_ref idref="fl-d7"/>
      </object_component>
      <object_component id="oc-2ad">
         <name>.debug_info</name>
         <load_address>0x17d09</load_address>
         <run_address>0x17d09</run_address>
         <size>0x2c</size>
         <input_file_ref idref="fl-d7"/>
      </object_component>
      <object_component id="oc-2e4">
         <name>.debug_info</name>
         <load_address>0x17d35</load_address>
         <run_address>0x17d35</run_address>
         <size>0x100</size>
         <input_file_ref idref="fl-d8"/>
      </object_component>
      <object_component id="oc-264">
         <name>.debug_info</name>
         <load_address>0x17e35</load_address>
         <run_address>0x17e35</run_address>
         <size>0x242</size>
         <input_file_ref idref="fl-d8"/>
      </object_component>
      <object_component id="oc-3d">
         <name>.debug_info</name>
         <load_address>0x18077</load_address>
         <run_address>0x18077</run_address>
         <size>0x111</size>
         <input_file_ref idref="fl-d9"/>
      </object_component>
      <object_component id="oc-48">
         <name>.debug_info</name>
         <load_address>0x18188</load_address>
         <run_address>0x18188</run_address>
         <size>0x13f</size>
         <input_file_ref idref="fl-da"/>
      </object_component>
      <object_component id="oc-53">
         <name>.debug_info</name>
         <load_address>0x182c7</load_address>
         <run_address>0x182c7</run_address>
         <size>0x138</size>
         <input_file_ref idref="fl-db"/>
      </object_component>
      <object_component id="oc-59">
         <name>.debug_info</name>
         <load_address>0x183ff</load_address>
         <run_address>0x183ff</run_address>
         <size>0x148</size>
         <input_file_ref idref="fl-dc"/>
      </object_component>
      <object_component id="oc-170">
         <name>.debug_info</name>
         <load_address>0x18547</load_address>
         <run_address>0x18547</run_address>
         <size>0x115</size>
         <input_file_ref idref="fl-dd"/>
      </object_component>
      <object_component id="oc-16d">
         <name>.debug_info</name>
         <load_address>0x1865c</load_address>
         <run_address>0x1865c</run_address>
         <size>0xf0</size>
         <input_file_ref idref="fl-dd"/>
      </object_component>
      <object_component id="oc-cf">
         <name>.debug_info</name>
         <load_address>0x1874c</load_address>
         <run_address>0x1874c</run_address>
         <size>0x1a4</size>
         <input_file_ref idref="fl-dd"/>
      </object_component>
      <object_component id="oc-71">
         <name>.debug_info</name>
         <load_address>0x188f0</load_address>
         <run_address>0x188f0</run_address>
         <size>0x109</size>
         <input_file_ref idref="fl-de"/>
      </object_component>
      <object_component id="oc-307">
         <name>.debug_info</name>
         <load_address>0x189f9</load_address>
         <run_address>0x189f9</run_address>
         <size>0xf5</size>
         <input_file_ref idref="fl-df"/>
      </object_component>
      <object_component id="oc-2bd">
         <name>.debug_info</name>
         <load_address>0x18aee</load_address>
         <run_address>0x18aee</run_address>
         <size>0x244</size>
         <input_file_ref idref="fl-df"/>
      </object_component>
      <object_component id="oc-305">
         <name>.debug_info</name>
         <load_address>0x18d32</load_address>
         <run_address>0x18d32</run_address>
         <size>0xe5</size>
         <input_file_ref idref="fl-e0"/>
      </object_component>
      <object_component id="oc-2b5">
         <name>.debug_info</name>
         <load_address>0x18e17</load_address>
         <run_address>0x18e17</run_address>
         <size>0x258</size>
         <input_file_ref idref="fl-e0"/>
      </object_component>
      <object_component id="oc-309">
         <name>.debug_info</name>
         <load_address>0x1906f</load_address>
         <run_address>0x1906f</run_address>
         <size>0xf6</size>
         <input_file_ref idref="fl-e1"/>
      </object_component>
      <object_component id="oc-2c2">
         <name>.debug_info</name>
         <load_address>0x19165</load_address>
         <run_address>0x19165</run_address>
         <size>0x259</size>
         <input_file_ref idref="fl-e1"/>
      </object_component>
      <object_component id="oc-16b">
         <name>.debug_info</name>
         <load_address>0x193be</load_address>
         <run_address>0x193be</run_address>
         <size>0xff</size>
         <input_file_ref idref="fl-e2"/>
      </object_component>
      <object_component id="oc-c8">
         <name>.debug_info</name>
         <load_address>0x194bd</load_address>
         <run_address>0x194bd</run_address>
         <size>0x176</size>
         <input_file_ref idref="fl-e2"/>
      </object_component>
      <object_component id="oc-166">
         <name>.debug_info</name>
         <load_address>0x19633</load_address>
         <run_address>0x19633</run_address>
         <size>0x39</size>
         <input_file_ref idref="fl-e2"/>
      </object_component>
      <object_component id="oc-220">
         <name>.debug_info</name>
         <load_address>0x1966c</load_address>
         <run_address>0x1966c</run_address>
         <size>0x24f</size>
         <input_file_ref idref="fl-e3"/>
      </object_component>
      <object_component id="oc-21d">
         <name>.debug_info</name>
         <load_address>0x198bb</load_address>
         <run_address>0x198bb</run_address>
         <size>0xf8</size>
         <input_file_ref idref="fl-e3"/>
      </object_component>
      <object_component id="oc-163">
         <name>.debug_info</name>
         <load_address>0x199b3</load_address>
         <run_address>0x199b3</run_address>
         <size>0xab9</size>
         <input_file_ref idref="fl-e3"/>
      </object_component>
      <object_component id="oc-226">
         <name>.debug_info</name>
         <load_address>0x1a46c</load_address>
         <run_address>0x1a46c</run_address>
         <size>0x53</size>
         <input_file_ref idref="fl-e3"/>
      </object_component>
      <object_component id="oc-2a4">
         <name>.debug_info</name>
         <load_address>0x1a4bf</load_address>
         <run_address>0x1a4bf</run_address>
         <size>0x116</size>
         <input_file_ref idref="fl-e4"/>
      </object_component>
      <object_component id="oc-2a1">
         <name>.debug_info</name>
         <load_address>0x1a5d5</load_address>
         <run_address>0x1a5d5</run_address>
         <size>0xfd</size>
         <input_file_ref idref="fl-e4"/>
      </object_component>
      <object_component id="oc-20d">
         <name>.debug_info</name>
         <load_address>0x1a6d2</load_address>
         <run_address>0x1a6d2</run_address>
         <size>0x281</size>
         <input_file_ref idref="fl-e4"/>
      </object_component>
      <object_component id="oc-2e0">
         <name>.debug_info</name>
         <load_address>0x1a953</load_address>
         <run_address>0x1a953</run_address>
         <size>0x1cb</size>
         <input_file_ref idref="fl-e5"/>
      </object_component>
      <object_component id="oc-25c">
         <name>.debug_info</name>
         <load_address>0x1ab1e</load_address>
         <run_address>0x1ab1e</run_address>
         <size>0x1d7</size>
         <input_file_ref idref="fl-e5"/>
      </object_component>
      <object_component id="oc-2de">
         <name>.debug_info</name>
         <load_address>0x1acf5</load_address>
         <run_address>0x1acf5</run_address>
         <size>0x151</size>
         <input_file_ref idref="fl-e6"/>
      </object_component>
      <object_component id="oc-254">
         <name>.debug_info</name>
         <load_address>0x1ae46</load_address>
         <run_address>0x1ae46</run_address>
         <size>0x230</size>
         <input_file_ref idref="fl-e6"/>
      </object_component>
      <object_component id="oc-14a">
         <name>.debug_info</name>
         <load_address>0x1b076</load_address>
         <run_address>0x1b076</run_address>
         <size>0x124</size>
         <input_file_ref idref="fl-e7"/>
      </object_component>
      <object_component id="oc-b3">
         <name>.debug_info</name>
         <load_address>0x1b19a</load_address>
         <run_address>0x1b19a</run_address>
         <size>0x113</size>
         <input_file_ref idref="fl-e7"/>
      </object_component>
      <object_component id="oc-143">
         <name>.debug_info</name>
         <load_address>0x1b2ad</load_address>
         <run_address>0x1b2ad</run_address>
         <size>0x21f</size>
         <input_file_ref idref="fl-e7"/>
      </object_component>
      <object_component id="oc-ae">
         <name>.debug_info</name>
         <load_address>0x1b4cc</load_address>
         <run_address>0x1b4cc</run_address>
         <size>0x166</size>
         <input_file_ref idref="fl-e8"/>
      </object_component>
      <object_component id="oc-66">
         <name>.debug_info</name>
         <load_address>0x1b632</load_address>
         <run_address>0x1b632</run_address>
         <size>0x167</size>
         <input_file_ref idref="fl-e8"/>
      </object_component>
      <object_component id="oc-13b">
         <name>.debug_info</name>
         <load_address>0x1b799</load_address>
         <run_address>0x1b799</run_address>
         <size>0x5e</size>
         <input_file_ref idref="fl-e8"/>
      </object_component>
      <object_component id="oc-ac">
         <name>.debug_info</name>
         <load_address>0x1b7f7</load_address>
         <run_address>0x1b7f7</run_address>
         <size>0x2e9</size>
         <input_file_ref idref="fl-e9"/>
      </object_component>
      <object_component id="oc-5f">
         <name>.debug_info</name>
         <load_address>0x1bae0</load_address>
         <run_address>0x1bae0</run_address>
         <size>0x190</size>
         <input_file_ref idref="fl-e9"/>
      </object_component>
      <object_component id="oc-12f">
         <name>.debug_info</name>
         <load_address>0x1bc70</load_address>
         <run_address>0x1bc70</run_address>
         <size>0x39</size>
         <input_file_ref idref="fl-e9"/>
      </object_component>
      <object_component id="oc-1fa">
         <name>.debug_info</name>
         <load_address>0x1bca9</load_address>
         <run_address>0x1bca9</run_address>
         <size>0x39</size>
         <input_file_ref idref="fl-e9"/>
      </object_component>
      <object_component id="oc-134">
         <name>.debug_info</name>
         <load_address>0x1bce2</load_address>
         <run_address>0x1bce2</run_address>
         <size>0xcd</size>
         <input_file_ref idref="fl-e9"/>
      </object_component>
      <object_component id="oc-12b">
         <name>.debug_info</name>
         <load_address>0x1bdaf</load_address>
         <run_address>0x1bdaf</run_address>
         <size>0x1e0</size>
         <input_file_ref idref="fl-ea"/>
      </object_component>
      <object_component id="oc-a1">
         <name>.debug_info</name>
         <load_address>0x1bf8f</load_address>
         <run_address>0x1bf8f</run_address>
         <size>0x183</size>
         <input_file_ref idref="fl-ea"/>
      </object_component>
      <object_component id="oc-1f5">
         <name>.debug_info</name>
         <load_address>0x1c112</load_address>
         <run_address>0x1c112</run_address>
         <size>0x2c</size>
         <input_file_ref idref="fl-ea"/>
      </object_component>
      <object_component id="oc-2f3">
         <name>.debug_info</name>
         <load_address>0x1c13e</load_address>
         <run_address>0x1c13e</run_address>
         <size>0x200</size>
         <input_file_ref idref="fl-eb"/>
      </object_component>
      <object_component id="oc-273">
         <name>.debug_info</name>
         <load_address>0x1c33e</load_address>
         <run_address>0x1c33e</run_address>
         <size>0x298</size>
         <input_file_ref idref="fl-eb"/>
      </object_component>
      <object_component id="oc-85">
         <name>.debug_info</name>
         <load_address>0x1c5d6</load_address>
         <run_address>0x1c5d6</run_address>
         <size>0x222</size>
         <input_file_ref idref="fl-ec"/>
      </object_component>
      <object_component id="oc-2d">
         <name>.debug_info</name>
         <load_address>0x1c7f8</load_address>
         <run_address>0x1c7f8</run_address>
         <size>0x101</size>
         <input_file_ref idref="fl-ec"/>
      </object_component>
      <object_component id="oc-31c">
         <name>.debug_info</name>
         <load_address>0x1c8f9</load_address>
         <run_address>0x1c8f9</run_address>
         <size>0x14c</size>
         <input_file_ref idref="fl-ec"/>
      </object_component>
      <object_component id="oc-2ec">
         <name>.debug_info</name>
         <load_address>0x1ca45</load_address>
         <run_address>0x1ca45</run_address>
         <size>0x885</size>
         <input_file_ref idref="fl-ec"/>
      </object_component>
      <object_component id="oc-123">
         <name>.debug_info</name>
         <load_address>0x1d2ca</load_address>
         <run_address>0x1d2ca</run_address>
         <size>0x62</size>
         <input_file_ref idref="fl-ec"/>
      </object_component>
      <object_component id="oc-314">
         <name>.debug_info</name>
         <load_address>0x1d32c</load_address>
         <run_address>0x1d32c</run_address>
         <size>0x1c0</size>
         <input_file_ref idref="fl-ee"/>
      </object_component>
      <object_component id="oc-2da">
         <name>.debug_info</name>
         <load_address>0x1d4ec</load_address>
         <run_address>0x1d4ec</run_address>
         <size>0x200</size>
         <input_file_ref idref="fl-ee"/>
      </object_component>
      <object_component id="oc-a9">
         <name>.debug_info</name>
         <load_address>0x1d6ec</load_address>
         <run_address>0x1d6ec</run_address>
         <size>0x145</size>
         <input_file_ref idref="fl-ef"/>
      </object_component>
      <object_component id="oc-2a8">
         <name>.debug_info</name>
         <load_address>0x1d831</load_address>
         <run_address>0x1d831</run_address>
         <size>0xf0</size>
         <input_file_ref idref="fl-f0"/>
      </object_component>
      <object_component id="oc-217">
         <name>.debug_info</name>
         <load_address>0x1d921</load_address>
         <run_address>0x1d921</run_address>
         <size>0x231</size>
         <input_file_ref idref="fl-f0"/>
      </object_component>
      <object_component id="oc-2a6">
         <name>.debug_info</name>
         <load_address>0x1db52</load_address>
         <run_address>0x1db52</run_address>
         <size>0xea</size>
         <input_file_ref idref="fl-f1"/>
      </object_component>
      <object_component id="oc-211">
         <name>.debug_info</name>
         <load_address>0x1dc3c</load_address>
         <run_address>0x1dc3c</run_address>
         <size>0x22a</size>
         <input_file_ref idref="fl-f1"/>
      </object_component>
      <object_component id="oc-351">
         <name>.debug_info</name>
         <load_address>0x1de66</load_address>
         <run_address>0x1de66</run_address>
         <size>0xac</size>
      </object_component>
      <object_component id="oc-291">
         <name>.debug_line</name>
         <load_address>0x0</load_address>
         <run_address>0x0</run_address>
         <size>0x45</size>
         <input_file_ref idref="fl-2"/>
      </object_component>
      <object_component id="oc-28b">
         <name>.debug_line</name>
         <load_address>0x45</load_address>
         <run_address>0x45</run_address>
         <size>0x2b</size>
         <input_file_ref idref="fl-2"/>
      </object_component>
      <object_component id="oc-28d">
         <name>.debug_line</name>
         <load_address>0x70</load_address>
         <run_address>0x70</run_address>
         <size>0x2b</size>
         <input_file_ref idref="fl-2"/>
      </object_component>
      <object_component id="oc-28f">
         <name>.debug_line</name>
         <load_address>0x9b</load_address>
         <run_address>0x9b</run_address>
         <size>0x2b</size>
         <input_file_ref idref="fl-2"/>
      </object_component>
      <object_component id="oc-289">
         <name>.debug_line</name>
         <load_address>0xc6</load_address>
         <run_address>0xc6</run_address>
         <size>0x2b</size>
         <input_file_ref idref="fl-2"/>
      </object_component>
      <object_component id="oc-e5">
         <name>.debug_line</name>
         <load_address>0xf1</load_address>
         <run_address>0xf1</run_address>
         <size>0x1f01</size>
         <input_file_ref idref="fl-2"/>
      </object_component>
      <object_component id="oc-15d">
         <name>.debug_line</name>
         <load_address>0x1ff2</load_address>
         <run_address>0x1ff2</run_address>
         <size>0x2f</size>
         <input_file_ref idref="fl-2"/>
      </object_component>
      <object_component id="oc-118">
         <name>.debug_line</name>
         <load_address>0x2021</load_address>
         <run_address>0x2021</run_address>
         <size>0x2b</size>
         <input_file_ref idref="fl-2"/>
      </object_component>
      <object_component id="oc-38">
         <name>.debug_line</name>
         <load_address>0x204c</load_address>
         <run_address>0x204c</run_address>
         <size>0x20</size>
         <input_file_ref idref="fl-2"/>
      </object_component>
      <object_component id="oc-10e">
         <name>.debug_line</name>
         <load_address>0x206c</load_address>
         <run_address>0x206c</run_address>
         <size>0x30</size>
         <input_file_ref idref="fl-2"/>
      </object_component>
[...]
      </symbol>
      <symbol id="sm-6c5">
         <name>spiinit</name>
         <value>0x15e1f</value>
         <object_component_ref idref="oc-da"/>
      </symbol>
      <symbol id="sm-6c6">
         <name>ReadVS10xxMem32Counter</name>
         <value>0x1607b</value>
         <object_component_ref idref="oc-da"/>
      </symbol>
      <symbol id="sm-6c7">
         <name>WriteVS10xxMem32</name>
         <value>0x1613d</value>
         <object_component_ref idref="oc-da"/>
      </symbol>
      <symbol id="sm-6c8">
         <name>GetUICommand</name>
         <value>0x16079</value>
         <object_component_ref idref="oc-da"/>
      </symbol>
      <symbol id="sm-6c9">
         <name>audioFormat</name>
         <value>0x200019e0</value>
         <object_component_ref idref="oc-18f"/>
      </symbol>
      <symbol id="sm-6ca">
         <name>WriteSpiByteSDI</name>
         <value>0x15eb7</value>
         <object_component_ref idref="oc-da"/>
      </symbol>
      <symbol id="sm-6cb">
         <name>WriteSpiByte</name>
         <value>0x15ee5</value>
         <object_component_ref idref="oc-da"/>
      </symbol>
      <symbol id="sm-6cc">
         <name>VS1063PlayFile</name>
         <value>0x1624d</value>
         <object_component_ref idref="oc-da"/>
      </symbol>
      <symbol id="sm-6cd">
         <name>WriteSci</name>
         <value>0x15fd5</value>
         <object_component_ref idref="oc-da"/>
      </symbol>
      <symbol id="sm-6ce">
         <name>chipNumber</name>
         <value>0x12446</value>
         <object_component_ref idref="oc-1c3"/>
      </symbol>
      <symbol id="sm-6cf">
         <name>ReadSci</name>
         <value>0x15f4b</value>
         <object_component_ref idref="oc-da"/>
      </symbol>
      <symbol id="sm-6d0">
         <name>SaveUIState</name>
         <value>0x16075</value>
         <object_component_ref idref="oc-da"/>
      </symbol>
      <symbol id="sm-6d1">
         <name>WriteSdi</name>
         <value>0x16029</value>
         <object_component_ref idref="oc-da"/>
      </symbol>
      <symbol id="sm-6ed">
         <name>defaultISR</name>
         <value>0x1ab01</value>
         <object_component_ref idref="oc-74"/>
      </symbol>
      <symbol id="sm-6ee">
         <name>interruptVectors</name>
         <value>0x0</value>
         <object_component_ref idref="oc-28"/>
      </symbol>
      <symbol id="sm-735">
         <name>SystemInit</name>
         <value>0x193e9</value>
         <object_component_ref idref="oc-ba"/>
      </symbol>
      <symbol id="sm-736">
         <name>SystemCoreClockUpdate</name>
         <value>0x19175</value>
         <object_component_ref idref="oc-ba"/>
      </symbol>
      <symbol id="sm-737">
         <name>SystemCoreClock</name>
         <value>0x20001a4c</value>
         <object_component_ref idref="oc-14e"/>
      </symbol>
      <symbol id="sm-76b">
         <name>ff_convert</name>
         <value>0x19dfd</value>
         <object_component_ref idref="oc-1ca"/>
      </symbol>
      <symbol id="sm-76c">
         <name>ff_wtoupper</name>
         <value>0x19ea7</value>
         <object_component_ref idref="oc-1ca"/>
      </symbol>
      <symbol id="sm-794">
         <name>SysTick_setPeriod</name>
         <value>0x1ab21</value>
         <object_component_ref idref="oc-f1"/>
      </symbol>
      <symbol id="sm-795">
         <name>SysTick_enableInterrupt</name>
         <value>0x1aa8d</value>
         <object_component_ref idref="oc-fd"/>
      </symbol>
      <symbol id="sm-796">
         <name>SysTick_enableModule</name>
         <value>0x1aaa1</value>
         <object_component_ref idref="oc-f7"/>
      </symbol>
      <symbol id="sm-7a9">
         <name>_c_int00</name>
         <value>0x1a839</value>
         <object_component_ref idref="oc-22"/>
      </symbol>
      <symbol id="sm-7aa">
         <name>__stack</name>
         <value>0x2000fe00</value>
         <object_component_ref idref="oc-2b"/>
      </symbol>
      <symbol id="sm-7c8">
         <name>__TI_decompress_lzss</name>
         <value>0x1a705</value>
         <object_component_ref idref="oc-10"/>
      </symbol>
      <symbol id="sm-7df">
         <name>__TI_decompress_none</name>
         <value>0x1ab03</value>
         <object_component_ref idref="oc-16"/>
      </symbol>
      <symbol id="sm-7f6">
         <name>__TI_zero_init</name>
         <value>0x1ab2d</value>
         <object_component_ref idref="oc-1c"/>
      </symbol>
      <symbol id="sm-810">
         <name>__TI_tmpnams</name>
         <value>0x20000da8</value>
      </symbol>
      <symbol id="sm-811">
         <name>__aeabi_stdout</name>
         <value>0x200019fc</value>
         <object_component_ref idref="oc-238"/>
      </symbol>
      <symbol id="sm-812">
         <name>__aeabi_stderr</name>
         <value>0x20001a00</value>
         <object_component_ref idref="oc-238"/>
      </symbol>
      <symbol id="sm-813">
         <name>__aeabi_stdin</name>
         <value>0x200019f8</value>
         <object_component_ref idref="oc-238"/>
      </symbol>
      <symbol id="sm-814">
         <name>_ftable</name>
         <value>0x200017c0</value>
         <object_component_ref idref="oc-1a1"/>
      </symbol>
      <symbol id="sm-815">
         <name>__TI_ft_end</name>
         <value>0x200019f4</value>
         <object_component_ref idref="oc-238"/>
      </symbol>
      <symbol id="sm-836">
         <name>C$$EXIT</name>
         <value>0x1a88d</value>
         <object_component_ref idref="oc-6a"/>
      </symbol>
      <symbol id="sm-837">
         <name>abort</name>
         <value>0x1a891</value>
         <object_component_ref idref="oc-6a"/>
      </symbol>
      <symbol id="sm-838">
         <name>exit</name>
         <value>0x1a899</value>
         <object_component_ref idref="oc-6a"/>
      </symbol>
      <symbol id="sm-839">
         <name>__TI_dtors_ptr</name>
         <value>0x20001a08</value>
         <object_component_ref idref="oc-af"/>
      </symbol>
      <symbol id="sm-83a">
         <name>__TI_cleanup_ptr</name>
         <value>0x20001a04</value>
         <object_component_ref idref="oc-af"/>
      </symbol>
      <symbol id="sm-83b">
         <name>__TI_enable_exit_profile_output</name>
         <value>0x20001a0c</value>
         <object_component_ref idref="oc-af"/>
      </symbol>
      <symbol id="sm-846">
         <name>__aeabi_dmul</name>
         <value>0x19f01</value>
         <object_component_ref idref="oc-197"/>
      </symbol>
      <symbol id="sm-850">
         <name>__aeabi_d2iz</name>
         <value>0x1a979</value>
         <object_component_ref idref="oc-19c"/>
      </symbol>
      <symbol id="sm-86a">
         <name>__TI_doflush</name>
         <value>0x1a1c5</value>
         <object_component_ref idref="oc-185"/>
      </symbol>
      <symbol id="sm-86b">
         <name>fflush</name>
         <value>0x1a211</value>
         <object_component_ref idref="oc-185"/>
      </symbol>
      <symbol id="sm-8a2">
         <name>__TI_cleanup</name>
         <value>0x19b95</value>
         <object_component_ref idref="oc-1bc"/>
      </symbol>
      <symbol id="sm-8a3">
         <name>freopen</name>
         <value>0x19bc1</value>
         <object_component_ref idref="oc-1bc"/>
      </symbol>
      <symbol id="sm-8a4">
         <name>fopen</name>
         <value>0x19beb</value>
         <object_component_ref idref="oc-1bc"/>
      </symbol>
      <symbol id="sm-8bb">
         <name>putc</name>
         <value>0x1a50d</value>
         <object_component_ref idref="oc-1b0"/>
      </symbol>
      <symbol id="sm-8bc">
         <name>fputc</name>
         <value>0x1a50d</value>
         <object_component_ref idref="oc-1b0"/>
      </symbol>
      <symbol id="sm-8bd">
         <name>putchar</name>
         <value>0x1a591</value>
         <object_component_ref idref="oc-1b0"/>
      </symbol>
      <symbol id="sm-8d9">
         <name>fread</name>
         <value>0x19ffd</value>
         <object_component_ref idref="oc-1a4"/>
      </symbol>
      <symbol id="sm-8f0">
         <name>fseek</name>
         <value>0x1a7d5</value>
         <object_component_ref idref="oc-1b6"/>
      </symbol>
      <symbol id="sm-919">
         <name>fwrite</name>
         <value>0x19c91</value>
         <object_component_ref idref="oc-1aa"/>
      </symbol>
      <symbol id="sm-923">
         <name>__aeabi_i2d</name>
         <value>0x1a9f7</value>
         <object_component_ref idref="oc-192"/>
      </symbol>
      <symbol id="sm-971">
         <name>open</name>
         <value>0x198ff</value>
         <object_component_ref idref="oc-232"/>
      </symbol>
      <symbol id="sm-972">
         <name>add_device</name>
         <value>0x19a21</value>
         <object_component_ref idref="oc-232"/>
      </symbol>
      <symbol id="sm-973">
         <name>remove_device</name>
         <value>0x198b3</value>
         <object_component_ref idref="oc-232"/>
      </symbol>
      <symbol id="sm-974">
         <name>lseek</name>
         <value>0x199ad</value>
         <object_component_ref idref="oc-232"/>
      </symbol>
      <symbol id="sm-975">
         <name>read</name>
         <value>0x198db</value>
         <object_component_ref idref="oc-232"/>
      </symbol>
      <symbol id="sm-976">
         <name>rename</name>
         <value>0x19875</value>
         <object_component_ref idref="oc-232"/>
      </symbol>
      <symbol id="sm-977">
         <name>write</name>
         <value>0x197c1</value>
         <object_component_ref idref="oc-232"/>
      </symbol>
      <symbol id="sm-978">
         <name>close</name>
         <value>0x199d1</value>
         <object_component_ref idref="oc-232"/>
      </symbol>
      <symbol id="sm-979">
         <name>unlink</name>
         <value>0x19851</value>
         <object_component_ref idref="oc-232"/>
      </symbol>
      <symbol id="sm-989">
         <name>memchr</name>
         <value>0x1aa25</value>
         <object_component_ref idref="oc-260"/>
      </symbol>
      <symbol id="sm-9a4">
         <name>memcpy</name>
         <value>0x1a3d9</value>
         <object_component_ref idref="oc-3a"/>
      </symbol>
      <symbol id="sm-9a5">
         <name>__aeabi_memcpy</name>
         <value>0x1a3d9</value>
         <object_component_ref idref="oc-3a"/>
      </symbol>
      <symbol id="sm-9a6">
         <name>__aeabi_memcpy8</name>
         <value>0x1a3d9</value>
         <object_component_ref idref="oc-3a"/>
      </symbol>
      <symbol id="sm-9a7">
         <name>__aeabi_memcpy4</name>
         <value>0x1a3d9</value>
         <object_component_ref idref="oc-3a"/>
      </symbol>
      <symbol id="sm-9b6">
         <name>__aeabi_memset</name>
         <value>0x1a5a7</value>
         <object_component_ref idref="oc-46"/>
      </symbol>
      <symbol id="sm-9b7">
         <name>memset</name>
         <value>0x1a5ad</value>
         <object_component_ref idref="oc-46"/>
      </symbol>
      <symbol id="sm-9b8">
         <name>__aeabi_memset8</name>
         <value>0x1a5a7</value>
         <object_component_ref idref="oc-46"/>
      </symbol>
      <symbol id="sm-9b9">
         <name>__aeabi_memset4</name>
         <value>0x1a5a7</value>
         <object_component_ref idref="oc-46"/>
      </symbol>
      <symbol id="sm-9ba">
         <name>__aeabi_memclr8</name>
         <value>0x1a5a5</value>
         <object_component_ref idref="oc-46"/>
      </symbol>
      <symbol id="sm-9bb">
         <name>__aeabi_memclr4</name>
         <value>0x1a5a5</value>
         <object_component_ref idref="oc-46"/>
      </symbol>
      <symbol id="sm-9bc">
         <name>__aeabi_memclr</name>
         <value>0x1a5a5</value>
         <object_component_ref idref="oc-46"/>
      </symbol>
      <symbol id="sm-9c6">
         <name>__mpu_init</name>
         <value>0x1a61f</value>
         <object_component_ref idref="oc-52"/>
      </symbol>
      <symbol id="sm-9d0">
         <name>_system_pre_init</name>
         <value>0x1ab39</value>
         <object_component_ref idref="oc-58"/>
      </symbol>
      <symbol id="sm-9ea">
         <name>rand</name>
         <value>0x1a943</value>
         <object_component_ref idref="oc-cd"/>
      </symbol>
      <symbol id="sm-9eb">
         <name>srand</name>
         <value>0x1a92d</value>
         <object_component_ref idref="oc-cd"/>
      </symbol>
      <symbol id="sm-9f3">
         <name>main_func_sp</name>
         <value>0x20001a48</value>
         <object_component_ref idref="oc-70"/>
      </symbol>
      <symbol id="sm-a03">
         <name>strchr</name>
         <value>0x1aa75</value>
         <object_component_ref idref="oc-2ba"/>
      </symbol>
      <symbol id="sm-a12">
         <name>strcmp</name>
         <value>0x1aa5d</value>
         <object_component_ref idref="oc-2b4"/>
      </symbol>
      <symbol id="sm-a22">
         <name>strncpy</name>
         <value>0x1a9c1</value>
         <object_component_ref idref="oc-2c0"/>
      </symbol>
      <symbol id="sm-a35">
         <name>__time32</name>
         <value>0x1ab11</value>
         <object_component_ref idref="oc-c7"/>
      </symbol>
      <symbol id="sm-a36">
         <name>time</name>
         <value>0x1ab11</value>
         <object_component_ref idref="oc-c7"/>
      </symbol>
      <symbol id="sm-a5d">
         <name>HOSTgetenv</name>
         <value>0x19701</value>
         <object_component_ref idref="oc-15f"/>
      </symbol>
      <symbol id="sm-a5e">
         <name>HOSTrename</name>
         <value>0x195a9</value>
         <object_component_ref idref="oc-15f"/>
      </symbol>
      <symbol id="sm-a5f">
         <name>HOSTclose</name>
         <value>0x1973f</value>
         <object_component_ref idref="oc-15f"/>
      </symbol>
      <symbol id="sm-a60">
         <name>HOSTtime64</name>
         <value>0x19521</value>
         <object_component_ref idref="oc-15f"/>
      </symbol>
      <symbol id="sm-a61">
         <name>HOSTunlink</name>
         <value>0x194e9</value>
         <object_component_ref idref="oc-15f"/>
      </symbol>
      <symbol id="sm-a62">
         <name>HOSTlseek</name>
         <value>0x196a5</value>
         <object_component_ref idref="oc-15f"/>
      </symbol>
      <symbol id="sm-a63">
         <name>HOSTopen</name>
         <value>0x19653</value>
         <object_component_ref idref="oc-15f"/>
      </symbol>
      <symbol id="sm-a64">
         <name>HOSTclock</name>
         <value>0x19777</value>
         <object_component_ref idref="oc-15f"/>
      </symbol>
      <symbol id="sm-a65">
         <name>HOSTwrite</name>
         <value>0x1949d</value>
         <object_component_ref idref="oc-15f"/>
      </symbol>
      <symbol id="sm-a66">
         <name>HOSTread</name>
         <value>0x19607</value>
         <object_component_ref idref="oc-15f"/>
      </symbol>
      <symbol id="sm-a67">
         <name>HOSTtime</name>
         <value>0x1956f</value>
         <object_component_ref idref="oc-15f"/>
      </symbol>
      <symbol id="sm-a82">
         <name>__TI_readmsg</name>
         <value>0x1a79f</value>
         <object_component_ref idref="oc-20a"/>
      </symbol>
      <symbol id="sm-a83">
         <name>C$$IO$$</name>
         <value>0x1a79b</value>
         <object_component_ref idref="oc-20a"/>
      </symbol>
      <symbol id="sm-a84">
         <name>__CIOBUF_</name>
         <value>0x20000c88</value>
         <object_component_ref idref="oc-2a0"/>
      </symbol>
      <symbol id="sm-a85">
         <name>__TI_writemsg</name>
         <value>0x1a76d</value>
         <object_component_ref idref="oc-20a"/>
      </symbol>
      <symbol id="sm-a9e">
         <name>__TI_buff_read</name>
         <value>0x1a339</value>
         <object_component_ref idref="oc-258"/>
      </symbol>
      <symbol id="sm-ab7">
         <name>__TI_wrt_ok</name>
         <value>0x1a28d</value>
         <object_component_ref idref="oc-252"/>
      </symbol>
      <symbol id="sm-ab8">
         <name>__TI_rd_ok</name>
         <value>0x1a2ef</value>
         <object_component_ref idref="oc-252"/>
      </symbol>
      <symbol id="sm-ad1">
         <name>_nop</name>
         <value>0x1aac3</value>
         <object_component_ref idref="oc-142"/>
      </symbol>
      <symbol id="sm-ad2">
         <name>_lock</name>
         <value>0x20001a34</value>
         <object_component_ref idref="oc-b2"/>
      </symbol>
      <symbol id="sm-ad3">
         <name>_unlock</name>
         <value>0x20001a38</value>
         <object_component_ref idref="oc-b2"/>
      </symbol>
      <symbol id="sm-ad4">
         <name>_register_lock</name>
         <value>0x1aabb</value>
         <object_component_ref idref="oc-142"/>
      </symbol>
      <symbol id="sm-ad5">
         <name>_register_unlock</name>
         <value>0x1aab5</value>
         <object_component_ref idref="oc-142"/>
      </symbol>
      <symbol id="sm-ae9">
         <name>_args_main</name>
         <value>0x1aa45</value>
         <object_component_ref idref="oc-64"/>
      </symbol>
      <symbol id="sm-b13">
         <name>__TI_auto_init</name>
         <value>0x1a695</value>
         <object_component_ref idref="oc-5e"/>
      </symbol>
      <symbol id="sm-b2d">
         <name>copy_in</name>
         <value>0x1a8e1</value>
         <object_component_ref idref="oc-9f"/>
      </symbol>
      <symbol id="sm-b43">
         <name>__TI_closefile</name>
         <value>0x1a475</value>
         <object_component_ref idref="oc-271"/>
      </symbol>
      <symbol id="sm-b44">
         <name>fclose</name>
         <value>0x1a4db</value>
         <object_component_ref idref="oc-271"/>
      </symbol>
      <symbol id="sm-bb3">
         <name>_sys_memory</name>
         <value>0x20000fc0</value>
         <object_component_ref idref="oc-2c"/>
      </symbol>
      <symbol id="sm-bb4">
         <name>free</name>
         <value>0x18e8f</value>
         <object_component_ref idref="oc-2eb"/>
      </symbol>
      <symbol id="sm-bb5">
         <name>realloc</name>
         <value>0x18f51</value>
         <object_component_ref idref="oc-2eb"/>
      </symbol>
      <symbol id="sm-bb6">
         <name>memalign</name>
         <value>0x19059</value>
         <object_component_ref idref="oc-2eb"/>
      </symbol>
      <symbol id="sm-bb7">
         <name>calloc</name>
         <value>0x19145</value>
         <object_component_ref idref="oc-2eb"/>
      </symbol>
      <symbol id="sm-bb8">
         <name>malloc</name>
         <value>0x18e25</value>
         <object_component_ref idref="oc-2eb"/>
      </symbol>
      <symbol id="sm-bb9">
         <name>minit</name>
         <value>0x18da5</value>
         <object_component_ref idref="oc-2eb"/>
      </symbol>
      <symbol id="sm-bd6">
         <name>setvbuf</name>
         <value>0x1a0e9</value>
         <object_component_ref idref="oc-2d7"/>
      </symbol>
      <symbol id="sm-be0">
         <name>_system_post_cinit</name>
         <value>0x1aa8b</value>
         <object_component_ref idref="oc-a5"/>
      </symbol>
      <symbol id="sm-bee">
         <name>strcpy</name>
         <value>0x1aac9</value>
         <object_component_ref idref="oc-216"/>
      </symbol>
      <symbol id="sm-bfc">
         <name>strlen</name>
         <value>0x1aadd</value>
         <object_component_ref idref="oc-210"/>
      </symbol>
      <symbol id="sm-bfd">
         <name>__TI_static_base__</name>
         <value>0x0</value>
      </symbol>
      <symbol id="sm-c00">
         <name>SHT$$INIT_ARRAY$$Limit</name>
         <value>0x0</value>
      </symbol>
      <symbol id="sm-c01">
         <name>SHT$$INIT_ARRAY$$Base</name>
         <value>0x0</value>
      </symbol>
      <symbol id="sm-c02">
         <name>PORT5_IRQHandler</name>
         <value>0x17789</value>
      </symbol>
      <symbol id="sm-c03">
         <name>remove</name>
         <value>0x19851</value>
      </symbol>
   </symbol_table>
   <title>Link successful</title>
</link_info>
