******************************************************************************
                  TI ARM Linker PC v16.9.2                     
******************************************************************************
>> Linked Wed May 03 23:20:54 2017

OUTPUT FILE NAME:   <driverlib_empty_project.out>
ENTRY POINT SYMBOL: "_c_int00"  address: 0001a839


MEMORY CONFIGURATION

         name            origin    length      used     unused   attr    fill
----------------------  --------  ---------  --------  --------  ----  --------
  MAIN                  00000000   00040000  0001ac0a  000253f6  R  X
  INFO                  00200000   00004000  00000000  00004000  R  X
  SRAM_CODE             01000000   00010000  00000000  00010000  RW X
  SRAM_DATA             20000000   00010000  00001c4e  0000e3b2  RW  


SEGMENT ALLOCATION MAP

run origin  load origin   length   init length attrs members
----------  ----------- ---------- ----------- ----- -------
00000000    00000000    0001ac10   0001ac10    r-x
  00000000    00000000    00000140   00000140    r-- .intvecs
  00000140    00000140    0001234e   0001234e    r-- .const
  00012490    00012490    000086ac   000086ac    r-x .text
  0001ab40    0001ab40    000000d0   000000d0    r-- .cinit
20000000    20000000    00001a51   00000000    rw-
  20000000    20000000    00000fbd   00000000    rw- .bss
  20000fc0    20000fc0    00000800   00000000    rw- .sysmem
  200017c0    200017c0    00000291   00000000    rw- .data
2000fe00    2000fe00    00000200   00000000    rw-
  2000fe00    2000fe00    00000200   00000000    rw- .stack


SECTION ALLOCATION MAP

 output                                  attributes/
section   page    origin      length       input sections
--------  ----  ----------  ----------   ----------------
.intvecs   0    00000000    00000140     
                  00000000    00000140     startup_msp432p401r_ccs.obj (.intvecs:retain)

.const     0    00000140    0001234e     
                  00000140    00007378     cc932.obj (.const:sjis2uni)
                  000074b8    00007378     cc932.obj (.const:uni2sjis)
                  0000e830    00003828     player1063.obj (.const:plugin)
                  00012058    000001e0     cc932.obj (.const:tbl_lower$1)
                  00012238    000001e0     cc932.obj (.const:tbl_upper$2)
                  00012418    0000002e     lcd.obj (.const:.string)
                  00012446    00000020     player1063.obj (.const:chipNumber)
                  00012466    00000010     ff.obj (.const:.string:badchr$1)
                  00012476    0000000d     ff.obj (.const:.string:LfnOfs)
                  00012483    00000001     --HOLE-- [fill = 0]
                  00012484    0000000a     main.obj (.const:.string)

.text      0    00012490    000086ac     
                  00012490    0000396c     ff.obj (.text)
                  00015dfc    00000eb8     player1063.obj (.text)
                  00016cb4    00000c84     main.obj (.text)
                  00017938    00000a38     mmc_ssp.obj (.text)
                  00018370    00000a34     lcd.obj (.text)
                  00018da4    000003d0     rtsv7M4_T_le_v4SPD16_eabi.lib : memory.obj (.text)
                  00019174    00000328     system_msp432p401r.obj (.text)
                  0001949c    00000324     rtsv7M4_T_le_v4SPD16_eabi.lib : trgdrv.obj (.text)
                  000197c0    0000030c                                   : lowlev.obj (.text)
                  00019acc    000001c4                                   : fopen.obj (.text)
                  00019c90    0000016c                                   : fwrite.obj (.text)
                  00019dfc    00000104     cc932.obj (.text)
                  00019f00    000000fc     rtsv7M4_T_le_v4SPD16_eabi.lib : fd_mul_t2.obj (.text)
                  00019ffc    000000ec                                   : fread.obj (.text)
                  0001a0e8    000000dc                                   : setvbuf.obj (.text)
                  0001a1c4    000000c8                                   : fflush.obj (.text)
                  0001a28c    000000ac                                   : _io_perm.obj (.text)
                  0001a338    000000a0                                   : _bufread.obj (.text)
                  0001a3d8    0000009c                                   : memcpy_t2.obj (.text)
                  0001a474    00000098                                   : fclose.obj (.text)
                  0001a50c    00000098                                   : fputc.obj (.text)
                  0001a5a4    0000007a                                   : memset_t2.obj (.text)
                  0001a61e    00000002                                   : mpu_init.obj (.text)
                  0001a620    00000074     ir.obj (.text)
                  0001a694    00000070     rtsv7M4_T_le_v4SPD16_eabi.lib : autoinit.obj (.text)
                  0001a704    00000068                                   : copy_decompress_lzss.obj (.text:decompress:lzss)
                  0001a76c    00000068                                   : trgmsg.obj (.text)
                  0001a7d4    00000064                                   : fseek.obj (.text)
                  0001a838    00000054                                   : boot.obj (.text)
                  0001a88c    00000054                                   : exit.obj (.text)
                  0001a8e0    0000004c                                   : cpy_tbl.obj (.text)
                  0001a92c    0000004c                                   : rand.obj (.text)
                  0001a978    00000048                                   : fd_toi_t2.obj (.text)
                  0001a9c0    00000036                                   : strncpy.obj (.text)
                  0001a9f6    0000002e                                   : i_tofd_t2.obj (.text)
                  0001aa24    00000020                                   : memchr.obj (.text)
                  0001aa44    00000018                                   : args_main.obj (.text)
                  0001aa5c    00000018                                   : strcmp.obj (.text)
                  0001aa74    00000016                                   : strchr.obj (.text)
                  0001aa8a    00000002                                   : startup.obj (.text)
                  0001aa8c    00000014     msp432p4xx_driverlib.lib : systick.o (.text:SysTick_enableInterrupt)
                  0001aaa0    00000014                              : systick.o (.text:SysTick_enableModule)
                  0001aab4    00000014     rtsv7M4_T_le_v4SPD16_eabi.lib : _lock.obj (.text)
                  0001aac8    00000014                                   : strcpy.obj (.text)
                  0001aadc    00000014                                   : strlen.obj (.text)
                  0001aaf0    00000012     startup_msp432p401r_ccs.obj (.text)
                  0001ab02    0000000e     rtsv7M4_T_le_v4SPD16_eabi.lib : copy_decompress_none.obj (.text:decompress:none)
                  0001ab10    0000000e                                   : time.obj (.text)
                  0001ab1e    00000002     --HOLE-- [fill = 0]
                  0001ab20    0000000c     msp432p4xx_driverlib.lib : systick.o (.text:SysTick_setPeriod)
                  0001ab2c    0000000c     rtsv7M4_T_le_v4SPD16_eabi.lib : copy_zero_init.obj (.text:decompress:ZI)
                  0001ab38    00000004                                   : pre_init.obj (.text)

.cinit     0    0001ab40    000000d0     
                  0001ab40    000000a7     (.cinit..data.load) [load image, compression = lzss]
                  0001abe7    00000001     --HOLE-- [fill = 0]
                  0001abe8    0000000c     (__TI_handler_table)
                  0001abf4    00000004     --HOLE-- [fill = 0]
                  0001abf8    00000008     (.cinit..bss.load) [load image, compression = zero_init]
                  0001ac00    00000010     (__TI_cinit_table)

.init_array 
*          0    00000000    00000000     UNINITIALIZED

.bss       0    20000000    00000fbd     UNINITIALIZED
                  20000000    00000450     (.common:File)
                  20000450    00000238     (.common:FatFs)
                  20000688    00000200     ff.obj (.bss:LfnBuf)
                  20000888    00000200     player1063.obj (.bss:playBuf$1)
                  20000a88    00000200     player1063.obj (.bss:recBuf$6)
                  20000c88    00000120     rtsv7M4_T_le_v4SPD16_eabi.lib : trgmsg.obj (.bss:_CIOBUF_)
                  20000da8    000000a0     (.common:__TI_tmpnams)
                  20000e48    00000088     (.common:array)
                  20000ed0    00000084     (.common:Buff2)
                  20000f54    00000040     (.common:Buff)
                  20000f94    00000009     mmc_ssp.obj (.bss)
                  20000f9d    00000008     rtsv7M4_T_le_v4SPD16_eabi.lib : trgdrv.obj (.bss:parmbuf)
                  20000fa5    00000008     (.common:vol_level)
                  20000fad    00000001     (.common:fres)
                  20000fae    00000002     ff.obj (.bss)
                  20000fb0    00000004     ff.obj (.bss:FatFs)
                  20000fb4    00000004     (.common:file_path)
                  20000fb8    00000004     (.common:s1)
                  20000fbc    00000001     (.common:playerState)

.sysmem    0    20000fc0    00000800     UNINITIALIZED
                  20000fc0    00000008     rtsv7M4_T_le_v4SPD16_eabi.lib : memory.obj (.sysmem)
                  20000fc8    000007f8     --HOLE--

.data      0    200017c0    00000291     UNINITIALIZED
                  200017c0    000000f0     rtsv7M4_T_le_v4SPD16_eabi.lib : defs.obj (.data:_ftable)
                  200018b0    000000d0                                   : lowlev.obj (.data:$O1$$)
                  20001980    00000060     main.obj (.data)
                  200019e0    00000014     player1063.obj (.data)
                  200019f4    00000010     rtsv7M4_T_le_v4SPD16_eabi.lib : defs.obj (.data)
                  20001a04    0000000c                                   : exit.obj (.data:$O1$$)
                  20001a10    0000000c                                   : memory.obj (.data:$O1$$)
                  20001a1c    0000000c     lcd.obj (.data:mp3)
                  20001a28    0000000c     lcd.obj (.data:text)
                  20001a34    00000008     rtsv7M4_T_le_v4SPD16_eabi.lib : _lock.obj (.data:$O1$$)
                  20001a3c    00000004     lcd.obj (.data)
                  20001a40    00000004     rtsv7M4_T_le_v4SPD16_eabi.lib : fopen.obj (.data)
                  20001a44    00000004                                   : rand.obj (.data)
                  20001a48    00000004                                   : stkdepth_vars.obj (.data)
                  20001a4c    00000004     system_msp432p401r.obj (.data)
                  20001a50    00000001     mmc_ssp.obj (.data)

.stack     0    2000fe00    00000200     UNINITIALIZED
                  2000fe00    00000200     --HOLE--

MODULE SUMMARY

       Module                        code    ro data   rw data
       ------                        ----    -------   -------
    .\
       player1063.obj                3768    14408     1045   
       ff.obj                        14700   29        518    
       lcd.obj                       2612    46        1773   
       main.obj                      3204    10        372    
       mmc_ssp.obj                   2616    0         10     
       system_msp432p401r.obj        808     0         4      
       startup_msp432p401r_ccs.obj   18      320       0      
       ir.obj                        116     0         0      
    +--+-----------------------------+-------+---------+---------+
       Total:                        27842   14813     3722   
                                                              
    .\option\
       cc932.obj                     260     60080     0      
    +--+-----------------------------+-------+---------+---------+
       Total:                        260     60080     0      
                                                              
    C:/ti/msp/MSP432Ware_3_50_00_02/driverlib/driverlib/MSP432P4xx/ccs/msp432p4xx_driverlib.lib
       systick.o                     52      0         0      
    +--+-----------------------------+-------+---------+---------+
       Total:                        52      0         0      
                                                              
    C:\ti\ccsv7\tools\compiler\ti-cgt-arm_16.9.2.LTS\lib\rtsv7M4_T_le_v4SPD16_eabi.lib
       lowlev.obj                    780     0         208    
       memory.obj                    976     0         12     
       trgdrv.obj                    804     0         8      
       fopen.obj                     452     0         4      
       defs.obj                      0       0         416    
       trgmsg.obj                    104     0         288    
       fwrite.obj                    364     0         0      
       fd_mul_t2.obj                 252     0         0      
       fread.obj                     236     0         0      
       setvbuf.obj                   220     0         0      
       fflush.obj                    200     0         0      
       _io_perm.obj                  172     0         0      
       _bufread.obj                  160     0         0      
       memcpy_t2.obj                 156     0         0      
       fclose.obj                    152     0         0      
       fputc.obj                     152     0         0      
       memset_t2.obj                 122     0         0      
       autoinit.obj                  112     0         0      
       copy_decompress_lzss.obj      104     0         0      
       fseek.obj                     100     0         0      
       exit.obj                      84      0         12     
       boot.obj                      84      0         0      
       rand.obj                      76      0         4      
       cpy_tbl.obj                   76      0         0      
       fd_toi_t2.obj                 72      0         0      
       strncpy.obj                   54      0         0      
       i_tofd_t2.obj                 46      0         0      
       memchr.obj                    32      0         0      
       _lock.obj                     20      0         8      
       args_main.obj                 24      0         0      
       strcmp.obj                    24      0         0      
       strchr.obj                    22      0         0      
       strcpy.obj                    20      0         0      
       strlen.obj                    20      0         0      
       copy_decompress_none.obj      14      0         0      
       time.obj                      14      0         0      
       copy_zero_init.obj            12      0         0      
       pre_init.obj                  4       0         0      
       stkdepth_vars.obj             0       0         4      
       mpu_init.obj                  2       0         0      
       startup.obj                   2       0         0      
    +--+-----------------------------+-------+---------+---------+
       Total:                        6320    0         964    
                                                              
       Heap:                         0       0         2048   
       Stack:                        0       0         512    
       Linker Generated:             0       203       0      
    +--+-----------------------------+-------+---------+---------+
       Grand Total:                  34474   75096     7246   


LINKER GENERATED COPY TABLES

__TI_cinit_table @ 0001ac00 records: 2, size/record: 8, table size: 16
	.data: load addr=0001ab40, load size=000000a7 bytes, run addr=200017c0, run size=00000291 bytes, compression=lzss
	.bss: load addr=0001abf8, load size=00000008 bytes, run addr=20000000, run size=00000fbd bytes, compression=zero_init


LINKER GENERATED HANDLER TABLE

__TI_handler_table @ 0001abe8 records: 3, size/record: 4, table size: 12
	index: 0, handler: __TI_decompress_lzss
	index: 1, handler: __TI_decompress_none
	index: 2, handler: __TI_zero_init


GLOBAL SYMBOLS: SORTED ALPHABETICALLY BY Name 

address   name                           
-------   ----                           
20000f54  Buff                           
20000ed0  Buff2                          
0001a88d  C$$EXIT                        
0001a79b  C$$IO$$                        
00018397  Delayms                        
20000450  FatFs                          
20000000  File                           
00016079  GetUICommand                   
00019777  HOSTclock                      
0001973f  HOSTclose                      
00019701  HOSTgetenv                     
000196a5  HOSTlseek                      
00019653  HOSTopen                       
00019607  HOSTread                       
000195a9  HOSTrename                     
0001956f  HOSTtime                       
00019521  HOSTtime64                     
000194e9  HOSTunlink                     
0001949d  HOSTwrite                      
00016185  LoadPlugin                     
00017789  PORT5_IRQHandler               
00017789  PORT5_IRQHandler               
00015f4b  ReadSci                        
00015f15  ReadSpiByte                    
00016105  ReadVS10xxMem                  
000160d9  ReadVS10xxMem32                
0001607b  ReadVS10xxMem32Counter         
00016077  RestoreUIState                 
UNDEFED   SHT$$INIT_ARRAY$$Base          
UNDEFED   SHT$$INIT_ARRAY$$Limit         
00016075  SaveUIState                    
00016cb5  SysTick_Handler                
0001aa8d  SysTick_enableInterrupt        
0001aaa1  SysTick_enableModule           
0001ab21  SysTick_setPeriod              
20001a4c  SystemCoreClock                
00019175  SystemCoreClockUpdate          
000193e9  SystemInit                     
0001624d  VS1063PlayFile                 
00016865  VS1063RecordFile               
00016c4d  VSTestHandleFile               
00016b35  VSTestInitHardware             
00016b91  VSTestInitSoftware             
4000480c  WDTCTL_SYM                     
00015fd5  WriteSci                       
00016029  WriteSdi                       
00015ee5  WriteSpiByte                   
00015eb7  WriteSpiByteSDI                
0001611d  WriteVS10xxMem                 
0001613d  WriteVS10xxMem32               
20000c88  __CIOBUF_                      
20010000  __STACK_END                    
00000200  __STACK_SIZE                   
00000800  __SYSMEM_SIZE                  
0001ac00  __TI_CINIT_Base                
0001ac10  __TI_CINIT_Limit               
0001abe8  __TI_Handler_Table_Base        
0001abf4  __TI_Handler_Table_Limit       
0001a695  __TI_auto_init                 
0001a339  __TI_buff_read                 
00019b95  __TI_cleanup                   
20001a04  __TI_cleanup_ptr               
0001a475  __TI_closefile                 
0001a705  __TI_decompress_lzss           
0001ab03  __TI_decompress_none           
0001a1c5  __TI_doflush                   
20001a08  __TI_dtors_ptr                 
20001a0c  __TI_enable_exit_profile_output
200019f4  __TI_ft_end                    
ffffffff  __TI_pprof_out_hndl            
ffffffff  __TI_prof_data_size            
ffffffff  __TI_prof_data_start           
0001a2ef  __TI_rd_ok                     
0001a79f  __TI_readmsg                   
00000000  __TI_static_base__             
20000da8  __TI_tmpnams                   
0001a76d  __TI_writemsg                  
0001a28d  __TI_wrt_ok                    
0001ab2d  __TI_zero_init                 
0001a979  __aeabi_d2iz                   
00019f01  __aeabi_dmul                   
0001a9f7  __aeabi_i2d                    
0001a5a5  __aeabi_memclr                 
0001a5a5  __aeabi_memclr4                
0001a5a5  __aeabi_memclr8                
0001a3d9  __aeabi_memcpy                 
0001a3d9  __aeabi_memcpy4                
0001a3d9  __aeabi_memcpy8                
0001a5a7  __aeabi_memset                 
0001a5a7  __aeabi_memset4                
0001a5a7  __aeabi_memset8                
20001a00  __aeabi_stderr                 
200019f8  __aeabi_stdin                  
200019fc  __aeabi_stdout                 
ffffffff  __binit__                      
ffffffff  __c_args__                     
0001a61f  __mpu_init                     
2000fe00  __stack                        
0001ab11  __time32                       
0001aa45  _args_main                     
0001a839  _c_int00                       
200017c0  _ftable                        
20001a34  _lock                          
0001aac3  _nop                           
0001aabb  _register_lock                 
0001aab5  _register_unlock               
20000fc0  _sys_memory                    
0001aa8b  _system_post_cinit             
0001ab39  _system_pre_init               
20001a38  _unlock                        
0001a891  abort                          
00019a21  add_device                     
20000e48  array                          
200019e0  audioFormat                    
ffffffff  binit                          
000170f5  button_pressed                 
20001984  button_type                    
00019145  calloc                         
0001846f  check_busy_flag                
00012446  chipNumber                     
000199d1  close                          
20001a3c  cnt                            
000184ed  commandWrite                   
0001a8e1  copy_in                        
200019b8  current_music_option           
200019a8  current_volume                 
00018ced  custom_char_loop               
00018d51  custom_char_loop_off           
00018b71  custom_char_next               
00018b1d  custom_char_pause              
00018a9d  custom_char_play               
00018be9  custom_char_prev               
00018c95  custom_char_shuffle_off        
00018c3d  custom_char_shuffle_on         
0001857f  dataRead                       
0001855b  dataWrite                      
20001980  data_byte                      
20001990  data_received_flag             
00016ce7  decode                         
0001ab01  defaultISR                     
00015dfd  delay                          
000183bb  delay_ms                       
00017c35  disk_initialize                
00017fb5  disk_ioctl                     
00017ef1  disk_read                      
00017ecb  disk_status                    
0001831f  disk_timerproc                 
00017f89  disk_write                     
0001a899  exit                           
00014d7d  f_chdir                        
000159b3  f_chmod                        
00014d4b  f_close                        
00015231  f_closedir                     
00014df1  f_getcwd                       
0001531f  f_getfree                      
00015ac9  f_getlabel                     
00014f61  f_lseek                        
00015681  f_mkdir                        
000144ab  f_mount                        
00014531  f_open                         
00015189  f_opendir                      
000147e1  f_read                         
00015253  f_readdir                      
00015857  f_rename                       
00015bc5  f_setlabel                     
000152cb  f_stat                         
00014c83  f_sync                         
0001545b  f_truncate                     
00015569  f_unlink                       
00015a4d  f_utime                        
00014a01  f_write                        
0001a4db  fclose                         
00019dfd  ff_convert                     
00019ea7  ff_wtoupper                    
0001a211  fflush                         
20000fb4  file_path                      
00019beb  fopen                          
0001a50d  fputc                          
00019ffd  fread                          
00018e8f  free                           
00019bc1  freopen                        
20000fad  fres                           
0001a7d5  fseek                          
00019c91  fwrite                         
00016cbd  get_fattime                    
00016de3  getvolumerange                 
20001994  i                              
00000000  interruptVectors               
0001a621  irinit                         
2000198c  irq_i                          
200019b4  is_paused                      
200019a4  k                              
00018433  lcdBusyWait                    
00018817  lcdclear                       
00018a33  lcdcreatechar                  
000185cd  lcdgotoaddr                    
000185ed  lcdgotocgramaddr               
0001899d  lcdinit                        
000187e5  lcdmenu                        
000188cb  lcdpopulatefiles               
0001859f  lcdputch                       
0001864b  lcdputchcustom                 
000186a9  lcdputstr                      
00018861  lcdreadtextfile                
00018825  lcdscrolldown                  
200019c8  loop                           
200019cc  looped_song                    
000199ad  lseek                          
0001755d  main                           
20001a48  main_func_sp                   
00018e25  malloc                         
00019059  memalign                       
0001aa25  memchr                         
0001a3d9  memcpy                         
0001a5ad  memset                         
200019c0  menu                           
00016cc1  min                            
00018da5  minit                          
20001a1c  mp3                            
200019b0  music_mode                     
200019dc  music_path                     
200019bc  music_play                     
200019d8  my_path                        
000198ff  open                           
20000fbc  playerState                    
00016f6d  playmusic                      
0000e830  plugin                         
200019d4  power                          
0001a50d  putc                           
0001a591  putchar                        
000184b7  putcommand                     
00018525  putdata                        
0001a943  rand                           
00016ee9  random_number                  
000198db  read                           
200019ac  read_mode                      
000183fd  readlcddata                    
00018f51  realloc                        
00017969  receive_response               
2000199c  received_option                
00019851  remove                         
000198b3  remove_device                  
00019875  rename                         
20000fb8  s1                             
0001a0e9  setvbuf                        
200019c4  shuffle                        
00015e1f  spiinit                        
0001a92d  srand                          
20001998  start_flag                     
0001aa75  strchr                         
0001aa5d  strcmp                         
0001aac9  strcpy                         
0001aadd  strlen                         
0001a9c1  strncpy                        
200019d0  systick_count                  
200019a0  ta_error                       
20001a28  text                           
0001ab11  time                           
00017939  transmit                       
00019851  unlink                         
20001988  valid_button                   
20000fa5  vol_level                      
000197c1  write                          


GLOBAL SYMBOLS: SORTED BY Symbol Address 

address   name                           
-------   ----                           
00000000  __TI_static_base__             
00000000  interruptVectors               
00000200  __STACK_SIZE                   
00000800  __SYSMEM_SIZE                  
0000e830  plugin                         
00012446  chipNumber                     
000144ab  f_mount                        
00014531  f_open                         
000147e1  f_read                         
00014a01  f_write                        
00014c83  f_sync                         
00014d4b  f_close                        
00014d7d  f_chdir                        
00014df1  f_getcwd                       
00014f61  f_lseek                        
00015189  f_opendir                      
00015231  f_closedir                     
00015253  f_readdir                      
000152cb  f_stat                         
0001531f  f_getfree                      
0001545b  f_truncate                     
00015569  f_unlink                       
00015681  f_mkdir                        
00015857  f_rename                       
000159b3  f_chmod                        
00015a4d  f_utime                        
00015ac9  f_getlabel                     
00015bc5  f_setlabel                     
00015dfd  delay                          
00015e1f  spiinit                        
00015eb7  WriteSpiByteSDI                
00015ee5  WriteSpiByte                   
00015f15  ReadSpiByte                    
00015f4b  ReadSci                        
00015fd5  WriteSci                       
00016029  WriteSdi                       
00016075  SaveUIState                    
00016077  RestoreUIState                 
00016079  GetUICommand                   
0001607b  ReadVS10xxMem32Counter         
000160d9  ReadVS10xxMem32                
00016105  ReadVS10xxMem                  
0001611d  WriteVS10xxMem                 
0001613d  WriteVS10xxMem32               
00016185  LoadPlugin                     
0001624d  VS1063PlayFile                 
00016865  VS1063RecordFile               
00016b35  VSTestInitHardware             
00016b91  VSTestInitSoftware             
00016c4d  VSTestHandleFile               
00016cb5  SysTick_Handler                
00016cbd  get_fattime                    
00016cc1  min                            
00016ce7  decode                         
00016de3  getvolumerange                 
00016ee9  random_number                  
00016f6d  playmusic                      
000170f5  button_pressed                 
0001755d  main                           
00017789  PORT5_IRQHandler               
00017789  PORT5_IRQHandler               
00017939  transmit                       
00017969  receive_response               
00017c35  disk_initialize                
00017ecb  disk_status                    
00017ef1  disk_read                      
00017f89  disk_write                     
00017fb5  disk_ioctl                     
0001831f  disk_timerproc                 
00018397  Delayms                        
000183bb  delay_ms                       
000183fd  readlcddata                    
00018433  lcdBusyWait                    
0001846f  check_busy_flag                
000184b7  putcommand                     
000184ed  commandWrite                   
00018525  putdata                        
0001855b  dataWrite                      
0001857f  dataRead                       
0001859f  lcdputch                       
000185cd  lcdgotoaddr                    
000185ed  lcdgotocgramaddr               
0001864b  lcdputchcustom                 
000186a9  lcdputstr                      
000187e5  lcdmenu                        
00018817  lcdclear                       
00018825  lcdscrolldown                  
00018861  lcdreadtextfile                
000188cb  lcdpopulatefiles               
0001899d  lcdinit                        
00018a33  lcdcreatechar                  
00018a9d  custom_char_play               
00018b1d  custom_char_pause              
00018b71  custom_char_next               
00018be9  custom_char_prev               
00018c3d  custom_char_shuffle_on         
00018c95  custom_char_shuffle_off        
00018ced  custom_char_loop               
00018d51  custom_char_loop_off           
00018da5  minit                          
00018e25  malloc                         
00018e8f  free                           
00018f51  realloc                        
00019059  memalign                       
00019145  calloc                         
00019175  SystemCoreClockUpdate          
000193e9  SystemInit                     
0001949d  HOSTwrite                      
000194e9  HOSTunlink                     
00019521  HOSTtime64                     
0001956f  HOSTtime                       
000195a9  HOSTrename                     
00019607  HOSTread                       
00019653  HOSTopen                       
000196a5  HOSTlseek                      
00019701  HOSTgetenv                     
0001973f  HOSTclose                      
00019777  HOSTclock                      
000197c1  write                          
00019851  remove                         
00019851  unlink                         
00019875  rename                         
000198b3  remove_device                  
000198db  read                           
000198ff  open                           
000199ad  lseek                          
000199d1  close                          
00019a21  add_device                     
00019b95  __TI_cleanup                   
00019bc1  freopen                        
00019beb  fopen                          
00019c91  fwrite                         
00019dfd  ff_convert                     
00019ea7  ff_wtoupper                    
00019f01  __aeabi_dmul                   
00019ffd  fread                          
0001a0e9  setvbuf                        
0001a1c5  __TI_doflush                   
0001a211  fflush                         
0001a28d  __TI_wrt_ok                    
0001a2ef  __TI_rd_ok                     
0001a339  __TI_buff_read                 
0001a3d9  __aeabi_memcpy                 
0001a3d9  __aeabi_memcpy4                
0001a3d9  __aeabi_memcpy8                
0001a3d9  memcpy                         
0001a475  __TI_closefile                 
0001a4db  fclose                         
0001a50d  fputc                          
0001a50d  putc                           
0001a591  putchar                        
0001a5a5  __aeabi_memclr                 
0001a5a5  __aeabi_memclr4                
0001a5a5  __aeabi_memclr8                
0001a5a7  __aeabi_memset                 
0001a5a7  __aeabi_memset4                
0001a5a7  __aeabi_memset8                
0001a5ad  memset                         
0001a61f  __mpu_init                     
0001a621  irinit                         
0001a695  __TI_auto_init                 
0001a705  __TI_decompress_lzss           
0001a76d  __TI_writemsg                  
0001a79b  C$$IO$$                        
0001a79f  __TI_readmsg                   
0001a7d5  fseek                          
0001a839  _c_int00                       
0001a88d  C$$EXIT                        
0001a891  abort                          
0001a899  exit                           
0001a8e1  copy_in                        
0001a92d  srand                          
0001a943  rand                           
0001a979  __aeabi_d2iz                   
0001a9c1  strncpy                        
0001a9f7  __aeabi_i2d                    
0001aa25  memchr                         
0001aa45  _args_main                     
0001aa5d  strcmp                         
0001aa75  strchr                         
0001aa8b  _system_post_cinit             
0001aa8d  SysTick_enableInterrupt        
0001aaa1  SysTick_enableModule           
0001aab5  _register_unlock               
0001aabb  _register_lock                 
0001aac3  _nop                           
0001aac9  strcpy                         
0001aadd  strlen                         
0001ab01  defaultISR                     
0001ab03  __TI_decompress_none           
0001ab11  __time32                       
0001ab11  time                           
0001ab21  SysTick_setPeriod              
0001ab2d  __TI_zero_init                 
0001ab39  _system_pre_init               
0001abe8  __TI_Handler_Table_Base        
0001abf4  __TI_Handler_Table_Limit       
0001ac00  __TI_CINIT_Base                
0001ac10  __TI_CINIT_Limit               
20000000  File                           
20000450  FatFs                          
20000c88  __CIOBUF_                      
20000da8  __TI_tmpnams                   
20000e48  array                          
20000ed0  Buff2                          
20000f54  Buff                           
20000fa5  vol_level                      
20000fad  fres                           
20000fb4  file_path                      
20000fb8  s1                             
20000fbc  playerState                    
20000fc0  _sys_memory                    
200017c0  _ftable                        
20001980  data_byte                      
20001984  button_type                    
20001988  valid_button                   
2000198c  irq_i                          
20001990  data_received_flag             
20001994  i                              
20001998  start_flag                     
2000199c  received_option                
200019a0  ta_error                       
200019a4  k                              
200019a8  current_volume                 
200019ac  read_mode                      
200019b0  music_mode                     
200019b4  is_paused                      
200019b8  current_music_option           
200019bc  music_play                     
200019c0  menu                           
200019c4  shuffle                        
200019c8  loop                           
200019cc  looped_song                    
200019d0  systick_count                  
200019d4  power                          
200019d8  my_path                        
200019dc  music_path                     
200019e0  audioFormat                    
200019f4  __TI_ft_end                    
200019f8  __aeabi_stdin                  
200019fc  __aeabi_stdout                 
20001a00  __aeabi_stderr                 
20001a04  __TI_cleanup_ptr               
20001a08  __TI_dtors_ptr                 
20001a0c  __TI_enable_exit_profile_output
20001a1c  mp3                            
20001a28  text                           
20001a34  _lock                          
20001a38  _unlock                        
20001a3c  cnt                            
20001a48  main_func_sp                   
20001a4c  SystemCoreClock                
2000fe00  __stack                        
20010000  __STACK_END                    
4000480c  WDTCTL_SYM                     
ffffffff  __TI_pprof_out_hndl            
ffffffff  __TI_prof_data_size            
ffffffff  __TI_prof_data_start           
ffffffff  __binit__                      
ffffffff  __c_args__                     
ffffffff  binit                          
UNDEFED   SHT$$INIT_ARRAY$$Base          
UNDEFED   SHT$$INIT_ARRAY$$Limit         

[263 symbols]
