******************************************************************************
                  TI ARM Linker PC v16.9.3                     
******************************************************************************
>> Linked Mon May 01 00:33:52 2017

OUTPUT FILE NAME:   <driverlib_empty_project.out>
ENTRY POINT SYMBOL: "_c_int00"  address: 00019ecd


MEMORY CONFIGURATION

         name            origin    length      used     unused   attr    fill
----------------------  --------  ---------  --------  --------  ----  --------
  MAIN                  00000000   00040000  0001a23a  00025dc6  R  X
  INFO                  00200000   00004000  00000000  00004000  R  X
  SRAM_CODE             01000000   00010000  00000000  00010000  RW X
  SRAM_DATA             20000000   00010000  00001f9e  0000e062  RW  


SEGMENT ALLOCATION MAP

run origin  load origin   length   init length attrs members
----------  ----------- ---------- ----------- ----- -------
00000000    00000000    0001a240   0001a240    r-x
  00000000    00000000    00000140   00000140    r-- .intvecs
  00000140    00000140    0001234e   0001234e    r-- .const
  00012490    00012490    00007ce4   00007ce4    r-x .text
  0001a178    0001a178    000000c8   000000c8    r-- .cinit
20000000    20000000    00001da5   00000000    rw-
  20000000    20000000    00001331   00000000    rw- .bss
  20001338    20001338    00000800   00000000    rw- .sysmem
  20001b38    20001b38    0000026d   00000000    rw- .data
2000fe00    2000fe00    00000200   00000000    rw-
  2000fe00    2000fe00    00000200   00000000    rw- .stack


SECTION ALLOCATION MAP

 output                                  attributes/
section   page    origin      length       input sections
--------  ----  ----------  ----------   ----------------
.intvecs   0    00000000    00000140     
                  00000000    00000140     startup_msp432p401r_ccs.obj (.intvecs:retain)

.const     0    00000140    0001234e     
                  00000140    00007378     cc932.obj (.const:sjis2uni)
                  000074b8    00007378     cc932.obj (.const:uni2sjis)
                  0000e830    00003828     player1063.obj (.const:plugin)
                  00012058    000001e0     cc932.obj (.const:tbl_lower$1)
                  00012238    000001e0     cc932.obj (.const:tbl_upper$2)
                  00012418    0000002e     lcd.obj (.const:.string)
                  00012446    00000020     player1063.obj (.const:chipNumber)
                  00012466    00000010     ff.obj (.const:.string:badchr$1)
                  00012476    0000000d     ff.obj (.const:.string:LfnOfs)
                  00012483    00000001     --HOLE-- [fill = 0]
                  00012484    0000000a     main.obj (.const:.string)

.text      0    00012490    00007ce4     
                  00012490    0000396c     ff.obj (.text)
                  00015dfc    00000eb8     player1063.obj (.text)
                  00016cb4    00000a38     mmc_ssp.obj (.text)
                  000176ec    0000075c     main.obj (.text)
                  00017e48    000005e8     lcd.obj (.text)
                  00018430    000003d0     rtsv7M4_T_le_v4SPD16_eabi.lib : memory.obj (.text)
                  00018800    00000328     system_msp432p401r.obj (.text)
                  00018b28    00000324     rtsv7M4_T_le_v4SPD16_eabi.lib : trgdrv.obj (.text)
                  00018e4c    0000030c                                   : lowlev.obj (.text)
                  00019158    000001c4                                   : fopen.obj (.text)
                  0001931c    0000016c                                   : fwrite.obj (.text)
                  00019488    00000104     cc932.obj (.text)
                  0001958c    000000fc     rtsv7M4_T_le_v4SPD16_eabi.lib : fd_mul_t2.obj (.text)
                  00019688    000000ec                                   : fread.obj (.text)
                  00019774    000000dc                                   : setvbuf.obj (.text)
                  00019850    000000c8                                   : fflush.obj (.text)
                  00019918    000000ac                                   : _io_perm.obj (.text)
                  000199c4    000000a0                                   : _bufread.obj (.text)
                  00019a64    0000009c                                   : memcpy_t2.obj (.text)
                  00019b00    00000098                                   : fclose.obj (.text)
                  00019b98    00000098                                   : fputc.obj (.text)
                  00019c30    0000007c     ir.obj (.text)
                  00019cac    0000007a     rtsv7M4_T_le_v4SPD16_eabi.lib : memset_t2.obj (.text)
                  00019d26    00000002                                   : mpu_init.obj (.text)
                  00019d28    00000070                                   : autoinit.obj (.text)
                  00019d98    00000068                                   : copy_decompress_lzss.obj (.text:decompress:lzss)
                  00019e00    00000068                                   : trgmsg.obj (.text)
                  00019e68    00000064                                   : fseek.obj (.text)
                  00019ecc    00000054                                   : boot.obj (.text)
                  00019f20    00000054                                   : exit.obj (.text)
                  00019f74    0000004c                                   : cpy_tbl.obj (.text)
                  00019fc0    00000048                                   : fd_toi_t2.obj (.text)
                  0001a008    00000036                                   : strncpy.obj (.text)
                  0001a03e    0000002e                                   : i_tofd_t2.obj (.text)
                  0001a06c    00000020                                   : memchr.obj (.text)
                  0001a08c    00000018                                   : args_main.obj (.text)
                  0001a0a4    00000018                                   : strcmp.obj (.text)
                  0001a0bc    00000016                                   : strchr.obj (.text)
                  0001a0d2    00000002                                   : startup.obj (.text)
                  0001a0d4    00000014     msp432p4xx_driverlib.lib : systick.o (.text:SysTick_enableInterrupt)
                  0001a0e8    00000014                              : systick.o (.text:SysTick_enableModule)
                  0001a0fc    00000014     rtsv7M4_T_le_v4SPD16_eabi.lib : _lock.obj (.text)
                  0001a110    00000014                                   : strcpy.obj (.text)
                  0001a124    00000014                                   : strlen.obj (.text)
                  0001a138    00000012     startup_msp432p401r_ccs.obj (.text)
                  0001a14a    0000000e     rtsv7M4_T_le_v4SPD16_eabi.lib : copy_decompress_none.obj (.text:decompress:none)
                  0001a158    0000000c     msp432p4xx_driverlib.lib : systick.o (.text:SysTick_setPeriod)
                  0001a164    0000000c     rtsv7M4_T_le_v4SPD16_eabi.lib : copy_zero_init.obj (.text:decompress:ZI)
                  0001a170    00000004                                   : pre_init.obj (.text)

.cinit     0    0001a178    000000c8     
                  0001a178    0000009d     (.cinit..data.load) [load image, compression = lzss]
                  0001a215    00000003     --HOLE-- [fill = 0]
                  0001a218    0000000c     (__TI_handler_table)
                  0001a224    00000004     --HOLE-- [fill = 0]
                  0001a228    00000008     (.cinit..bss.load) [load image, compression = zero_init]
                  0001a230    00000010     (__TI_cinit_table)

.init_array 
*          0    00000000    00000000     UNINITIALIZED

.bss       0    20000000    00001331     UNINITIALIZED
                  20000000    00000450     (.common:File)
                  20000450    00000400     (.common:Buff2)
                  20000850    00000238     (.common:FatFs)
                  20000a88    00000200     ff.obj (.bss:LfnBuf)
                  20000c88    00000200     player1063.obj (.bss:playBuf$1)
                  20000e88    00000200     player1063.obj (.bss:recBuf$6)
                  20001088    00000120     rtsv7M4_T_le_v4SPD16_eabi.lib : trgmsg.obj (.bss:_CIOBUF_)
                  200011a8    000000a0     (.common:__TI_tmpnams)
                  20001248    00000088     (.common:array)
                  200012d0    00000040     (.common:Buff)
                  20001310    00000009     mmc_ssp.obj (.bss)
                  20001319    00000008     rtsv7M4_T_le_v4SPD16_eabi.lib : trgdrv.obj (.bss:parmbuf)
                  20001321    00000001     (.common:fres)
                  20001322    00000002     ff.obj (.bss)
                  20001324    00000004     ff.obj (.bss:FatFs)
                  20001328    00000004     (.common:file_path)
                  2000132c    00000004     (.common:s1)
                  20001330    00000001     (.common:playerState)

.sysmem    0    20001338    00000800     UNINITIALIZED
                  20001338    00000008     rtsv7M4_T_le_v4SPD16_eabi.lib : memory.obj (.sysmem)
                  20001340    000007f8     --HOLE--

.data      0    20001b38    0000026d     UNINITIALIZED
                  20001b38    000000f0     rtsv7M4_T_le_v4SPD16_eabi.lib : defs.obj (.data:_ftable)
                  20001c28    000000d0                                   : lowlev.obj (.data:$O1$$)
                  20001cf8    00000040     main.obj (.data)
                  20001d38    00000014     player1063.obj (.data)
                  20001d4c    00000010     rtsv7M4_T_le_v4SPD16_eabi.lib : defs.obj (.data)
                  20001d5c    0000000c                                   : exit.obj (.data:$O1$$)
                  20001d68    0000000c                                   : memory.obj (.data:$O1$$)
                  20001d74    0000000c     lcd.obj (.data:mp3)
                  20001d80    0000000c     lcd.obj (.data:text)
                  20001d8c    00000008     rtsv7M4_T_le_v4SPD16_eabi.lib : _lock.obj (.data:$O1$$)
                  20001d94    00000004     lcd.obj (.data)
                  20001d98    00000004     rtsv7M4_T_le_v4SPD16_eabi.lib : fopen.obj (.data)
                  20001d9c    00000004                                   : stkdepth_vars.obj (.data)
                  20001da0    00000004     system_msp432p401r.obj (.data)
                  20001da4    00000001     mmc_ssp.obj (.data)

.stack     0    2000fe00    00000200     UNINITIALIZED
                  2000fe00    00000200     --HOLE--

MODULE SUMMARY

       Module                        code    ro data   rw data
       ------                        ----    -------   -------
    .\
       player1063.obj                3768    14408     1045   
       ff.obj                        14700   29        518    
       lcd.obj                       1512    46        1773   
       main.obj                      1884    10        1224   
       mmc_ssp.obj                   2616    0         10     
       system_msp432p401r.obj        808     0         4      
       startup_msp432p401r_ccs.obj   18      320       0      
       ir.obj                        124     0         0      
    +--+-----------------------------+-------+---------+---------+
       Total:                        25430   14813     4574   
                                                              
    .\option\
       cc932.obj                     260     60080     0      
    +--+-----------------------------+-------+---------+---------+
       Total:                        260     60080     0      
                                                              
    C:/ti/msp/MSP432Ware_3_50_00_02/driverlib/driverlib/MSP432P4xx/ccs/msp432p4xx_driverlib.lib
       systick.o                     52      0         0      
    +--+-----------------------------+-------+---------+---------+
       Total:                        52      0         0      
                                                              
    C:\ti\ccsv6\tools\compiler\ti-cgt-arm_16.9.3.LTS\lib\rtsv7M4_T_le_v4SPD16_eabi.lib
       lowlev.obj                    780     0         208    
       memory.obj                    976     0         12     
       trgdrv.obj                    804     0         8      
       fopen.obj                     452     0         4      
       defs.obj                      0       0         416    
       trgmsg.obj                    104     0         288    
       fwrite.obj                    364     0         0      
       fd_mul_t2.obj                 252     0         0      
       fread.obj                     236     0         0      
       setvbuf.obj                   220     0         0      
       fflush.obj                    200     0         0      
       _io_perm.obj                  172     0         0      
       _bufread.obj                  160     0         0      
       memcpy_t2.obj                 156     0         0      
       fclose.obj                    152     0         0      
       fputc.obj                     152     0         0      
       memset_t2.obj                 122     0         0      
       autoinit.obj                  112     0         0      
       copy_decompress_lzss.obj      104     0         0      
       fseek.obj                     100     0         0      
       exit.obj                      84      0         12     
       boot.obj                      84      0         0      
       cpy_tbl.obj                   76      0         0      
       fd_toi_t2.obj                 72      0         0      
       strncpy.obj                   54      0         0      
       i_tofd_t2.obj                 46      0         0      
       memchr.obj                    32      0         0      
       _lock.obj                     20      0         8      
       args_main.obj                 24      0         0      
       strcmp.obj                    24      0         0      
       strchr.obj                    22      0         0      
       strcpy.obj                    20      0         0      
       strlen.obj                    20      0         0      
       copy_decompress_none.obj      14      0         0      
       copy_zero_init.obj            12      0         0      
       pre_init.obj                  4       0         0      
       stkdepth_vars.obj             0       0         4      
       mpu_init.obj                  2       0         0      
       startup.obj                   2       0         0      
    +--+-----------------------------+-------+---------+---------+
       Total:                        6230    0         960    
                                                              
       Heap:                         0       0         2048   
       Stack:                        0       0         512    
       Linker Generated:             0       193       0      
    +--+-----------------------------+-------+---------+---------+
       Grand Total:                  31972   75086     8094   


LINKER GENERATED COPY TABLES

__TI_cinit_table @ 0001a230 records: 2, size/record: 8, table size: 16
	.data: load addr=0001a178, load size=0000009d bytes, run addr=20001b38, run size=0000026d bytes, compression=lzss
	.bss: load addr=0001a228, load size=00000008 bytes, run addr=20000000, run size=00001331 bytes, compression=zero_init


LINKER GENERATED HANDLER TABLE

__TI_handler_table @ 0001a218 records: 3, size/record: 4, table size: 12
	index: 0, handler: __TI_decompress_lzss
	index: 1, handler: __TI_decompress_none
	index: 2, handler: __TI_zero_init


GLOBAL SYMBOLS: SORTED ALPHABETICALLY BY Name 

address   name                           
-------   ----                           
200012d0  Buff                           
20000450  Buff2                          
00019f21  C$$EXIT                        
00019e2f  C$$IO$$                        
00017e6f  Delayms                        
20000850  FatFs                          
20000000  File                           
00016079  GetUICommand                   
00018e03  HOSTclock                      
00018dcb  HOSTclose                      
00018d8d  HOSTgetenv                     
00018d31  HOSTlseek                      
00018cdf  HOSTopen                       
00018c93  HOSTread                       
00018c35  HOSTrename                     
00018bfb  HOSTtime                       
00018bad  HOSTtime64                     
00018b75  HOSTunlink                     
00018b29  HOSTwrite                      
00016185  LoadPlugin                     
00017c7d  PORT5_IRQHandler               
00017c7d  PORT5_IRQHandler               
00015f4b  ReadSci                        
00015f15  ReadSpiByte                    
00016105  ReadVS10xxMem                  
000160d9  ReadVS10xxMem32                
0001607b  ReadVS10xxMem32Counter         
00016077  RestoreUIState                 
UNDEFED   SHT$$INIT_ARRAY$$Base          
UNDEFED   SHT$$INIT_ARRAY$$Limit         
00016075  SaveUIState                    
000176ed  SysTick_Handler                
0001a0d5  SysTick_enableInterrupt        
0001a0e9  SysTick_enableModule           
0001a159  SysTick_setPeriod              
20001da0  SystemCoreClock                
00018801  SystemCoreClockUpdate          
00018a75  SystemInit                     
0001624d  VS1063PlayFile                 
00016865  VS1063RecordFile               
00016c4d  VSTestHandleFile               
00016b35  VSTestInitHardware             
00016b91  VSTestInitSoftware             
4000480c  WDTCTL_SYM                     
00015fd5  WriteSci                       
00016029  WriteSdi                       
00015ee5  WriteSpiByte                   
00015eb7  WriteSpiByteSDI                
0001611d  WriteVS10xxMem                 
0001613d  WriteVS10xxMem32               
20001088  __CIOBUF_                      
20010000  __STACK_END                    
00000200  __STACK_SIZE                   
00000800  __SYSMEM_SIZE                  
0001a230  __TI_CINIT_Base                
0001a240  __TI_CINIT_Limit               
0001a218  __TI_Handler_Table_Base        
0001a224  __TI_Handler_Table_Limit       
00019d29  __TI_auto_init                 
000199c5  __TI_buff_read                 
00019221  __TI_cleanup                   
20001d5c  __TI_cleanup_ptr               
00019b01  __TI_closefile                 
00019d99  __TI_decompress_lzss           
0001a14b  __TI_decompress_none           
00019851  __TI_doflush                   
20001d60  __TI_dtors_ptr                 
20001d64  __TI_enable_exit_profile_output
20001d4c  __TI_ft_end                    
ffffffff  __TI_pprof_out_hndl            
ffffffff  __TI_prof_data_size            
ffffffff  __TI_prof_data_start           
0001997b  __TI_rd_ok                     
00019e33  __TI_readmsg                   
00000000  __TI_static_base__             
200011a8  __TI_tmpnams                   
00019e01  __TI_writemsg                  
00019919  __TI_wrt_ok                    
0001a165  __TI_zero_init                 
00019fc1  __aeabi_d2iz                   
0001958d  __aeabi_dmul                   
0001a03f  __aeabi_i2d                    
00019cad  __aeabi_memclr                 
00019cad  __aeabi_memclr4                
00019cad  __aeabi_memclr8                
00019a65  __aeabi_memcpy                 
00019a65  __aeabi_memcpy4                
00019a65  __aeabi_memcpy8                
00019caf  __aeabi_memset                 
00019caf  __aeabi_memset4                
00019caf  __aeabi_memset8                
20001d58  __aeabi_stderr                 
20001d50  __aeabi_stdin                  
20001d54  __aeabi_stdout                 
ffffffff  __binit__                      
ffffffff  __c_args__                     
00019d27  __mpu_init                     
2000fe00  __stack                        
0001a08d  _args_main                     
00019ecd  _c_int00                       
20001b38  _ftable                        
20001d8c  _lock                          
0001a10b  _nop                           
0001a103  _register_lock                 
0001a0fd  _register_unlock               
20001338  _sys_memory                    
0001a0d3  _system_post_cinit             
0001a171  _system_pre_init               
20001d90  _unlock                        
00019f25  abort                          
000190ad  add_device                     
20001248  array                          
20001d38  audioFormat                    
ffffffff  binit                          
20001cfc  button_type                    
000187d1  calloc                         
00012446  chipNumber                     
0001905d  close                          
20001d94  cnt                            
00017f3b  commandWrite                   
00019f75  copy_in                        
20001d2c  current_music_option           
00017fcd  dataRead                       
00017fa9  dataWrite                      
20001cf8  data_byte                      
20001d08  data_received_flag             
0001771f  decode                         
0001a149  defaultISR                     
00015dfd  delay                          
00016fb1  disk_initialize                
00017331  disk_ioctl                     
0001726d  disk_read                      
00017247  disk_status                    
0001769b  disk_timerproc                 
00017305  disk_write                     
00019f2d  exit                           
00014d7d  f_chdir                        
000159b3  f_chmod                        
00014d4b  f_close                        
00015231  f_closedir                     
00014df1  f_getcwd                       
0001531f  f_getfree                      
00015ac9  f_getlabel                     
00014f61  f_lseek                        
00015681  f_mkdir                        
000144ab  f_mount                        
00014531  f_open                         
00015189  f_opendir                      
000147e1  f_read                         
00015253  f_readdir                      
00015857  f_rename                       
00015bc5  f_setlabel                     
000152cb  f_stat                         
00014c83  f_sync                         
0001545b  f_truncate                     
00015569  f_unlink                       
00015a4d  f_utime                        
00014a01  f_write                        
00019b67  fclose                         
00019489  ff_convert                     
00019533  ff_wtoupper                    
0001989d  fflush                         
20001328  file_path                      
00019277  fopen                          
00019b99  fputc                          
00019689  fread                          
0001851b  free                           
0001924d  freopen                        
20001321  fres                           
00019e69  fseek                          
0001931d  fwrite                         
000176f5  get_fattime                    
20001d0c  i                              
00000000  interruptVectors               
00019c35  irinit                         
20001d04  irq_i                          
20001d28  is_paused                      
20001d1c  k                              
00017ec9  lcdBusyWait                    
00018199  lcdclear                       
00018015  lcdgotoaddr                    
00018331  lcdinit                        
00018167  lcdmenu                        
0001825f  lcdpopulatefiles               
00017fed  lcdputch                       
00018035  lcdputstr                      
000181f5  lcdreadtextfile                
000181b5  lcdscrolldown                  
00019039  lseek                          
00017979  main                           
20001d9c  main_func_sp                   
000184b1  malloc                         
000186e5  memalign                       
0001a06d  memchr                         
00019a65  memcpy                         
00019cb5  memset                         
000176f9  min                            
00018431  minit                          
20001d74  mp3                            
20001d24  music_mode                     
20001d34  music_path                     
20001d30  my_path                        
00018f8b  open                           
20001330  playerState                    
000177fb  playmusic                      
0000e830  plugin                         
00019b99  putc                           
00019c1d  putchar                        
00017f05  putcommand                     
00017f73  putdata                        
00018f67  read                           
20001d20  read_mode                      
00017e93  readlcddata                    
000185dd  realloc                        
00016ce5  receive_response               
20001d14  received_option                
00018edd  remove                         
00018f3f  remove_device                  
00018f01  rename                         
2000132c  s1                             
00019775  setvbuf                        
00015e1f  spiinit                        
20001d10  start_flag                     
0001a0bd  strchr                         
0001a0a5  strcmp                         
0001a111  strcpy                         
0001a125  strlen                         
0001a009  strncpy                        
20001d18  ta_error                       
20001d80  text                           
00016cb5  transmit                       
00018edd  unlink                         
20001d00  valid_button                   
00018e4d  write                          


GLOBAL SYMBOLS: SORTED BY Symbol Address 

address   name                           
-------   ----                           
00000000  __TI_static_base__             
00000000  interruptVectors               
00000200  __STACK_SIZE                   
00000800  __SYSMEM_SIZE                  
0000e830  plugin                         
00012446  chipNumber                     
000144ab  f_mount                        
00014531  f_open                         
000147e1  f_read                         
00014a01  f_write                        
00014c83  f_sync                         
00014d4b  f_close                        
00014d7d  f_chdir                        
00014df1  f_getcwd                       
00014f61  f_lseek                        
00015189  f_opendir                      
00015231  f_closedir                     
00015253  f_readdir                      
000152cb  f_stat                         
0001531f  f_getfree                      
0001545b  f_truncate                     
00015569  f_unlink                       
00015681  f_mkdir                        
00015857  f_rename                       
000159b3  f_chmod                        
00015a4d  f_utime                        
00015ac9  f_getlabel                     
00015bc5  f_setlabel                     
00015dfd  delay                          
00015e1f  spiinit                        
00015eb7  WriteSpiByteSDI                
00015ee5  WriteSpiByte                   
00015f15  ReadSpiByte                    
00015f4b  ReadSci                        
00015fd5  WriteSci                       
00016029  WriteSdi                       
00016075  SaveUIState                    
00016077  RestoreUIState                 
00016079  GetUICommand                   
0001607b  ReadVS10xxMem32Counter         
000160d9  ReadVS10xxMem32                
00016105  ReadVS10xxMem                  
0001611d  WriteVS10xxMem                 
0001613d  WriteVS10xxMem32               
00016185  LoadPlugin                     
0001624d  VS1063PlayFile                 
00016865  VS1063RecordFile               
00016b35  VSTestInitHardware             
00016b91  VSTestInitSoftware             
00016c4d  VSTestHandleFile               
00016cb5  transmit                       
00016ce5  receive_response               
00016fb1  disk_initialize                
00017247  disk_status                    
0001726d  disk_read                      
00017305  disk_write                     
00017331  disk_ioctl                     
0001769b  disk_timerproc                 
000176ed  SysTick_Handler                
000176f5  get_fattime                    
000176f9  min                            
0001771f  decode                         
000177fb  playmusic                      
00017979  main                           
00017c7d  PORT5_IRQHandler               
00017c7d  PORT5_IRQHandler               
00017e6f  Delayms                        
00017e93  readlcddata                    
00017ec9  lcdBusyWait                    
00017f05  putcommand                     
00017f3b  commandWrite                   
00017f73  putdata                        
00017fa9  dataWrite                      
00017fcd  dataRead                       
00017fed  lcdputch                       
00018015  lcdgotoaddr                    
00018035  lcdputstr                      
00018167  lcdmenu                        
00018199  lcdclear                       
000181b5  lcdscrolldown                  
000181f5  lcdreadtextfile                
0001825f  lcdpopulatefiles               
00018331  lcdinit                        
00018431  minit                          
000184b1  malloc                         
0001851b  free                           
000185dd  realloc                        
000186e5  memalign                       
000187d1  calloc                         
00018801  SystemCoreClockUpdate          
00018a75  SystemInit                     
00018b29  HOSTwrite                      
00018b75  HOSTunlink                     
00018bad  HOSTtime64                     
00018bfb  HOSTtime                       
00018c35  HOSTrename                     
00018c93  HOSTread                       
00018cdf  HOSTopen                       
00018d31  HOSTlseek                      
00018d8d  HOSTgetenv                     
00018dcb  HOSTclose                      
00018e03  HOSTclock                      
00018e4d  write                          
00018edd  remove                         
00018edd  unlink                         
00018f01  rename                         
00018f3f  remove_device                  
00018f67  read                           
00018f8b  open                           
00019039  lseek                          
0001905d  close                          
000190ad  add_device                     
00019221  __TI_cleanup                   
0001924d  freopen                        
00019277  fopen                          
0001931d  fwrite                         
00019489  ff_convert                     
00019533  ff_wtoupper                    
0001958d  __aeabi_dmul                   
00019689  fread                          
00019775  setvbuf                        
00019851  __TI_doflush                   
0001989d  fflush                         
00019919  __TI_wrt_ok                    
0001997b  __TI_rd_ok                     
000199c5  __TI_buff_read                 
00019a65  __aeabi_memcpy                 
00019a65  __aeabi_memcpy4                
00019a65  __aeabi_memcpy8                
00019a65  memcpy                         
00019b01  __TI_closefile                 
00019b67  fclose                         
00019b99  fputc                          
00019b99  putc                           
00019c1d  putchar                        
00019c35  irinit                         
00019cad  __aeabi_memclr                 
00019cad  __aeabi_memclr4                
00019cad  __aeabi_memclr8                
00019caf  __aeabi_memset                 
00019caf  __aeabi_memset4                
00019caf  __aeabi_memset8                
00019cb5  memset                         
00019d27  __mpu_init                     
00019d29  __TI_auto_init                 
00019d99  __TI_decompress_lzss           
00019e01  __TI_writemsg                  
00019e2f  C$$IO$$                        
00019e33  __TI_readmsg                   
00019e69  fseek                          
00019ecd  _c_int00                       
00019f21  C$$EXIT                        
00019f25  abort                          
00019f2d  exit                           
00019f75  copy_in                        
00019fc1  __aeabi_d2iz                   
0001a009  strncpy                        
0001a03f  __aeabi_i2d                    
0001a06d  memchr                         
0001a08d  _args_main                     
0001a0a5  strcmp                         
0001a0bd  strchr                         
0001a0d3  _system_post_cinit             
0001a0d5  SysTick_enableInterrupt        
0001a0e9  SysTick_enableModule           
0001a0fd  _register_unlock               
0001a103  _register_lock                 
0001a10b  _nop                           
0001a111  strcpy                         
0001a125  strlen                         
0001a149  defaultISR                     
0001a14b  __TI_decompress_none           
0001a159  SysTick_setPeriod              
0001a165  __TI_zero_init                 
0001a171  _system_pre_init               
0001a218  __TI_Handler_Table_Base        
0001a224  __TI_Handler_Table_Limit       
0001a230  __TI_CINIT_Base                
0001a240  __TI_CINIT_Limit               
20000000  File                           
20000450  Buff2                          
20000850  FatFs                          
20001088  __CIOBUF_                      
200011a8  __TI_tmpnams                   
20001248  array                          
200012d0  Buff                           
20001321  fres                           
20001328  file_path                      
2000132c  s1                             
20001330  playerState                    
20001338  _sys_memory                    
20001b38  _ftable                        
20001cf8  data_byte                      
20001cfc  button_type                    
20001d00  valid_button                   
20001d04  irq_i                          
20001d08  data_received_flag             
20001d0c  i                              
20001d10  start_flag                     
20001d14  received_option                
20001d18  ta_error                       
20001d1c  k                              
20001d20  read_mode                      
20001d24  music_mode                     
20001d28  is_paused                      
20001d2c  current_music_option           
20001d30  my_path                        
20001d34  music_path                     
20001d38  audioFormat                    
20001d4c  __TI_ft_end                    
20001d50  __aeabi_stdin                  
20001d54  __aeabi_stdout                 
20001d58  __aeabi_stderr                 
20001d5c  __TI_cleanup_ptr               
20001d60  __TI_dtors_ptr                 
20001d64  __TI_enable_exit_profile_output
20001d74  mp3                            
20001d80  text                           
20001d8c  _lock                          
20001d90  _unlock                        
20001d94  cnt                            
20001d9c  main_func_sp                   
20001da0  SystemCoreClock                
2000fe00  __stack                        
20010000  __STACK_END                    
4000480c  WDTCTL_SYM                     
ffffffff  __TI_pprof_out_hndl            
ffffffff  __TI_prof_data_size            
ffffffff  __TI_prof_data_start           
ffffffff  __binit__                      
ffffffff  __c_args__                     
ffffffff  binit                          
UNDEFED   SHT$$INIT_ARRAY$$Base          
UNDEFED   SHT$$INIT_ARRAY$$Limit         

[234 symbols]
