******************************************************************************
                  TI ARM Linker PC v16.9.3                     
******************************************************************************
>> Linked Mon May 01 02:08:59 2017

OUTPUT FILE NAME:   <driverlib_empty_project.out>
ENTRY POINT SYMBOL: "_c_int00"  address: 0001a0ad


MEMORY CONFIGURATION

         name            origin    length      used     unused   attr    fill
----------------------  --------  ---------  --------  --------  ----  --------
  MAIN                  00000000   00040000  0001a41a  00025be6  R  X
  INFO                  00200000   00004000  00000000  00004000  R  X
  SRAM_CODE             01000000   00010000  00000000  00010000  RW X
  SRAM_DATA             20000000   00010000  00001fa6  0000e05a  RW  


SEGMENT ALLOCATION MAP

run origin  load origin   length   init length attrs members
----------  ----------- ---------- ----------- ----- -------
00000000    00000000    0001a420   0001a420    r-x
  00000000    00000000    00000140   00000140    r-- .intvecs
  00000140    00000140    0001234e   0001234e    r-- .const
  00012490    00012490    00007ec4   00007ec4    r-x .text
  0001a358    0001a358    000000c8   000000c8    r-- .cinit
20000000    20000000    00001da9   00000000    rw-
  20000000    20000000    00001335   00000000    rw- .bss
  20001338    20001338    00000800   00000000    rw- .sysmem
  20001b38    20001b38    00000271   00000000    rw- .data
2000fe00    2000fe00    00000200   00000000    rw-
  2000fe00    2000fe00    00000200   00000000    rw- .stack


SECTION ALLOCATION MAP

 output                                  attributes/
section   page    origin      length       input sections
--------  ----  ----------  ----------   ----------------
.intvecs   0    00000000    00000140     
                  00000000    00000140     startup_msp432p401r_ccs.obj (.intvecs:retain)

.const     0    00000140    0001234e     
                  00000140    00007378     cc932.obj (.const:sjis2uni)
                  000074b8    00007378     cc932.obj (.const:uni2sjis)
                  0000e830    00003828     player1063.obj (.const:plugin)
                  00012058    000001e0     cc932.obj (.const:tbl_lower$1)
                  00012238    000001e0     cc932.obj (.const:tbl_upper$2)
                  00012418    0000002e     lcd.obj (.const:.string)
                  00012446    00000020     player1063.obj (.const:chipNumber)
                  00012466    00000010     ff.obj (.const:.string:badchr$1)
                  00012476    0000000d     ff.obj (.const:.string:LfnOfs)
                  00012483    00000001     --HOLE-- [fill = 0]
                  00012484    0000000a     main.obj (.const:.string)

.text      0    00012490    00007ec4     
                  00012490    0000396c     ff.obj (.text)
                  00015dfc    00000eb8     player1063.obj (.text)
                  00016cb4    00000a38     mmc_ssp.obj (.text)
                  000176ec    0000093c     main.obj (.text)
                  00018028    000005e8     lcd.obj (.text)
                  00018610    000003d0     rtsv7M4_T_le_v4SPD16_eabi.lib : memory.obj (.text)
                  000189e0    00000328     system_msp432p401r.obj (.text)
                  00018d08    00000324     rtsv7M4_T_le_v4SPD16_eabi.lib : trgdrv.obj (.text)
                  0001902c    0000030c                                   : lowlev.obj (.text)
                  00019338    000001c4                                   : fopen.obj (.text)
                  000194fc    0000016c                                   : fwrite.obj (.text)
                  00019668    00000104     cc932.obj (.text)
                  0001976c    000000fc     rtsv7M4_T_le_v4SPD16_eabi.lib : fd_mul_t2.obj (.text)
                  00019868    000000ec                                   : fread.obj (.text)
                  00019954    000000dc                                   : setvbuf.obj (.text)
                  00019a30    000000c8                                   : fflush.obj (.text)
                  00019af8    000000ac                                   : _io_perm.obj (.text)
                  00019ba4    000000a0                                   : _bufread.obj (.text)
                  00019c44    0000009c                                   : memcpy_t2.obj (.text)
                  00019ce0    00000098                                   : fclose.obj (.text)
                  00019d78    00000098                                   : fputc.obj (.text)
                  00019e10    0000007c     ir.obj (.text)
                  00019e8c    0000007a     rtsv7M4_T_le_v4SPD16_eabi.lib : memset_t2.obj (.text)
                  00019f06    00000002                                   : mpu_init.obj (.text)
                  00019f08    00000070                                   : autoinit.obj (.text)
                  00019f78    00000068                                   : copy_decompress_lzss.obj (.text:decompress:lzss)
                  00019fe0    00000068                                   : trgmsg.obj (.text)
                  0001a048    00000064                                   : fseek.obj (.text)
                  0001a0ac    00000054                                   : boot.obj (.text)
                  0001a100    00000054                                   : exit.obj (.text)
                  0001a154    0000004c                                   : cpy_tbl.obj (.text)
                  0001a1a0    00000048                                   : fd_toi_t2.obj (.text)
                  0001a1e8    00000036                                   : strncpy.obj (.text)
                  0001a21e    0000002e                                   : i_tofd_t2.obj (.text)
                  0001a24c    00000020                                   : memchr.obj (.text)
                  0001a26c    00000018                                   : args_main.obj (.text)
                  0001a284    00000018                                   : strcmp.obj (.text)
                  0001a29c    00000016                                   : strchr.obj (.text)
                  0001a2b2    00000002                                   : startup.obj (.text)
                  0001a2b4    00000014     msp432p4xx_driverlib.lib : systick.o (.text:SysTick_enableInterrupt)
                  0001a2c8    00000014                              : systick.o (.text:SysTick_enableModule)
                  0001a2dc    00000014     rtsv7M4_T_le_v4SPD16_eabi.lib : _lock.obj (.text)
                  0001a2f0    00000014                                   : strcpy.obj (.text)
                  0001a304    00000014                                   : strlen.obj (.text)
                  0001a318    00000012     startup_msp432p401r_ccs.obj (.text)
                  0001a32a    0000000e     rtsv7M4_T_le_v4SPD16_eabi.lib : copy_decompress_none.obj (.text:decompress:none)
                  0001a338    0000000c     msp432p4xx_driverlib.lib : systick.o (.text:SysTick_setPeriod)
                  0001a344    0000000c     rtsv7M4_T_le_v4SPD16_eabi.lib : copy_zero_init.obj (.text:decompress:ZI)
                  0001a350    00000004                                   : pre_init.obj (.text)

.cinit     0    0001a358    000000c8     
                  0001a358    000000a1     (.cinit..data.load) [load image, compression = lzss]
                  0001a3f9    00000003     --HOLE-- [fill = 0]
                  0001a3fc    0000000c     (__TI_handler_table)
                  0001a408    00000008     (.cinit..bss.load) [load image, compression = zero_init]
                  0001a410    00000010     (__TI_cinit_table)

.init_array 
*          0    00000000    00000000     UNINITIALIZED

.bss       0    20000000    00001335     UNINITIALIZED
                  20000000    00000450     (.common:File)
                  20000450    00000400     (.common:Buff2)
                  20000850    00000238     (.common:FatFs)
                  20000a88    00000200     ff.obj (.bss:LfnBuf)
                  20000c88    00000200     player1063.obj (.bss:playBuf$1)
                  20000e88    00000200     player1063.obj (.bss:recBuf$6)
                  20001088    00000120     rtsv7M4_T_le_v4SPD16_eabi.lib : trgmsg.obj (.bss:_CIOBUF_)
                  200011a8    000000a0     (.common:__TI_tmpnams)
                  20001248    00000088     (.common:array)
                  200012d0    00000040     (.common:Buff)
                  20001310    00000009     mmc_ssp.obj (.bss)
                  20001319    00000008     rtsv7M4_T_le_v4SPD16_eabi.lib : trgdrv.obj (.bss:parmbuf)
                  20001321    00000001     (.common:fres)
                  20001322    00000002     ff.obj (.bss)
                  20001324    00000004     ff.obj (.bss:FatFs)
                  20001328    00000004     (.common:file_path)
                  2000132c    00000004     (.common:s1)
                  20001330    00000004     (.common:vol_level)
                  20001334    00000001     (.common:playerState)

.sysmem    0    20001338    00000800     UNINITIALIZED
                  20001338    00000008     rtsv7M4_T_le_v4SPD16_eabi.lib : memory.obj (.sysmem)
                  20001340    000007f8     --HOLE--

.data      0    20001b38    00000271     UNINITIALIZED
                  20001b38    000000f0     rtsv7M4_T_le_v4SPD16_eabi.lib : defs.obj (.data:_ftable)
                  20001c28    000000d0                                   : lowlev.obj (.data:$O1$$)
                  20001cf8    00000044     main.obj (.data)
                  20001d3c    00000014     player1063.obj (.data)
                  20001d50    00000010     rtsv7M4_T_le_v4SPD16_eabi.lib : defs.obj (.data)
                  20001d60    0000000c                                   : exit.obj (.data:$O1$$)
                  20001d6c    0000000c                                   : memory.obj (.data:$O1$$)
                  20001d78    0000000c     lcd.obj (.data:mp3)
                  20001d84    0000000c     lcd.obj (.data:text)
                  20001d90    00000008     rtsv7M4_T_le_v4SPD16_eabi.lib : _lock.obj (.data:$O1$$)
                  20001d98    00000004     lcd.obj (.data)
                  20001d9c    00000004     rtsv7M4_T_le_v4SPD16_eabi.lib : fopen.obj (.data)
                  20001da0    00000004                                   : stkdepth_vars.obj (.data)
                  20001da4    00000004     system_msp432p401r.obj (.data)
                  20001da8    00000001     mmc_ssp.obj (.data)

.stack     0    2000fe00    00000200     UNINITIALIZED
                  2000fe00    00000200     --HOLE--

MODULE SUMMARY

       Module                        code    ro data   rw data
       ------                        ----    -------   -------
    .\
       player1063.obj                3768    14408     1045   
       ff.obj                        14700   29        518    
       main.obj                      2364    10        1232   
       lcd.obj                       1512    46        1773   
       mmc_ssp.obj                   2616    0         10     
       system_msp432p401r.obj        808     0         4      
       startup_msp432p401r_ccs.obj   18      320       0      
       ir.obj                        124     0         0      
    +--+-----------------------------+-------+---------+---------+
       Total:                        25910   14813     4582   
                                                              
    .\option\
       cc932.obj                     260     60080     0      
    +--+-----------------------------+-------+---------+---------+
       Total:                        260     60080     0      
                                                              
    C:/ti/msp/MSP432Ware_3_50_00_02/driverlib/driverlib/MSP432P4xx/ccs/msp432p4xx_driverlib.lib
       systick.o                     52      0         0      
    +--+-----------------------------+-------+---------+---------+
       Total:                        52      0         0      
                                                              
    C:\ti\ccsv6\tools\compiler\ti-cgt-arm_16.9.3.LTS\lib\rtsv7M4_T_le_v4SPD16_eabi.lib
       lowlev.obj                    780     0         208    
       memory.obj                    976     0         12     
       trgdrv.obj                    804     0         8      
       fopen.obj                     452     0         4      
       defs.obj                      0       0         416    
       trgmsg.obj                    104     0         288    
       fwrite.obj                    364     0         0      
       fd_mul_t2.obj                 252     0         0      
       fread.obj                     236     0         0      
       setvbuf.obj                   220     0         0      
       fflush.obj                    200     0         0      
       _io_perm.obj                  172     0         0      
       _bufread.obj                  160     0         0      
       memcpy_t2.obj                 156     0         0      
       fclose.obj                    152     0         0      
       fputc.obj                     152     0         0      
       memset_t2.obj                 122     0         0      
       autoinit.obj                  112     0         0      
       copy_decompress_lzss.obj      104     0         0      
       fseek.obj                     100     0         0      
       exit.obj                      84      0         12     
       boot.obj                      84      0         0      
       cpy_tbl.obj                   76      0         0      
       fd_toi_t2.obj                 72      0         0      
       strncpy.obj                   54      0         0      
       i_tofd_t2.obj                 46      0         0      
       memchr.obj                    32      0         0      
       _lock.obj                     20      0         8      
       args_main.obj                 24      0         0      
       strcmp.obj                    24      0         0      
       strchr.obj                    22      0         0      
       strcpy.obj                    20      0         0      
       strlen.obj                    20      0         0      
       copy_decompress_none.obj      14      0         0      
       copy_zero_init.obj            12      0         0      
       pre_init.obj                  4       0         0      
       stkdepth_vars.obj             0       0         4      
       mpu_init.obj                  2       0         0      
       startup.obj                   2       0         0      
    +--+-----------------------------+-------+---------+---------+
       Total:                        6230    0         960    
                                                              
       Heap:                         0       0         2048   
       Stack:                        0       0         512    
       Linker Generated:             0       197       0      
    +--+-----------------------------+-------+---------+---------+
       Grand Total:                  32452   75090     8102   


LINKER GENERATED COPY TABLES

__TI_cinit_table @ 0001a410 records: 2, size/record: 8, table size: 16
	.data: load addr=0001a358, load size=000000a1 bytes, run addr=20001b38, run size=00000271 bytes, compression=lzss
	.bss: load addr=0001a408, load size=00000008 bytes, run addr=20000000, run size=00001335 bytes, compression=zero_init


LINKER GENERATED HANDLER TABLE

__TI_handler_table @ 0001a3fc records: 3, size/record: 4, table size: 12
	index: 0, handler: __TI_decompress_lzss
	index: 1, handler: __TI_decompress_none
	index: 2, handler: __TI_zero_init


GLOBAL SYMBOLS: SORTED ALPHABETICALLY BY Name 

address   name                           
-------   ----                           
200012d0  Buff                           
20000450  Buff2                          
0001a101  C$$EXIT                        
0001a00f  C$$IO$$                        
0001804f  Delayms                        
20000850  FatFs                          
20000000  File                           
00016079  GetUICommand                   
00018fe3  HOSTclock                      
00018fab  HOSTclose                      
00018f6d  HOSTgetenv                     
00018f11  HOSTlseek                      
00018ebf  HOSTopen                       
00018e73  HOSTread                       
00018e15  HOSTrename                     
00018ddb  HOSTtime                       
00018d8d  HOSTtime64                     
00018d55  HOSTunlink                     
00018d09  HOSTwrite                      
00016185  LoadPlugin                     
00017e59  PORT5_IRQHandler               
00017e59  PORT5_IRQHandler               
00015f4b  ReadSci                        
00015f15  ReadSpiByte                    
00016105  ReadVS10xxMem                  
000160d9  ReadVS10xxMem32                
0001607b  ReadVS10xxMem32Counter         
00016077  RestoreUIState                 
UNDEFED   SHT$$INIT_ARRAY$$Base          
UNDEFED   SHT$$INIT_ARRAY$$Limit         
00016075  SaveUIState                    
000176ed  SysTick_Handler                
0001a2b5  SysTick_enableInterrupt        
0001a2c9  SysTick_enableModule           
0001a339  SysTick_setPeriod              
20001da4  SystemCoreClock                
000189e1  SystemCoreClockUpdate          
00018c55  SystemInit                     
0001624d  VS1063PlayFile                 
00016865  VS1063RecordFile               
00016c4d  VSTestHandleFile               
00016b35  VSTestInitHardware             
00016b91  VSTestInitSoftware             
4000480c  WDTCTL_SYM                     
00015fd5  WriteSci                       
00016029  WriteSdi                       
00015ee5  WriteSpiByte                   
00015eb7  WriteSpiByteSDI                
0001611d  WriteVS10xxMem                 
0001613d  WriteVS10xxMem32               
20001088  __CIOBUF_                      
20010000  __STACK_END                    
00000200  __STACK_SIZE                   
00000800  __SYSMEM_SIZE                  
0001a410  __TI_CINIT_Base                
0001a420  __TI_CINIT_Limit               
0001a3fc  __TI_Handler_Table_Base        
0001a408  __TI_Handler_Table_Limit       
00019f09  __TI_auto_init                 
00019ba5  __TI_buff_read                 
00019401  __TI_cleanup                   
20001d60  __TI_cleanup_ptr               
00019ce1  __TI_closefile                 
00019f79  __TI_decompress_lzss           
0001a32b  __TI_decompress_none           
00019a31  __TI_doflush                   
20001d64  __TI_dtors_ptr                 
20001d68  __TI_enable_exit_profile_output
20001d50  __TI_ft_end                    
ffffffff  __TI_pprof_out_hndl            
ffffffff  __TI_prof_data_size            
ffffffff  __TI_prof_data_start           
00019b5b  __TI_rd_ok                     
0001a013  __TI_readmsg                   
00000000  __TI_static_base__             
200011a8  __TI_tmpnams                   
00019fe1  __TI_writemsg                  
00019af9  __TI_wrt_ok                    
0001a345  __TI_zero_init                 
0001a1a1  __aeabi_d2iz                   
0001976d  __aeabi_dmul                   
0001a21f  __aeabi_i2d                    
00019e8d  __aeabi_memclr                 
00019e8d  __aeabi_memclr4                
00019e8d  __aeabi_memclr8                
00019c45  __aeabi_memcpy                 
00019c45  __aeabi_memcpy4                
00019c45  __aeabi_memcpy8                
00019e8f  __aeabi_memset                 
00019e8f  __aeabi_memset4                
00019e8f  __aeabi_memset8                
20001d5c  __aeabi_stderr                 
20001d54  __aeabi_stdin                  
20001d58  __aeabi_stdout                 
ffffffff  __binit__                      
ffffffff  __c_args__                     
00019f07  __mpu_init                     
2000fe00  __stack                        
0001a26d  _args_main                     
0001a0ad  _c_int00                       
20001b38  _ftable                        
20001d90  _lock                          
0001a2eb  _nop                           
0001a2e3  _register_lock                 
0001a2dd  _register_unlock               
20001338  _sys_memory                    
0001a2b3  _system_post_cinit             
0001a351  _system_pre_init               
20001d94  _unlock                        
0001a105  abort                          
0001928d  add_device                     
20001248  array                          
20001d3c  audioFormat                    
ffffffff  binit                          
20001cfc  button_type                    
000189b1  calloc                         
00012446  chipNumber                     
0001923d  close                          
20001d98  cnt                            
0001811b  commandWrite                   
0001a155  copy_in                        
20001d30  current_music_option           
20001d20  current_volume                 
000181ad  dataRead                       
00018189  dataWrite                      
20001cf8  data_byte                      
20001d08  data_received_flag             
0001771f  decode                         
0001a329  defaultISR                     
00015dfd  delay                          
00016fb1  disk_initialize                
00017331  disk_ioctl                     
0001726d  disk_read                      
00017247  disk_status                    
0001769b  disk_timerproc                 
00017305  disk_write                     
0001a10d  exit                           
00014d7d  f_chdir                        
000159b3  f_chmod                        
00014d4b  f_close                        
00015231  f_closedir                     
00014df1  f_getcwd                       
0001531f  f_getfree                      
00015ac9  f_getlabel                     
00014f61  f_lseek                        
00015681  f_mkdir                        
000144ab  f_mount                        
00014531  f_open                         
00015189  f_opendir                      
000147e1  f_read                         
00015253  f_readdir                      
00015857  f_rename                       
00015bc5  f_setlabel                     
000152cb  f_stat                         
00014c83  f_sync                         
0001545b  f_truncate                     
00015569  f_unlink                       
00015a4d  f_utime                        
00014a01  f_write                        
00019d47  fclose                         
00019669  ff_convert                     
00019713  ff_wtoupper                    
00019a7d  fflush                         
20001328  file_path                      
00019457  fopen                          
00019d79  fputc                          
00019869  fread                          
000186fb  free                           
0001942d  freopen                        
20001321  fres                           
0001a049  fseek                          
000194fd  fwrite                         
000176f5  get_fattime                    
0001781b  getvolumerange                 
20001d0c  i                              
00000000  interruptVectors               
00019e15  irinit                         
20001d04  irq_i                          
20001d2c  is_paused                      
20001d1c  k                              
000180a9  lcdBusyWait                    
00018379  lcdclear                       
000181f5  lcdgotoaddr                    
00018511  lcdinit                        
00018347  lcdmenu                        
0001843f  lcdpopulatefiles               
000181cd  lcdputch                       
00018215  lcdputstr                      
000183d5  lcdreadtextfile                
00018395  lcdscrolldown                  
00019219  lseek                          
00017a99  main                           
20001da0  main_func_sp                   
00018691  malloc                         
000188c5  memalign                       
0001a24d  memchr                         
00019c45  memcpy                         
00019e95  memset                         
000176f9  min                            
00018611  minit                          
20001d78  mp3                            
20001d28  music_mode                     
20001d38  music_path                     
20001d34  my_path                        
0001916b  open                           
20001334  playerState                    
000178d9  playmusic                      
0000e830  plugin                         
00019d79  putc                           
00019dfd  putchar                        
000180e5  putcommand                     
00018153  putdata                        
00019147  read                           
20001d24  read_mode                      
00018073  readlcddata                    
000187bd  realloc                        
00016ce5  receive_response               
20001d14  received_option                
000190bd  remove                         
0001911f  remove_device                  
000190e1  rename                         
2000132c  s1                             
00019955  setvbuf                        
00015e1f  spiinit                        
20001d10  start_flag                     
0001a29d  strchr                         
0001a285  strcmp                         
0001a2f1  strcpy                         
0001a305  strlen                         
0001a1e9  strncpy                        
20001d18  ta_error                       
20001d84  text                           
00016cb5  transmit                       
000190bd  unlink                         
20001d00  valid_button                   
20001330  vol_level                      
0001902d  write                          


GLOBAL SYMBOLS: SORTED BY Symbol Address 

address   name                           
-------   ----                           
00000000  __TI_static_base__             
00000000  interruptVectors               
00000200  __STACK_SIZE                   
00000800  __SYSMEM_SIZE                  
0000e830  plugin                         
00012446  chipNumber                     
000144ab  f_mount                        
00014531  f_open                         
000147e1  f_read                         
00014a01  f_write                        
00014c83  f_sync                         
00014d4b  f_close                        
00014d7d  f_chdir                        
00014df1  f_getcwd                       
00014f61  f_lseek                        
00015189  f_opendir                      
00015231  f_closedir                     
00015253  f_readdir                      
000152cb  f_stat                         
0001531f  f_getfree                      
0001545b  f_truncate                     
00015569  f_unlink                       
00015681  f_mkdir                        
00015857  f_rename                       
000159b3  f_chmod                        
00015a4d  f_utime                        
00015ac9  f_getlabel                     
00015bc5  f_setlabel                     
00015dfd  delay                          
00015e1f  spiinit                        
00015eb7  WriteSpiByteSDI                
00015ee5  WriteSpiByte                   
00015f15  ReadSpiByte                    
00015f4b  ReadSci                        
00015fd5  WriteSci                       
00016029  WriteSdi                       
00016075  SaveUIState                    
00016077  RestoreUIState                 
00016079  GetUICommand                   
0001607b  ReadVS10xxMem32Counter         
000160d9  ReadVS10xxMem32                
00016105  ReadVS10xxMem                  
0001611d  WriteVS10xxMem                 
0001613d  WriteVS10xxMem32               
00016185  LoadPlugin                     
0001624d  VS1063PlayFile                 
00016865  VS1063RecordFile               
00016b35  VSTestInitHardware             
00016b91  VSTestInitSoftware             
00016c4d  VSTestHandleFile               
00016cb5  transmit                       
00016ce5  receive_response               
00016fb1  disk_initialize                
00017247  disk_status                    
0001726d  disk_read                      
00017305  disk_write                     
00017331  disk_ioctl                     
0001769b  disk_timerproc                 
000176ed  SysTick_Handler                
000176f5  get_fattime                    
000176f9  min                            
0001771f  decode                         
0001781b  getvolumerange                 
000178d9  playmusic                      
00017a99  main                           
00017e59  PORT5_IRQHandler               
00017e59  PORT5_IRQHandler               
0001804f  Delayms                        
00018073  readlcddata                    
000180a9  lcdBusyWait                    
000180e5  putcommand                     
0001811b  commandWrite                   
00018153  putdata                        
00018189  dataWrite                      
000181ad  dataRead                       
000181cd  lcdputch                       
000181f5  lcdgotoaddr                    
00018215  lcdputstr                      
00018347  lcdmenu                        
00018379  lcdclear                       
00018395  lcdscrolldown                  
000183d5  lcdreadtextfile                
0001843f  lcdpopulatefiles               
00018511  lcdinit                        
00018611  minit                          
00018691  malloc                         
000186fb  free                           
000187bd  realloc                        
000188c5  memalign                       
000189b1  calloc                         
000189e1  SystemCoreClockUpdate          
00018c55  SystemInit                     
00018d09  HOSTwrite                      
00018d55  HOSTunlink                     
00018d8d  HOSTtime64                     
00018ddb  HOSTtime                       
00018e15  HOSTrename                     
00018e73  HOSTread                       
00018ebf  HOSTopen                       
00018f11  HOSTlseek                      
00018f6d  HOSTgetenv                     
00018fab  HOSTclose                      
00018fe3  HOSTclock                      
0001902d  write                          
000190bd  remove                         
000190bd  unlink                         
000190e1  rename                         
0001911f  remove_device                  
00019147  read                           
0001916b  open                           
00019219  lseek                          
0001923d  close                          
0001928d  add_device                     
00019401  __TI_cleanup                   
0001942d  freopen                        
00019457  fopen                          
000194fd  fwrite                         
00019669  ff_convert                     
00019713  ff_wtoupper                    
0001976d  __aeabi_dmul                   
00019869  fread                          
00019955  setvbuf                        
00019a31  __TI_doflush                   
00019a7d  fflush                         
00019af9  __TI_wrt_ok                    
00019b5b  __TI_rd_ok                     
00019ba5  __TI_buff_read                 
00019c45  __aeabi_memcpy                 
00019c45  __aeabi_memcpy4                
00019c45  __aeabi_memcpy8                
00019c45  memcpy                         
00019ce1  __TI_closefile                 
00019d47  fclose                         
00019d79  fputc                          
00019d79  putc                           
00019dfd  putchar                        
00019e15  irinit                         
00019e8d  __aeabi_memclr                 
00019e8d  __aeabi_memclr4                
00019e8d  __aeabi_memclr8                
00019e8f  __aeabi_memset                 
00019e8f  __aeabi_memset4                
00019e8f  __aeabi_memset8                
00019e95  memset                         
00019f07  __mpu_init                     
00019f09  __TI_auto_init                 
00019f79  __TI_decompress_lzss           
00019fe1  __TI_writemsg                  
0001a00f  C$$IO$$                        
0001a013  __TI_readmsg                   
0001a049  fseek                          
0001a0ad  _c_int00                       
0001a101  C$$EXIT                        
0001a105  abort                          
0001a10d  exit                           
0001a155  copy_in                        
0001a1a1  __aeabi_d2iz                   
0001a1e9  strncpy                        
0001a21f  __aeabi_i2d                    
0001a24d  memchr                         
0001a26d  _args_main                     
0001a285  strcmp                         
0001a29d  strchr                         
0001a2b3  _system_post_cinit             
0001a2b5  SysTick_enableInterrupt        
0001a2c9  SysTick_enableModule           
0001a2dd  _register_unlock               
0001a2e3  _register_lock                 
0001a2eb  _nop                           
0001a2f1  strcpy                         
0001a305  strlen                         
0001a329  defaultISR                     
0001a32b  __TI_decompress_none           
0001a339  SysTick_setPeriod              
0001a345  __TI_zero_init                 
0001a351  _system_pre_init               
0001a3fc  __TI_Handler_Table_Base        
0001a408  __TI_Handler_Table_Limit       
0001a410  __TI_CINIT_Base                
0001a420  __TI_CINIT_Limit               
20000000  File                           
20000450  Buff2                          
20000850  FatFs                          
20001088  __CIOBUF_                      
200011a8  __TI_tmpnams                   
20001248  array                          
200012d0  Buff                           
20001321  fres                           
20001328  file_path                      
2000132c  s1                             
20001330  vol_level                      
20001334  playerState                    
20001338  _sys_memory                    
20001b38  _ftable                        
20001cf8  data_byte                      
20001cfc  button_type                    
20001d00  valid_button                   
20001d04  irq_i                          
20001d08  data_received_flag             
20001d0c  i                              
20001d10  start_flag                     
20001d14  received_option                
20001d18  ta_error                       
20001d1c  k                              
20001d20  current_volume                 
20001d24  read_mode                      
20001d28  music_mode                     
20001d2c  is_paused                      
20001d30  current_music_option           
20001d34  my_path                        
20001d38  music_path                     
20001d3c  audioFormat                    
20001d50  __TI_ft_end                    
20001d54  __aeabi_stdin                  
20001d58  __aeabi_stdout                 
20001d5c  __aeabi_stderr                 
20001d60  __TI_cleanup_ptr               
20001d64  __TI_dtors_ptr                 
20001d68  __TI_enable_exit_profile_output
20001d78  mp3                            
20001d84  text                           
20001d90  _lock                          
20001d94  _unlock                        
20001d98  cnt                            
20001da0  main_func_sp                   
20001da4  SystemCoreClock                
2000fe00  __stack                        
20010000  __STACK_END                    
4000480c  WDTCTL_SYM                     
ffffffff  __TI_pprof_out_hndl            
ffffffff  __TI_prof_data_size            
ffffffff  __TI_prof_data_start           
ffffffff  __binit__                      
ffffffff  __c_args__                     
ffffffff  binit                          
UNDEFED   SHT$$INIT_ARRAY$$Base          
UNDEFED   SHT$$INIT_ARRAY$$Limit         

[237 symbols]
