<?xml version="1.0"?>
<link_info>
   <banner>TI ARM Linker PC v16.9.3.LTS</banner>
   <copyright>Copyright (c) 1996-2017 Texas Instruments Incorporated</copyright>
   <link_time>0x590ed916</link_time>
   <link_errors>0x0</link_errors>
   <output_file>driverlib_empty_project.out</output_file>
   <entry_point>
      <name>_c_int00</name>
      <address>0x19169</address>
   </entry_point>
   <input_file_list>
      <input_file id="fl-2">
         <path>.\</path>
         <kind>object</kind>
         <file>ff.obj</file>
         <name>ff.obj</name>
      </input_file>
      <input_file id="fl-3">
         <path>.\</path>
         <kind>object</kind>
         <file>ir.obj</file>
         <name>ir.obj</name>
      </input_file>
      <input_file id="fl-4">
         <path>.\</path>
         <kind>object</kind>
         <file>lcd.obj</file>
         <name>lcd.obj</name>
      </input_file>
      <input_file id="fl-5">
         <path>.\</path>
         <kind>object</kind>
         <file>main.obj</file>
         <name>main.obj</name>
      </input_file>
      <input_file id="fl-6">
         <path>.\</path>
         <kind>object</kind>
         <file>mmc_ssp.obj</file>
         <name>mmc_ssp.obj</name>
      </input_file>
      <input_file id="fl-7">
         <path>.\</path>
         <kind>object</kind>
         <file>player1063.obj</file>
         <name>player1063.obj</name>
      </input_file>
      <input_file id="fl-8">
         <path>.\</path>
         <kind>object</kind>
         <file>startup_msp432p401r_ccs.obj</file>
         <name>startup_msp432p401r_ccs.obj</name>
      </input_file>
      <input_file id="fl-9">
         <path>.\</path>
         <kind>object</kind>
         <file>system_msp432p401r.obj</file>
         <name>system_msp432p401r.obj</name>
      </input_file>
      <input_file id="fl-a">
         <path>.\option\</path>
         <kind>object</kind>
         <file>cc932.obj</file>
         <name>cc932.obj</name>
      </input_file>
      <input_file id="fl-f">
         <kind>object</kind>
         <file>&lt;internal&gt;</file>
         <name>&lt;internal&gt;</name>
      </input_file>
      <input_file id="fl-10">
         <path>C:\ti\msp\MSP432Ware_3_50_00_02\driverlib\driverlib\MSP432P4xx\ccs\</path>
         <kind>archive</kind>
         <file>msp432p4xx_driverlib.lib</file>
         <name>systick.o</name>
      </input_file>
      <input_file id="fl-11">
         <path>C:\ti\msp\MSP432Ware_3_50_00_02\driverlib\driverlib\MSP432P4xx\ccs\</path>
         <kind>archive</kind>
         <file>msp432p4xx_driverlib.lib</file>
         <name>interrupt.o</name>
      </input_file>
      <input_file id="fl-12">
         <path>C:\ti\msp\MSP432Ware_3_50_00_02\driverlib\driverlib\MSP432P4xx\ccs\</path>
         <kind>archive</kind>
         <file>msp432p4xx_driverlib.lib</file>
         <name>cpu.o</name>
      </input_file>
      <input_file id="fl-c8">
         <path>C:\ti\ccsv6\tools\compiler\ti-cgt-arm_16.9.3.LTS\lib\</path>
         <kind>archive</kind>
         <file>rtsv7M4_T_le_v4SPD16_eabi.lib</file>
         <name>boot.obj</name>
      </input_file>
      <input_file id="fl-c9">
         <path>C:\ti\ccsv6\tools\compiler\ti-cgt-arm_16.9.3.LTS\lib\</path>
         <kind>archive</kind>
         <file>rtsv7M4_T_le_v4SPD16_eabi.lib</file>
         <name>copy_decompress_lzss.obj</name>
      </input_file>
      <input_file id="fl-ca">
         <path>C:\ti\ccsv6\tools\compiler\ti-cgt-arm_16.9.3.LTS\lib\</path>
         <kind>archive</kind>
         <file>rtsv7M4_T_le_v4SPD16_eabi.lib</file>
         <name>copy_decompress_none.obj</name>
      </input_file>
      <input_file id="fl-cb">
         <path>C:\ti\ccsv6\tools\compiler\ti-cgt-arm_16.9.3.LTS\lib\</path>
         <kind>archive</kind>
         <file>rtsv7M4_T_le_v4SPD16_eabi.lib</file>
         <name>copy_zero_init.obj</name>
      </input_file>
      <input_file id="fl-cc">
         <path>C:\ti\ccsv6\tools\compiler\ti-cgt-arm_16.9.3.LTS\lib\</path>
         <kind>archive</kind>
         <file>rtsv7M4_T_le_v4SPD16_eabi.lib</file>
         <name>exit.obj</name>
      </input_file>
      <input_file id="fl-cd">
         <path>C:\ti\ccsv6\tools\compiler\ti-cgt-arm_16.9.3.LTS\lib\</path>
         <kind>archive</kind>
         <file>rtsv7M4_T_le_v4SPD16_eabi.lib</file>
         <name>memcpy_t2.obj</name>
      </input_file>
      <input_file id="fl-ce">
         <path>C:\ti\ccsv6\tools\compiler\ti-cgt-arm_16.9.3.LTS\lib\</path>
         <kind>archive</kind>
         <file>rtsv7M4_T_le_v4SPD16_eabi.lib</file>
         <name>memset_t2.obj</name>
      </input_file>
      <input_file id="fl-cf">
         <path>C:\ti\ccsv6\tools\compiler\ti-cgt-arm_16.9.3.LTS\lib\</path>
         <kind>archive</kind>
         <file>rtsv7M4_T_le_v4SPD16_eabi.lib</file>
         <name>mpu_init.obj</name>
      </input_file>
      <input_file id="fl-d0">
         <path>C:\ti\ccsv6\tools\compiler\ti-cgt-arm_16.9.3.LTS\lib\</path>
         <kind>archive</kind>
         <file>rtsv7M4_T_le_v4SPD16_eabi.lib</file>
         <name>pre_init.obj</name>
      </input_file>
      <input_file id="fl-d1">
         <path>C:\ti\ccsv6\tools\compiler\ti-cgt-arm_16.9.3.LTS\lib\</path>
         <kind>archive</kind>
         <file>rtsv7M4_T_le_v4SPD16_eabi.lib</file>
         <name>rand.obj</name>
      </input_file>
      <input_file id="fl-d2">
         <path>C:\ti\ccsv6\tools\compiler\ti-cgt-arm_16.9.3.LTS\lib\</path>
         <kind>archive</kind>
         <file>rtsv7M4_T_le_v4SPD16_eabi.lib</file>
         <name>stkdepth_vars.obj</name>
      </input_file>
      <input_file id="fl-d3">
         <path>C:\ti\ccsv6\tools\compiler\ti-cgt-arm_16.9.3.LTS\lib\</path>
         <kind>archive</kind>
         <file>rtsv7M4_T_le_v4SPD16_eabi.lib</file>
         <name>time.obj</name>
      </input_file>
      <input_file id="fl-d4">
         <path>C:\ti\ccsv6\tools\compiler\ti-cgt-arm_16.9.3.LTS\lib\</path>
         <kind>archive</kind>
         <file>rtsv7M4_T_le_v4SPD16_eabi.lib</file>
         <name>trgdrv.obj</name>
      </input_file>
      <input_file id="fl-d5">
         <path>C:\ti\ccsv6\tools\compiler\ti-cgt-arm_16.9.3.LTS\lib\</path>
         <kind>archive</kind>
         <file>rtsv7M4_T_le_v4SPD16_eabi.lib</file>
         <name>trgmsg.obj</name>
      </input_file>
      <input_file id="fl-d6">
         <path>C:\ti\ccsv6\tools\compiler\ti-cgt-arm_16.9.3.LTS\lib\</path>
         <kind>archive</kind>
         <file>rtsv7M4_T_le_v4SPD16_eabi.lib</file>
         <name>_lock.obj</name>
      </input_file>
      <input_file id="fl-d7">
         <path>C:\ti\ccsv6\tools\compiler\ti-cgt-arm_16.9.3.LTS\lib\</path>
         <kind>archive</kind>
         <file>rtsv7M4_T_le_v4SPD16_eabi.lib</file>
         <name>args_main.obj</name>
      </input_file>
      <input_file id="fl-d8">
         <path>C:\ti\ccsv6\tools\compiler\ti-cgt-arm_16.9.3.LTS\lib\</path>
         <kind>archive</kind>
         <file>rtsv7M4_T_le_v4SPD16_eabi.lib</file>
         <name>autoinit.obj</name>
      </input_file>
      <input_file id="fl-d9">
         <path>C:\ti\ccsv6\tools\compiler\ti-cgt-arm_16.9.3.LTS\lib\</path>
         <kind>archive</kind>
         <file>rtsv7M4_T_le_v4SPD16_eabi.lib</file>
         <name>cpy_tbl.obj</name>
      </input_file>
      <input_file id="fl-da">
         <path>C:\ti\ccsv6\tools\compiler\ti-cgt-arm_16.9.3.LTS\lib\</path>
         <kind>archive</kind>
         <file>rtsv7M4_T_le_v4SPD16_eabi.lib</file>
         <name>startup.obj</name>
      </input_file>
      <input_file id="fl-db">
         <path>C:\ti\ccsv6\tools\compiler\ti-cgt-arm_16.9.3.LTS\lib\</path>
         <kind>archive</kind>
         <file>rtsv7M4_T_le_v4SPD16_eabi.lib</file>
         <name>strcpy.obj</name>
      </input_file>
      <input_file id="fl-dc">
         <path>C:\ti\ccsv6\tools\compiler\ti-cgt-arm_16.9.3.LTS\lib\</path>
         <kind>archive</kind>
         <file>rtsv7M4_T_le_v4SPD16_eabi.lib</file>
         <name>strlen.obj</name>
      </input_file>
   </input_file_list>
   <object_component_list>
      <object_component id="oc-28">
         <name>.intvecs:retain</name>
         <load_address>0x0</load_address>
         <run_address>0x0</run_address>
         <size>0x140</size>
         <input_file_ref idref="fl-8"/>
      </object_component>
      <object_component id="oc-d9">
         <name>.text</name>
         <load_address>0x12490</load_address>
         <run_address>0x12490</run_address>
         <size>0x3970</size>
         <input_file_ref idref="fl-2"/>
      </object_component>
      <object_component id="oc-ba">
         <name>.text</name>
         <load_address>0x15e00</load_address>
         <run_address>0x15e00</run_address>
         <size>0xdb8</size>
         <input_file_ref idref="fl-6"/>
      </object_component>
      <object_component id="oc-77">
         <name>.text</name>
         <load_address>0x16bb8</load_address>
         <run_address>0x16bb8</run_address>
         <size>0xbc4</size>
         <input_file_ref idref="fl-5"/>
      </object_component>
      <object_component id="oc-e0">
         <name>.text</name>
         <load_address>0x1777c</load_address>
         <run_address>0x1777c</run_address>
         <size>0xa28</size>
         <input_file_ref idref="fl-4"/>
      </object_component>
      <object_component id="oc-d3">
         <name>.text</name>
         <load_address>0x181a4</load_address>
         <run_address>0x181a4</run_address>
         <size>0x5a0</size>
         <input_file_ref idref="fl-7"/>
      </object_component>
      <object_component id="oc-b3">
         <name>.text</name>
         <load_address>0x18744</load_address>
         <run_address>0x18744</run_address>
         <size>0x328</size>
         <input_file_ref idref="fl-9"/>
      </object_component>
      <object_component id="oc-149">
         <name>.text</name>
         <load_address>0x18a6c</load_address>
         <run_address>0x18a6c</run_address>
         <size>0x324</size>
         <input_file_ref idref="fl-d4"/>
      </object_component>
      <object_component id="oc-17d">
         <name>.text</name>
         <load_address>0x18d90</load_address>
         <run_address>0x18d90</run_address>
         <size>0x104</size>
         <input_file_ref idref="fl-a"/>
      </object_component>
      <object_component id="oc-37">
         <name>.text</name>
         <load_address>0x18e94</load_address>
         <run_address>0x18e94</run_address>
         <size>0x9c</size>
         <input_file_ref idref="fl-cd"/>
      </object_component>
      <object_component id="oc-fc">
         <name>.text</name>
         <load_address>0x18f30</load_address>
         <run_address>0x18f30</run_address>
         <size>0x7c</size>
         <input_file_ref idref="fl-3"/>
      </object_component>
      <object_component id="oc-43">
         <name>.text</name>
         <load_address>0x18fac</load_address>
         <run_address>0x18fac</run_address>
         <size>0x7a</size>
         <input_file_ref idref="fl-ce"/>
      </object_component>
      <object_component id="oc-4f">
         <name>.text</name>
         <load_address>0x19026</load_address>
         <run_address>0x19026</run_address>
         <size>0x2</size>
         <input_file_ref idref="fl-cf"/>
      </object_component>
      <object_component id="oc-5b">
         <name>.text</name>
         <load_address>0x19028</load_address>
         <run_address>0x19028</run_address>
         <size>0x70</size>
         <input_file_ref idref="fl-d8"/>
      </object_component>
      <object_component id="oc-10">
         <name>.text:decompress:lzss</name>
         <load_address>0x19098</load_address>
         <run_address>0x19098</run_address>
         <size>0x68</size>
         <input_file_ref idref="fl-c9"/>
      </object_component>
      <object_component id="oc-1bd">
         <name>.text</name>
         <load_address>0x19100</load_address>
         <run_address>0x19100</run_address>
         <size>0x68</size>
         <input_file_ref idref="fl-d5"/>
      </object_component>
      <object_component id="oc-22">
         <name>.text</name>
         <load_address>0x19168</load_address>
         <run_address>0x19168</run_address>
         <size>0x54</size>
         <input_file_ref idref="fl-c8"/>
      </object_component>
      <object_component id="oc-67">
         <name>.text</name>
         <load_address>0x191bc</load_address>
         <run_address>0x191bc</run_address>
         <size>0x54</size>
         <input_file_ref idref="fl-cc"/>
      </object_component>
      <object_component id="oc-98">
         <name>.text</name>
         <load_address>0x19210</load_address>
         <run_address>0x19210</run_address>
         <size>0x4c</size>
         <input_file_ref idref="fl-d9"/>
      </object_component>
      <object_component id="oc-c6">
         <name>.text</name>
         <load_address>0x1925c</load_address>
         <run_address>0x1925c</run_address>
         <size>0x4c</size>
         <input_file_ref idref="fl-d1"/>
      </object_component>
      <object_component id="oc-61">
         <name>.text</name>
         <load_address>0x192a8</load_address>
         <run_address>0x192a8</run_address>
         <size>0x18</size>
         <input_file_ref idref="fl-d7"/>
      </object_component>
      <object_component id="oc-f6">
         <name>.text:SysTick_enableInterrupt</name>
         <load_address>0x192c0</load_address>
         <run_address>0x192c0</run_address>
         <size>0x14</size>
         <input_file_ref idref="fl-10"/>
      </object_component>
      <object_component id="oc-f0">
         <name>.text:SysTick_enableModule</name>
         <load_address>0x192d4</load_address>
         <run_address>0x192d4</run_address>
         <size>0x14</size>
         <input_file_ref idref="fl-10"/>
      </object_component>
      <object_component id="oc-12a">
         <name>.text</name>
         <load_address>0x192e8</load_address>
         <run_address>0x192e8</run_address>
         <size>0x14</size>
         <input_file_ref idref="fl-d6"/>
      </object_component>
      <object_component id="oc-1c9">
         <name>.text</name>
         <load_address>0x192fc</load_address>
         <run_address>0x192fc</run_address>
         <size>0x14</size>
         <input_file_ref idref="fl-db"/>
      </object_component>
      <object_component id="oc-1c3">
         <name>.text</name>
         <load_address>0x19310</load_address>
         <run_address>0x19310</run_address>
         <size>0x14</size>
         <input_file_ref idref="fl-dc"/>
      </object_component>
      <object_component id="oc-71">
         <name>.text</name>
         <load_address>0x19324</load_address>
         <run_address>0x19324</run_address>
         <size>0x12</size>
         <input_file_ref idref="fl-8"/>
      </object_component>
      <object_component id="oc-16">
         <name>.text:decompress:none</name>
         <load_address>0x19336</load_address>
         <run_address>0x19336</run_address>
         <size>0xe</size>
         <input_file_ref idref="fl-ca"/>
      </object_component>
      <object_component id="oc-c0">
         <name>.text</name>
         <load_address>0x19344</load_address>
         <run_address>0x19344</run_address>
         <size>0xe</size>
         <input_file_ref idref="fl-d3"/>
      </object_component>
      <object_component id="oc-9e">
         <name>.text</name>
         <load_address>0x19352</load_address>
         <run_address>0x19352</run_address>
         <size>0x2</size>
         <input_file_ref idref="fl-da"/>
      </object_component>
      <object_component id="oc-ea">
         <name>.text:SysTick_setPeriod</name>
         <load_address>0x19354</load_address>
         <run_address>0x19354</run_address>
         <size>0xc</size>
         <input_file_ref idref="fl-10"/>
      </object_component>
      <object_component id="oc-1c">
         <name>.text:decompress:ZI</name>
         <load_address>0x19360</load_address>
         <run_address>0x19360</run_address>
         <size>0xc</size>
         <input_file_ref idref="fl-cb"/>
      </object_component>
      <object_component id="oc-55">
         <name>.text</name>
         <load_address>0x1936c</load_address>
         <run_address>0x1936c</run_address>
         <size>0x4</size>
         <input_file_ref idref="fl-d0"/>
      </object_component>
      <object_component id="oc-1f5">
         <name>.const:sjis2uni</name>
         <load_address>0x140</load_address>
         <run_address>0x140</run_address>
         <size>0x7378</size>
         <input_file_ref idref="fl-a"/>
      </object_component>
      <object_component id="oc-1f8">
         <name>.const:uni2sjis</name>
         <load_address>0x74b8</load_address>
         <run_address>0x74b8</run_address>
         <size>0x7378</size>
         <input_file_ref idref="fl-a"/>
      </object_component>
      <object_component id="oc-177">
         <name>.const:plugin</name>
         <load_address>0xe830</load_address>
         <run_address>0xe830</run_address>
         <size>0x3828</size>
         <input_file_ref idref="fl-7"/>
      </object_component>
      <object_component id="oc-1fb">
         <name>.const:tbl_lower$1</name>
         <load_address>0x12058</load_address>
         <run_address>0x12058</run_address>
         <size>0x1e0</size>
         <input_file_ref idref="fl-a"/>
      </object_component>
      <object_component id="oc-1fc">
         <name>.const:tbl_upper$2</name>
         <load_address>0x12238</load_address>
         <run_address>0x12238</run_address>
         <size>0x1e0</size>
         <input_file_ref idref="fl-a"/>
      </object_component>
      <object_component id="oc-20b">
         <name>.const:.string</name>
         <load_address>0x12418</load_address>
         <run_address>0x12418</run_address>
         <size>0x2e</size>
         <input_file_ref idref="fl-4"/>
      </object_component>
      <object_component id="oc-174">
         <name>.const:chipNumber</name>
         <load_address>0x12446</load_address>
         <run_address>0x12446</run_address>
         <size>0x20</size>
         <input_file_ref idref="fl-7"/>
      </object_component>
      <object_component id="oc-18f">
         <name>.const:.string:badchr$1</name>
         <load_address>0x12466</load_address>
         <run_address>0x12466</run_address>
         <size>0x10</size>
         <input_file_ref idref="fl-2"/>
      </object_component>
      <object_component id="oc-183">
         <name>.const:.string:LfnOfs</name>
         <load_address>0x12476</load_address>
         <run_address>0x12476</run_address>
         <size>0xd</size>
         <input_file_ref idref="fl-2"/>
      </object_component>
      <object_component id="oc-15b">
         <name>.const:.string</name>
         <load_address>0x12484</load_address>
         <run_address>0x12484</run_address>
         <size>0xa</size>
         <input_file_ref idref="fl-5"/>
      </object_component>
      <object_component id="oc-25b">
         <name>.cinit..data.load</name>
         <load_address>0x19370</load_address>
         <run_address>0x19370</run_address>
         <size>0x42</size>
      </object_component>
      <object_component id="oc-259">
         <name>__TI_handler_table</name>
         <load_address>0x193b4</load_address>
         <run_address>0x193b4</run_address>
         <size>0xc</size>
      </object_component>
      <object_component id="oc-25c">
         <name>.cinit..bss.load</name>
         <load_address>0x193c0</load_address>
         <run_address>0x193c0</run_address>
         <size>0x8</size>
      </object_component>
      <object_component id="oc-25a">
         <name>__TI_cinit_table</name>
         <load_address>0x193c8</load_address>
         <run_address>0x193c8</run_address>
         <size>0x10</size>
      </object_component>
      <object_component id="oc-198">
         <name>.data:text</name>
         <load_address>0x20000d98</load_address>
         <run_address>0x20000d98</run_address>
         <size>0xc</size>
         <input_file_ref idref="fl-4"/>
      </object_component>
      <object_component id="oc-19b">
         <name>.data:mp3</name>
         <load_address>0x20000d8c</load_address>
         <run_address>0x20000d8c</run_address>
         <size>0xc</size>
         <input_file_ref idref="fl-4"/>
      </object_component>
      <object_component id="oc-194">
         <name>.data</name>
         <load_address>0x20000dac</load_address>
         <run_address>0x20000dac</run_address>
         <size>0x4</size>
         <input_file_ref idref="fl-4"/>
      </object_component>
      <object_component id="oc-cc">
         <name>.data</name>
         <load_address>0x20000d20</load_address>
         <run_address>0x20000d20</run_address>
         <size>0x60</size>
         <input_file_ref idref="fl-5"/>
      </object_component>
      <object_component id="oc-140">
         <name>.data</name>
         <load_address>0x20000dbc</load_address>
         <run_address>0x20000dbc</run_address>
         <size>0x1</size>
         <input_file_ref idref="fl-6"/>
      </object_component>
      <object_component id="oc-136">
         <name>.data</name>
         <load_address>0x20000db8</load_address>
         <run_address>0x20000db8</run_address>
         <size>0x4</size>
         <input_file_ref idref="fl-9"/>
      </object_component>
      <object_component id="oc-a8">
         <name>.data:$O1$$</name>
         <load_address>0x20000d80</load_address>
         <run_address>0x20000d80</run_address>
         <size>0xc</size>
         <input_file_ref idref="fl-cc"/>
      </object_component>
      <object_component id="oc-156">
         <name>.data</name>
         <load_address>0x20000db0</load_address>
         <run_address>0x20000db0</run_address>
         <size>0x4</size>
         <input_file_ref idref="fl-d1"/>
      </object_component>
      <object_component id="oc-6d">
         <name>.data</name>
         <load_address>0x20000db4</load_address>
         <run_address>0x20000db4</run_address>
         <size>0x4</size>
         <input_file_ref idref="fl-d2"/>
      </object_component>
      <object_component id="oc-ab">
         <name>.data:$O1$$</name>
         <load_address>0x20000da4</load_address>
         <run_address>0x20000da4</run_address>
         <size>0x8</size>
         <input_file_ref idref="fl-d6"/>
      </object_component>
      <object_component id="oc-186">
         <name>.bss:FatFs</name>
         <uninitialized>true</uninitialized>
         <run_address>0x20000d14</run_address>
         <size>0x4</size>
         <input_file_ref idref="fl-2"/>
      </object_component>
      <object_component id="oc-189">
         <name>.bss</name>
         <uninitialized>true</uninitialized>
         <run_address>0x20000d12</run_address>
         <size>0x2</size>
         <input_file_ref idref="fl-2"/>
      </object_component>
      <object_component id="oc-18c">
         <name>.bss:LfnBuf</name>
         <uninitialized>true</uninitialized>
         <run_address>0x2000088c</run_address>
         <size>0x200</size>
         <input_file_ref idref="fl-2"/>
      </object_component>
      <object_component id="oc-13d">
         <name>.bss</name>
         <uninitialized>true</uninitialized>
         <run_address>0x20000cf8</run_address>
         <size>0x9</size>
         <input_file_ref idref="fl-6"/>
      </object_component>
      <object_component id="oc-1cf">
         <name>.bss:parmbuf</name>
         <uninitialized>true</uninitialized>
         <run_address>0x20000d01</run_address>
         <size>0x8</size>
         <input_file_ref idref="fl-d4"/>
      </object_component>
      <object_component id="oc-217">
         <name>.bss:_CIOBUF_</name>
         <uninitialized>true</uninitialized>
         <run_address>0x20000a8c</run_address>
         <size>0x120</size>
         <input_file_ref idref="fl-d5"/>
      </object_component>
      <object_component id="oc-102">
         <name>.common:FatFs</name>
         <uninitialized>true</uninitialized>
         <run_address>0x20000450</run_address>
         <size>0x238</size>
      </object_component>
      <object_component id="oc-e9">
         <name>.common:File</name>
         <uninitialized>true</uninitialized>
         <run_address>0x20000000</run_address>
         <size>0x450</size>
      </object_component>
      <object_component id="oc-e6">
         <name>.common:fres</name>
         <uninitialized>true</uninitialized>
         <run_address>0x20000d11</run_address>
         <size>0x1</size>
      </object_component>
      <object_component id="oc-192">
         <name>.common:Buff</name>
         <uninitialized>true</uninitialized>
         <run_address>0x20000cb8</run_address>
         <size>0x40</size>
      </object_component>
      <object_component id="oc-193">
         <name>.common:s1</name>
         <uninitialized>true</uninitialized>
         <run_address>0x20000d1c</run_address>
         <size>0x4</size>
      </object_component>
      <object_component id="oc-197">
         <name>.common:file_path</name>
         <uninitialized>true</uninitialized>
         <run_address>0x20000d18</run_address>
         <size>0x4</size>
      </object_component>
      <object_component id="oc-cf">
         <name>.common:array</name>
         <uninitialized>true</uninitialized>
         <run_address>0x20000bac</run_address>
         <size>0x88</size>
      </object_component>
      <object_component id="oc-d2">
         <name>.common:vol_level</name>
         <uninitialized>true</uninitialized>
         <run_address>0x20000d09</run_address>
         <size>0x8</size>
      </object_component>
      <object_component id="oc-df">
         <name>.common:Buff2</name>
         <uninitialized>true</uninitialized>
         <run_address>0x20000c34</run_address>
         <size>0x84</size>
      </object_component>
      <object_component id="oc-13a">
         <name>.common:receiveBuffer</name>
         <uninitialized>true</uninitialized>
         <run_address>0x20000688</run_address>
         <size>0x204</size>
      </object_component>
      <object_component id="oc-2b">
         <name>.stack</name>
         <uninitialized>true</uninitialized>
         <run_address>0x2000fe00</run_address>
         <size>0x0</size>
         <input_file_ref idref="fl-c8"/>
      </object_component>
      <object_component id="oc-25d">
         <name>.stack</name>
         <uninitialized>true</uninitialized>
         <run_address>0x2000fe00</run_address>
         <size>0x0</size>
      </object_component>
      <object_component id="oc-191">
         <name>.debug_info</name>
         <load_address>0x0</load_address>
         <run_address>0x0</run_address>
         <size>0x517</size>
         <input_file_ref idref="fl-2"/>
      </object_component>
      <object_component id="oc-187">
         <name>.debug_info</name>
         <load_address>0x517</load_address>
         <run_address>0x517</run_address>
         <size>0xd8</size>
         <input_file_ref idref="fl-2"/>
      </object_component>
      <object_component id="oc-18a">
         <name>.debug_info</name>
         <load_address>0x5ef</load_address>
         <run_address>0x5ef</run_address>
         <size>0xd6</size>
         <input_file_ref idref="fl-2"/>
      </object_component>
      <object_component id="oc-18d">
         <name>.debug_info</name>
         <load_address>0x6c5</load_address>
         <run_address>0x6c5</run_address>
         <size>0xda</size>
         <input_file_ref idref="fl-2"/>
      </object_component>
      <object_component id="oc-184">
         <name>.debug_info</name>
         <load_address>0x79f</load_address>
         <run_address>0x79f</run_address>
         <size>0xda</size>
         <input_file_ref idref="fl-2"/>
      </object_component>
      <object_component id="oc-db">
         <name>.debug_info</name>
         <load_address>0x879</load_address>
         <run_address>0x879</run_address>
         <size>0x3f2b</size>
         <input_file_ref idref="fl-2"/>
      </object_component>
      <object_component id="oc-144">
         <name>.debug_info</name>
         <load_address>0x47a4</load_address>
         <run_address>0x47a4</run_address>
         <size>0x70</size>
         <input_file_ref idref="fl-2"/>
      </object_component>
      <object_component id="oc-160">
         <name>.debug_info</name>
         <load_address>0x4814</load_address>
         <run_address>0x4814</run_address>
         <size>0x53a</size>
         <input_file_ref idref="fl-2"/>
      </object_component>
      <object_component id="oc-32">
         <name>.debug_info</name>
         <load_address>0x4d4e</load_address>
         <run_address>0x4d4e</run_address>
         <size>0x84</size>
         <input_file_ref idref="fl-2"/>
      </object_component>
      <object_component id="oc-104">
         <name>.debug_info</name>
         <load_address>0x4dd2</load_address>
         <run_address>0x4dd2</run_address>
         <size>0x94</size>
         <input_file_ref idref="fl-2"/>
      </object_component>
      <object_component id="oc-1e4">
         <name>.debug_info</name>
         <load_address>0x4e66</load_address>
         <run_address>0x4e66</run_address>
         <size>0x551</size>
         <input_file_ref idref="fl-3"/>
      </object_component>
      <object_component id="oc-ff">
         <name>.debug_info</name>
         <load_address>0x53b7</load_address>
         <run_address>0x53b7</run_address>
         <size>0x1af</size>
         <input_file_ref idref="fl-3"/>
      </object_component>
      <object_component id="oc-165">
         <name>.debug_info</name>
         <load_address>0x5566</load_address>
         <run_address>0x5566</run_address>
         <size>0x37a3</size>
         <input_file_ref idref="fl-3"/>
      </object_component>
      <object_component id="oc-16a">
         <name>.debug_info</name>
         <load_address>0x8d09</load_address>
         <run_address>0x8d09</run_address>
         <size>0x103e</size>
         <input_file_ref idref="fl-3"/>
      </object_component>
      <object_component id="oc-109">
         <name>.debug_info</name>
         <load_address>0x9d47</load_address>
         <run_address>0x9d47</run_address>
         <size>0x18b</size>
         <input_file_ref idref="fl-3"/>
      </object_component>
      <object_component id="oc-e7">
         <name>.debug_info</name>
         <load_address>0x9ed2</load_address>
         <run_address>0x9ed2</run_address>
         <size>0x702</size>
         <input_file_ref idref="fl-4"/>
      </object_component>
      <object_component id="oc-199">
         <name>.debug_info</name>
         <load_address>0xa5d4</load_address>
         <run_address>0xa5d4</run_address>
         <size>0xd7</size>
         <input_file_ref idref="fl-4"/>
      </object_component>
      <object_component id="oc-19c">
         <name>.debug_info</name>
         <load_address>0xa6ab</load_address>
         <run_address>0xa6ab</run_address>
         <size>0xd5</size>
         <input_file_ref idref="fl-4"/>
      </object_component>
      <object_component id="oc-195">
         <name>.debug_info</name>
         <load_address>0xa780</load_address>
         <run_address>0xa780</run_address>
         <size>0xd5</size>
         <input_file_ref idref="fl-4"/>
      </object_component>
      <object_component id="oc-e1">
         <name>.debug_info</name>
         <load_address>0xa855</load_address>
         <run_address>0xa855</run_address>
         <size>0x1766</size>
         <input_file_ref idref="fl-4"/>
      </object_component>
      <object_component id="oc-d0">
         <name>.debug_info</name>
         <load_address>0xbfbb</load_address>
         <run_address>0xbfbb</run_address>
         <size>0xce6</size>
         <input_file_ref idref="fl-5"/>
      </object_component>
      <object_component id="oc-cd">
         <name>.debug_info</name>
         <load_address>0xcca1</load_address>
         <run_address>0xcca1</run_address>
         <size>0x415</size>
         <input_file_ref idref="fl-5"/>
      </object_component>
      <object_component id="oc-78">
         <name>.debug_info</name>
         <load_address>0xd0b6</load_address>
         <run_address>0xd0b6</run_address>
         <size>0xa5c</size>
         <input_file_ref idref="fl-5"/>
      </object_component>
      <object_component id="oc-1eb">
         <name>.debug_info</name>
         <load_address>0xdb12</load_address>
         <run_address>0xdb12</run_address>
         <size>0xc8</size>
         <input_file_ref idref="fl-5"/>
      </object_component>
      <object_component id="oc-16f">
         <name>.debug_info</name>
         <load_address>0xdbda</load_address>
         <run_address>0xdbda</run_address>
         <size>0x6d</size>
         <input_file_ref idref="fl-5"/>
      </object_component>
      <object_component id="oc-13b">
         <name>.debug_info</name>
         <load_address>0xdc47</load_address>
         <run_address>0xdc47</run_address>
         <size>0x5e9</size>
         <input_file_ref idref="fl-6"/>
      </object_component>
      <object_component id="oc-141">
         <name>.debug_info</name>
         <load_address>0xe230</load_address>
         <run_address>0xe230</run_address>
         <size>0xda</size>
         <input_file_ref idref="fl-6"/>
      </object_component>
      <object_component id="oc-13e">
         <name>.debug_info</name>
         <load_address>0xe30a</load_address>
         <run_address>0xe30a</run_address>
         <size>0x11a</size>
         <input_file_ref idref="fl-6"/>
      </object_component>
      <object_component id="oc-bd">
         <name>.debug_info</name>
         <load_address>0xe424</load_address>
         <run_address>0xe424</run_address>
         <size>0x176f</size>
         <input_file_ref idref="fl-6"/>
      </object_component>
      <object_component id="oc-17b">
         <name>.debug_info</name>
         <load_address>0xfb93</load_address>
         <run_address>0xfb93</run_address>
         <size>0x5f0</size>
         <input_file_ref idref="fl-7"/>
      </object_component>
      <object_component id="oc-178">
         <name>.debug_info</name>
         <load_address>0x10183</load_address>
         <run_address>0x10183</run_address>
         <size>0xe2</size>
         <input_file_ref idref="fl-7"/>
      </object_component>
      <object_component id="oc-175">
         <name>.debug_info</name>
         <load_address>0x10265</load_address>
         <run_address>0x10265</run_address>
         <size>0xeb</size>
         <input_file_ref idref="fl-7"/>
      </object_component>
      <object_component id="oc-d6">
         <name>.debug_info</name>
         <load_address>0x10350</load_address>
         <run_address>0x10350</run_address>
         <size>0xf72</size>
         <input_file_ref idref="fl-7"/>
      </object_component>
      <object_component id="oc-1f0">
         <name>.debug_info</name>
         <load_address>0x112c2</load_address>
         <run_address>0x112c2</run_address>
         <size>0xc7</size>
         <input_file_ref idref="fl-7"/>
      </object_component>
      <object_component id="oc-7f">
         <name>.debug_info</name>
         <load_address>0x11389</load_address>
         <run_address>0x11389</run_address>
         <size>0x2ec</size>
         <input_file_ref idref="fl-8"/>
      </object_component>
      <object_component id="oc-29">
         <name>.debug_info</name>
         <load_address>0x11675</load_address>
         <run_address>0x11675</run_address>
         <size>0x103</size>
         <input_file_ref idref="fl-8"/>
      </object_component>
      <object_component id="oc-72">
         <name>.debug_info</name>
         <load_address>0x11778</load_address>
         <run_address>0x11778</run_address>
         <size>0x26a</size>
         <input_file_ref idref="fl-8"/>
      </object_component>
      <object_component id="oc-137">
         <name>.debug_info</name>
         <load_address>0x119e2</load_address>
         <run_address>0x119e2</run_address>
         <size>0xfc</size>
         <input_file_ref idref="fl-9"/>
      </object_component>
      <object_component id="oc-b5">
         <name>.debug_info</name>
         <load_address>0x11ade</load_address>
         <run_address>0x11ade</run_address>
         <size>0x26e</size>
         <input_file_ref idref="fl-9"/>
      </object_component>
      <object_component id="oc-1fe">
         <name>.debug_info</name>
         <load_address>0x11d4c</load_address>
         <run_address>0x11d4c</run_address>
         <size>0x2d8</size>
         <input_file_ref idref="fl-a"/>
      </object_component>
      <object_component id="oc-1f9">
         <name>.debug_info</name>
         <load_address>0x12024</load_address>
         <run_address>0x12024</run_address>
         <size>0xe7</size>
         <input_file_ref idref="fl-a"/>
      </object_component>
      <object_component id="oc-1f6">
         <name>.debug_info</name>
         <load_address>0x1210b</load_address>
         <run_address>0x1210b</run_address>
         <size>0xe8</size>
         <input_file_ref idref="fl-a"/>
      </object_component>
      <object_component id="oc-17f">
         <name>.debug_info</name>
         <load_address>0x121f3</load_address>
         <run_address>0x121f3</run_address>
         <size>0x284</size>
         <input_file_ref idref="fl-a"/>
      </object_component>
      <object_component id="oc-1a2">
         <name>.debug_info</name>
         <load_address>0x12477</load_address>
         <run_address>0x12477</run_address>
         <size>0x3fa</size>
         <input_file_ref idref="fl-10"/>
      </object_component>
      <object_component id="oc-ec">
         <name>.debug_info</name>
         <load_address>0x12871</load_address>
         <run_address>0x12871</run_address>
         <size>0x128</size>
         <input_file_ref idref="fl-10"/>
      </object_component>
      <object_component id="oc-f2">
         <name>.debug_info</name>
         <load_address>0x12999</load_address>
         <run_address>0x12999</run_address>
         <size>0x104</size>
         <input_file_ref idref="fl-10"/>
      </object_component>
      <object_component id="oc-f8">
         <name>.debug_info</name>
         <load_address>0x12a9d</load_address>
         <run_address>0x12a9d</run_address>
         <size>0x10a</size>
         <input_file_ref idref="fl-10"/>
      </object_component>
      <object_component id="oc-212">
         <name>.debug_info</name>
         <load_address>0x12ba7</load_address>
         <run_address>0x12ba7</run_address>
         <size>0x103e</size>
         <input_file_ref idref="fl-10"/>
      </object_component>
      <object_component id="oc-24">
         <name>.debug_info</name>
         <load_address>0x13be5</load_address>
         <run_address>0x13be5</run_address>
         <size>0x160</size>
         <input_file_ref idref="fl-c8"/>
      </object_component>
      <object_component id="oc-85">
         <name>.debug_info</name>
         <load_address>0x13d45</load_address>
         <run_address>0x13d45</run_address>
         <size>0x293</size>
         <input_file_ref idref="fl-c9"/>
      </object_component>
      <object_component id="oc-12">
         <name>.debug_info</name>
         <load_address>0x13fd8</load_address>
         <run_address>0x13fd8</run_address>
         <size>0x245</size>
         <input_file_ref idref="fl-c9"/>
      </object_component>
      <object_component id="oc-2d">
         <name>.debug_info</name>
         <load_address>0x1421d</load_address>
         <run_address>0x1421d</run_address>
         <size>0x60</size>
         <input_file_ref idref="fl-c9"/>
      </object_component>
      <object_component id="oc-80">
         <name>.debug_info</name>
         <load_address>0x1427d</load_address>
         <run_address>0x1427d</run_address>
         <size>0x46</size>
         <input_file_ref idref="fl-c9"/>
      </object_component>
      <object_component id="oc-42">
         <name>.debug_info</name>
         <load_address>0x142c3</load_address>
         <run_address>0x142c3</run_address>
         <size>0x2da</size>
         <input_file_ref idref="fl-ca"/>
      </object_component>
      <object_component id="oc-18">
         <name>.debug_info</name>
         <load_address>0x1459d</load_address>
         <run_address>0x1459d</run_address>
         <size>0x1df</size>
         <input_file_ref idref="fl-ca"/>
      </object_component>
      <object_component id="oc-3d">
         <name>.debug_info</name>
         <load_address>0x1477c</load_address>
         <run_address>0x1477c</run_address>
         <size>0x46</size>
         <input_file_ref idref="fl-ca"/>
      </object_component>
      <object_component id="oc-87">
         <name>.debug_info</name>
         <load_address>0x147c2</load_address>
         <run_address>0x147c2</run_address>
         <size>0x2c</size>
         <input_file_ref idref="fl-ca"/>
      </object_component>
      <object_component id="oc-4e">
         <name>.debug_info</name>
         <load_address>0x147ee</load_address>
         <run_address>0x147ee</run_address>
         <size>0x2c9</size>
         <input_file_ref idref="fl-cb"/>
      </object_component>
      <object_component id="oc-1d">
         <name>.debug_info</name>
         <load_address>0x14ab7</load_address>
         <run_address>0x14ab7</run_address>
         <size>0x1aa</size>
         <input_file_ref idref="fl-cb"/>
      </object_component>
      <object_component id="oc-49">
         <name>.debug_info</name>
         <load_address>0x14c61</load_address>
         <run_address>0x14c61</run_address>
         <size>0x46</size>
         <input_file_ref idref="fl-cb"/>
      </object_component>
      <object_component id="oc-8f">
         <name>.debug_info</name>
         <load_address>0x14ca7</load_address>
         <run_address>0x14ca7</run_address>
         <size>0x2c</size>
         <input_file_ref idref="fl-cb"/>
      </object_component>
      <object_component id="oc-af">
         <name>.debug_info</name>
         <load_address>0x14cd3</load_address>
         <run_address>0x14cd3</run_address>
         <size>0x3ce</size>
         <input_file_ref idref="fl-cc"/>
      </object_component>
      <object_component id="oc-a9">
         <name>.debug_info</name>
         <load_address>0x150a1</load_address>
         <run_address>0x150a1</run_address>
         <size>0x185</size>
         <input_file_ref idref="fl-cc"/>
      </object_component>
      <object_component id="oc-6b">
         <name>.debug_info</name>
         <load_address>0x15226</load_address>
         <run_address>0x15226</run_address>
         <size>0x214</size>
         <input_file_ref idref="fl-cc"/>
      </object_component>
      <object_component id="oc-3a">
         <name>.debug_info</name>
         <load_address>0x1543a</load_address>
         <run_address>0x1543a</run_address>
         <size>0x111</size>
         <input_file_ref idref="fl-cd"/>
      </object_component>
      <object_component id="oc-44">
         <name>.debug_info</name>
         <load_address>0x1554b</load_address>
         <run_address>0x1554b</run_address>
         <size>0x13f</size>
         <input_file_ref idref="fl-ce"/>
      </object_component>
      <object_component id="oc-50">
         <name>.debug_info</name>
         <load_address>0x1568a</load_address>
         <run_address>0x1568a</run_address>
         <size>0x138</size>
         <input_file_ref idref="fl-cf"/>
      </object_component>
      <object_component id="oc-57">
         <name>.debug_info</name>
         <load_address>0x157c2</load_address>
         <run_address>0x157c2</run_address>
         <size>0x148</size>
         <input_file_ref idref="fl-d0"/>
      </object_component>
      <object_component id="oc-15a">
         <name>.debug_info</name>
         <load_address>0x1590a</load_address>
         <run_address>0x1590a</run_address>
         <size>0x2af</size>
         <input_file_ref idref="fl-d1"/>
      </object_component>
      <object_component id="oc-157">
         <name>.debug_info</name>
         <load_address>0x15bb9</load_address>
         <run_address>0x15bb9</run_address>
         <size>0xf0</size>
         <input_file_ref idref="fl-d1"/>
      </object_component>
      <object_component id="oc-c9">
         <name>.debug_info</name>
         <load_address>0x15ca9</load_address>
         <run_address>0x15ca9</run_address>
         <size>0x1a4</size>
         <input_file_ref idref="fl-d1"/>
      </object_component>
      <object_component id="oc-6e">
         <name>.debug_info</name>
         <load_address>0x15e4d</load_address>
         <run_address>0x15e4d</run_address>
         <size>0x109</size>
         <input_file_ref idref="fl-d2"/>
      </object_component>
      <object_component id="oc-155">
         <name>.debug_info</name>
         <load_address>0x15f56</load_address>
         <run_address>0x15f56</run_address>
         <size>0x299</size>
         <input_file_ref idref="fl-d3"/>
      </object_component>
      <object_component id="oc-c2">
         <name>.debug_info</name>
         <load_address>0x161ef</load_address>
         <run_address>0x161ef</run_address>
         <size>0x176</size>
         <input_file_ref idref="fl-d3"/>
      </object_component>
      <object_component id="oc-150">
         <name>.debug_info</name>
         <load_address>0x16365</load_address>
         <run_address>0x16365</run_address>
         <size>0x39</size>
         <input_file_ref idref="fl-d3"/>
      </object_component>
      <object_component id="oc-1d3">
         <name>.debug_info</name>
         <load_address>0x1639e</load_address>
         <run_address>0x1639e</run_address>
         <size>0x3e9</size>
         <input_file_ref idref="fl-d4"/>
      </object_component>
      <object_component id="oc-1d0">
         <name>.debug_info</name>
         <load_address>0x16787</load_address>
         <run_address>0x16787</run_address>
         <size>0xf8</size>
         <input_file_ref idref="fl-d4"/>
      </object_component>
      <object_component id="oc-14a">
         <name>.debug_info</name>
         <load_address>0x1687f</load_address>
         <run_address>0x1687f</run_address>
         <size>0xab9</size>
         <input_file_ref idref="fl-d4"/>
      </object_component>
      <object_component id="oc-1d9">
         <name>.debug_info</name>
         <load_address>0x17338</load_address>
         <run_address>0x17338</run_address>
         <size>0x53</size>
         <input_file_ref idref="fl-d4"/>
      </object_component>
      <object_component id="oc-224">
         <name>.debug_info</name>
         <load_address>0x1738b</load_address>
         <run_address>0x1738b</run_address>
         <size>0x2c</size>
         <input_file_ref idref="fl-d4"/>
      </object_component>
      <object_component id="oc-1d4">
         <name>.debug_info</name>
         <load_address>0x173b7</load_address>
         <run_address>0x173b7</run_address>
         <size>0x2c</size>
         <input_file_ref idref="fl-d4"/>
      </object_component>
      <object_component id="oc-21b">
         <name>.debug_info</name>
         <load_address>0x173e3</load_address>
         <run_address>0x173e3</run_address>
         <size>0x2b0</size>
         <input_file_ref idref="fl-d5"/>
      </object_component>
      <object_component id="oc-218">
         <name>.debug_info</name>
         <load_address>0x17693</load_address>
         <run_address>0x17693</run_address>
         <size>0xfd</size>
         <input_file_ref idref="fl-d5"/>
      </object_component>
      <object_component id="oc-1be">
         <name>.debug_info</name>
         <load_address>0x17790</load_address>
         <run_address>0x17790</run_address>
         <size>0x281</size>
         <input_file_ref idref="fl-d5"/>
      </object_component>
      <object_component id="oc-132">
         <name>.debug_info</name>
         <load_address>0x17a11</load_address>
         <run_address>0x17a11</run_address>
         <size>0x2be</size>
         <input_file_ref idref="fl-d6"/>
      </object_component>
      <object_component id="oc-ac">
         <name>.debug_info</name>
         <load_address>0x17ccf</load_address>
         <run_address>0x17ccf</run_address>
         <size>0x113</size>
         <input_file_ref idref="fl-d6"/>
      </object_component>
      <object_component id="oc-12e">
         <name>.debug_info</name>
         <load_address>0x17de2</load_address>
         <run_address>0x17de2</run_address>
         <size>0x21f</size>
         <input_file_ref idref="fl-d6"/>
      </object_component>
      <object_component id="oc-a7">
         <name>.debug_info</name>
         <load_address>0x18001</load_address>
         <run_address>0x18001</run_address>
         <size>0x300</size>
         <input_file_ref idref="fl-d7"/>
      </object_component>
      <object_component id="oc-62">
         <name>.debug_info</name>
         <load_address>0x18301</load_address>
         <run_address>0x18301</run_address>
         <size>0x167</size>
         <input_file_ref idref="fl-d7"/>
      </object_component>
      <object_component id="oc-123">
         <name>.debug_info</name>
         <load_address>0x18468</load_address>
         <run_address>0x18468</run_address>
         <size>0x5e</size>
         <input_file_ref idref="fl-d7"/>
      </object_component>
      <object_component id="oc-a5">
         <name>.debug_info</name>
         <load_address>0x184c6</load_address>
         <run_address>0x184c6</run_address>
         <size>0x483</size>
         <input_file_ref idref="fl-d8"/>
      </object_component>
      <object_component id="oc-5f">
         <name>.debug_info</name>
         <load_address>0x18949</load_address>
         <run_address>0x18949</run_address>
         <size>0x190</size>
         <input_file_ref idref="fl-d8"/>
      </object_component>
      <object_component id="oc-117">
         <name>.debug_info</name>
         <load_address>0x18ad9</load_address>
         <run_address>0x18ad9</run_address>
         <size>0x39</size>
         <input_file_ref idref="fl-d8"/>
      </object_component>
      <object_component id="oc-1ad">
         <name>.debug_info</name>
         <load_address>0x18b12</load_address>
         <run_address>0x18b12</run_address>
         <size>0x39</size>
         <input_file_ref idref="fl-d8"/>
      </object_component>
      <object_component id="oc-11c">
         <name>.debug_info</name>
         <load_address>0x18b4b</load_address>
         <run_address>0x18b4b</run_address>
         <size>0xcd</size>
         <input_file_ref idref="fl-d8"/>
      </object_component>
      <object_component id="oc-113">
         <name>.debug_info</name>
         <load_address>0x18c18</load_address>
         <run_address>0x18c18</run_address>
         <size>0x37a</size>
         <input_file_ref idref="fl-d9"/>
      </object_component>
      <object_component id="oc-9c">
         <name>.debug_info</name>
         <load_address>0x18f92</load_address>
         <run_address>0x18f92</run_address>
         <size>0x183</size>
         <input_file_ref idref="fl-d9"/>
      </object_component>
      <object_component id="oc-1a8">
         <name>.debug_info</name>
         <load_address>0x19115</load_address>
         <run_address>0x19115</run_address>
         <size>0x2c</size>
         <input_file_ref idref="fl-d9"/>
      </object_component>
      <object_component id="oc-a1">
         <name>.debug_info</name>
         <load_address>0x19141</load_address>
         <run_address>0x19141</run_address>
         <size>0x145</size>
         <input_file_ref idref="fl-da"/>
      </object_component>
      <object_component id="oc-21f">
         <name>.debug_info</name>
         <load_address>0x19286</load_address>
         <run_address>0x19286</run_address>
         <size>0x28a</size>
         <input_file_ref idref="fl-db"/>
      </object_component>
      <object_component id="oc-1ca">
         <name>.debug_info</name>
         <load_address>0x19510</load_address>
         <run_address>0x19510</run_address>
         <size>0x231</size>
         <input_file_ref idref="fl-db"/>
      </object_component>
      <object_component id="oc-21d">
         <name>.debug_info</name>
         <load_address>0x19741</load_address>
         <run_address>0x19741</run_address>
         <size>0x284</size>
         <input_file_ref idref="fl-dc"/>
      </object_component>
      <object_component id="oc-1c4">
         <name>.debug_info</name>
         <load_address>0x199c5</load_address>
         <run_address>0x199c5</run_address>
         <size>0x22a</size>
         <input_file_ref idref="fl-dc"/>
      </object_component>
      <object_component id="oc-25e">
         <name>.debug_info</name>
         <load_address>0x19bef</load_address>
         <run_address>0x19bef</run_address>
         <size>0xb2</size>
      </object_component>
      <object_component id="oc-208">
         <name>.debug_line</name>
         <load_address>0x0</load_address>
         <run_address>0x0</run_address>
         <size>0x45</size>
         <input_file_ref idref="fl-2"/>
      </object_component>
      <object_component id="oc-202">
         <name>.debug_line</name>
         <load_address>0x45</load_address>
         <run_address>0x45</run_address>
         <size>0x2b</size>
         <input_file_ref idref="fl-2"/>
      </object_component>
      <object_component id="oc-204">
         <name>.debug_line</name>
         <load_address>0x70</load_address>
         <run_address>0x70</run_address>
         <size>0x2b</size>
         <input_file_ref idref="fl-2"/>
      </object_component>
      <object_component id="oc-206">
         <name>.debug_line</name>
         <load_address>0x9b</load_address>
         <run_address>0x9b</run_address>
         <size>0x2b</size>
         <input_file_ref idref="fl-2"/>
      </object_component>
      <object_component id="oc-200">
         <name>.debug_line</name>
         <load_address>0xc6</load_address>
         <run_address>0xc6</run_address>
         <size>0x2b</size>
         <input_file_ref idref="fl-2"/>
      </object_component>
      <object_component id="oc-da">
         <name>.debug_line</name>
         <load_address>0xf1</load_address>
         <run_address>0xf1</run_address>
         <size>0x1f01</size>
         <input_file_ref idref="fl-2"/>
      </object_component>
      <object_component id="oc-147">
         <name>.debug_line</name>
         <load_address>0x1ff2</load_address>
         <run_address>0x1ff2</run_address>
         <size>0x2f</size>
         <input_file_ref idref="fl-2"/>
      </object_component>
      <object_component id="oc-163">
         <name>.debug_line</name>
         <load_address>0x2021</load_address>
         <run_address>0x2021</run_address>
         <size>0x2b</size>
         <input_file_ref idref="fl-2"/>
      </object_component>
      <object_component id="oc-35">
         <name>.debug_line</name>
         <load_address>0x204c</load_address>
         <run_address>0x204c</run_address>
         <size>0x20</size>
         <input_file_ref idref="fl-2"/>
      </object_component>
      <object_component id="oc-107">
         <name>.debug_line</name>
         <load_address>0x206c</load_address>
         <run_address>0x206c</run_address>
         <size>0x30</size>
         <input_file_ref idref="fl-2"/>
      </object_component>
      <object_component id="oc-22a">
         <name>.debug_line</name>
         <load_address>0x209c</load_address>
         <run_address>0x209c</run_address>
         <size>0x20</size>
         <input_file_ref idref="fl-3"/>
      </object_component>
      <object_component id="oc-101">
         <name>.debug_line</name>
         <load_address>0x20bc</load_address>
         <run_address>0x20bc</run_address>
         <size>0x9e</size>
         <input_file_ref idref="fl-3"/>
      </object_component>
      <object_component id="oc-168">
         <name>.debug_line</name>
         <load_address>0x215a</load_address>
         <run_address>0x215a</run_address>
         <size>0x52</size>
         <input_file_ref idref="fl-3"/>
      </object_component>
      <object_component id="oc-16d">
         <name>.debug_line</name>
         <load_address>0x21ac</load_address>
         <run_address>0x21ac</run_address>
         <size>0x55</size>
         <input_file_ref idref="fl-3"/>
      </object_component>
      <object_component id="oc-10c">
         <name>.debug_line</name>
         <load_address>0x2201</load_address>
         <run_address>0x2201</run_address>
         <size>0x65</size>
         <input_file_ref idref="fl-3"/>
      </object_component>
      <object_component id="oc-1a0">
         <name>.debug_line</name>
         <load_address>0x2266</load_address>
         <run_address>0x2266</run_address>
         <size>0x37</size>
         <input_file_ref idref="fl-4"/>
      </object_component>
      <object_component id="oc-20d">
         <name>.debug_line</name>
         <load_address>0x229d</load_address>
         <run_address>0x229d</run_address>
         <size>0x2c</size>
         <input_file_ref idref="fl-4"/>
      </object_component>
      <object_component id="oc-20f">
         <name>.debug_line</name>
         <load_address>0x22c9</load_address>
         <run_address>0x22c9</run_address>
         <size>0x2c</size>
         <input_file_ref idref="fl-4"/>
      </object_component>
      <object_component id="oc-20a">
         <name>.debug_line</name>
         <load_address>0x22f5</load_address>
         <run_address>0x22f5</run_address>
         <size>0x2c</size>
         <input_file_ref idref="fl-4"/>
      </object_component>
      <object_component id="oc-e4">
         <name>.debug_line</name>
         <load_address>0x2321</load_address>
         <run_address>0x2321</run_address>
         <size>0x552</size>
         <input_file_ref idref="fl-4"/>
      </object_component>
      <object_component id="oc-15f">
         <name>.debug_line</name>
         <load_address>0x2873</load_address>
         <run_address>0x2873</run_address>
         <size>0xaa</size>
         <input_file_ref idref="fl-5"/>
      </object_component>
      <object_component id="oc-15d">
         <name>.debug_line</name>
         <load_address>0x291d</load_address>
         <run_address>0x291d</run_address>
         <size>0x2d</size>
         <input_file_ref idref="fl-5"/>
      </object_component>
      <object_component id="oc-7b">
         <name>.debug_line</name>
         <load_address>0x294a</load_address>
         <run_address>0x294a</run_address>
         <size>0x3ea</size>
         <input_file_ref idref="fl-5"/>
      </object_component>
      <object_component id="oc-1ee">
         <name>.debug_line</name>
         <load_address>0x2d34</load_address>
         <run_address>0x2d34</run_address>
         <size>0x64</size>
         <input_file_ref idref="fl-5"/>
      </object_component>
      <object_component id="oc-172">
         <name>.debug_line</name>
         <load_address>0x2d98</load_address>
         <run_address>0x2d98</run_address>
         <size>0x32</size>
         <input_file_ref idref="fl-5"/>
      </object_component>
      <object_component id="oc-1b8">
         <name>.debug_line</name>
         <load_address>0x2dca</load_address>
         <run_address>0x2dca</run_address>
         <size>0x3b</size>
         <input_file_ref idref="fl-6"/>
      </object_component>
      <object_component id="oc-1bc">
         <name>.debug_line</name>
         <load_address>0x2e05</load_address>
         <run_address>0x2e05</run_address>
         <size>0x30</size>
         <input_file_ref idref="fl-6"/>
      </object_component>
      <object_component id="oc-1ba">
         <name>.debug_line</name>
         <load_address>0x2e35</load_address>
         <run_address>0x2e35</run_address>
         <size>0x30</size>
         <input_file_ref idref="fl-6"/>
      </object_component>
      <object_component id="oc-bc">
         <name>.debug_line</name>
         <load_address>0x2e65</load_address>
         <run_address>0x2e65</run_address>
         <size>0x8ad</size>
         <input_file_ref idref="fl-6"/>
      </object_component>
      <object_component id="oc-1ea">
         <name>.debug_line</name>
         <load_address>0x3712</load_address>
         <run_address>0x3712</run_address>
         <size>0x33</size>
         <input_file_ref idref="fl-7"/>
      </object_component>
      <object_component id="oc-1e8">
         <name>.debug_line</name>
         <load_address>0x3745</load_address>
         <run_address>0x3745</run_address>
         <size>0x3a</size>
         <input_file_ref idref="fl-7"/>
      </object_component>
      <object_component id="oc-1e6">
         <name>.debug_line</name>
         <load_address>0x377f</load_address>
         <run_address>0x377f</run_address>
         <size>0x33</size>
         <input_file_ref idref="fl-7"/>
      </object_component>
      <object_component id="oc-d4">
         <name>.debug_line</name>
         <load_address>0x37b2</load_address>
         <run_address>0x37b2</run_address>
         <size>0x350</size>
         <input_file_ref idref="fl-7"/>
      </object_component>
      <object_component id="oc-1f3">
         <name>.debug_line</name>
         <load_address>0x3b02</load_address>
         <run_address>0x3b02</run_address>
         <size>0x33</size>
         <input_file_ref idref="fl-7"/>
      </object_component>
      <object_component id="oc-10f">
         <name>.debug_line</name>
         <load_address>0x3b35</load_address>
         <run_address>0x3b35</run_address>
         <size>0x40</size>
         <input_file_ref idref="fl-8"/>
      </object_component>
      <object_component id="oc-7e">
         <name>.debug_line</name>
         <load_address>0x3b75</load_address>
         <run_address>0x3b75</run_address>
         <size>0x40</size>
         <input_file_ref idref="fl-8"/>
      </object_component>
      <object_component id="oc-75">
         <name>.debug_line</name>
         <load_address>0x3bb5</load_address>
         <run_address>0x3bb5</run_address>
         <size>0xa1</size>
         <input_file_ref idref="fl-8"/>
      </object_component>
      <object_component id="oc-1b6">
         <name>.debug_line</name>
         <load_address>0x3c56</load_address>
         <run_address>0x3c56</run_address>
         <size>0x3b</size>
         <input_file_ref idref="fl-9"/>
      </object_component>
      <object_component id="oc-b8">
         <name>.debug_line</name>
         <load_address>0x3c91</load_address>
         <run_address>0x3c91</run_address>
         <size>0x146</size>
         <input_file_ref idref="fl-9"/>
      </object_component>
      <object_component id="oc-230">
         <name>.debug_line</name>
         <load_address>0x3dd7</load_address>
         <run_address>0x3dd7</run_address>
         <size>0x20</size>
         <input_file_ref idref="fl-a"/>
      </object_component>
      <object_component id="oc-22e">
         <name>.debug_line</name>
         <load_address>0x3df7</load_address>
         <run_address>0x3df7</run_address>
         <size>0x35</size>
         <input_file_ref idref="fl-a"/>
      </object_component>
      <object_component id="oc-22c">
         <name>.debug_line</name>
         <load_address>0x3e2c</load_address>
         <run_address>0x3e2c</run_address>
         <size>0x35</size>
         <input_file_ref idref="fl-a"/>
      </object_component>
      <object_component id="oc-182">
         <name>.debug_line</name>
         <load_address>0x3e61</load_address>
         <run_address>0x3e61</run_address>
         <size>0xb2</size>
         <input_file_ref idref="fl-a"/>
      </object_component>
      <object_component id="oc-211">
         <name>.debug_line</name>
         <load_address>0x3f13</load_address>
         <run_address>0x3f13</run_address>
         <size>0x31</size>
         <input_file_ref idref="fl-10"/>
      </object_component>
      <object_component id="oc-ee">
         <name>.debug_line</name>
         <load_address>0x3f44</load_address>
         <run_address>0x3f44</run_address>
         <size>0x3f</size>
         <input_file_ref idref="fl-10"/>
      </object_component>
      <object_component id="oc-f5">
         <name>.debug_line</name>
         <load_address>0x3f83</load_address>
         <run_address>0x3f83</run_address>
         <size>0x3f</size>
         <input_file_ref idref="fl-10"/>
      </object_component>
      <object_component id="oc-fa">
         <name>.debug_line</name>
         <load_address>0x3fc2</load_address>
         <run_address>0x3fc2</run_address>
         <size>0x3f</size>
         <input_file_ref idref="fl-10"/>
      </object_component>
      <object_component id="oc-215">
         <name>.debug_line</name>
         <load_address>0x4001</load_address>
         <run_address>0x4001</run_address>
         <size>0x5e</size>
         <input_file_ref idref="fl-10"/>
      </object_component>
      <object_component id="oc-23">
         <name>.debug_line</name>
         <load_address>0x405f</load_address>
         <run_address>0x405f</run_address>
         <size>0x53</size>
         <input_file_ref idref="fl-c8"/>
      </object_component>
      <object_component id="oc-111">
         <name>.debug_line</name>
         <load_address>0x40b2</load_address>
         <run_address>0x40b2</run_address>
         <size>0x20</size>
         <input_file_ref idref="fl-c9"/>
      </object_component>
      <object_component id="oc-15">
         <name>.debug_line</name>
         <load_address>0x40d2</load_address>
         <run_address>0x40d2</run_address>
         <size>0xa9</size>
         <input_file_ref idref="fl-c9"/>
      </object_component>
      <object_component id="oc-30">
         <name>.debug_line</name>
         <load_address>0x417b</load_address>
         <run_address>0x417b</run_address>
         <size>0x3a</size>
         <input_file_ref idref="fl-c9"/>
      </object_component>
      <object_component id="oc-83">
         <name>.debug_line</name>
         <load_address>0x41b5</load_address>
         <run_address>0x41b5</run_address>
         <size>0x8a</size>
         <input_file_ref idref="fl-c9"/>
      </object_component>
      <object_component id="oc-8d">
         <name>.debug_line</name>
         <load_address>0x423f</load_address>
         <run_address>0x423f</run_address>
         <size>0x8a</size>
         <input_file_ref idref="fl-ca"/>
      </object_component>
      <object_component id="oc-1b">
         <name>.debug_line</name>
         <load_address>0x42c9</load_address>
         <run_address>0x42c9</run_address>
         <size>0x55</size>
         <input_file_ref idref="fl-ca"/>
      </object_component>
      <object_component id="oc-40">
         <name>.debug_line</name>
         <load_address>0x431e</load_address>
         <run_address>0x431e</run_address>
         <size>0x3a</size>
         <input_file_ref idref="fl-ca"/>
      </object_component>
      <object_component id="oc-8a">
         <name>.debug_line</name>
         <load_address>0x4358</load_address>
         <run_address>0x4358</run_address>
         <size>0x8a</size>
         <input_file_ref idref="fl-ca"/>
      </object_component>
      <object_component id="oc-95">
         <name>.debug_line</name>
         <load_address>0x43e2</load_address>
         <run_address>0x43e2</run_address>
         <size>0x8a</size>
         <input_file_ref idref="fl-cb"/>
      </object_component>
      <object_component id="oc-21">
         <name>.debug_line</name>
         <load_address>0x446c</load_address>
         <run_address>0x446c</run_address>
         <size>0x4f</size>
         <input_file_ref idref="fl-cb"/>
      </object_component>
      <object_component id="oc-4c">
         <name>.debug_line</name>
         <load_address>0x44bb</load_address>
         <run_address>0x44bb</run_address>
         <size>0x34</size>
         <input_file_ref idref="fl-cb"/>
      </object_component>
      <object_component id="oc-92">
         <name>.debug_line</name>
         <load_address>0x44ef</load_address>
         <run_address>0x44ef</run_address>
         <size>0x8a</size>
         <input_file_ref idref="fl-cb"/>
      </object_component>
      <object_component id="oc-135">
         <name>.debug_line</name>
         <load_address>0x4579</load_address>
         <run_address>0x4579</run_address>
         <size>0xf2</size>
         <input_file_ref idref="fl-cc"/>
      </object_component>
      <object_component id="oc-129">
         <name>.debug_line</name>
         <load_address>0x466b</load_address>
         <run_address>0x466b</run_address>
         <size>0x2a</size>
         <input_file_ref idref="fl-cc"/>
      </object_component>
      <object_component id="oc-68">
         <name>.debug_line</name>
         <load_address>0x4695</load_address>
         <run_address>0x4695</run_address>
         <size>0x86</size>
         <input_file_ref idref="fl-cc"/>
      </object_component>
      <object_component id="oc-39">
         <name>.debug_line</name>
         <load_address>0x471b</load_address>
         <run_address>0x471b</run_address>
         <size>0x88</size>
         <input_file_ref idref="fl-cd"/>
      </object_component>
      <object_component id="oc-47">
         <name>.debug_line</name>
         <load_address>0x47a3</load_address>
         <run_address>0x47a3</run_address>
         <size>0x79</size>
         <input_file_ref idref="fl-ce"/>
      </object_component>
      <object_component id="oc-53">
         <name>.debug_line</name>
         <load_address>0x481c</load_address>
         <run_address>0x481c</run_address>
         <size>0x3d</size>
         <input_file_ref idref="fl-cf"/>
      </object_component>
      <object_component id="oc-56">
         <name>.debug_line</name>
         <load_address>0x4859</load_address>
         <run_address>0x4859</run_address>
         <size>0x40</size>
         <input_file_ref idref="fl-d0"/>
      </object_component>
      <object_component id="oc-1e3">
         <name>.debug_line</name>
         <load_address>0x4899</load_address>
         <run_address>0x4899</run_address>
         <size>0x89</size>
         <input_file_ref idref="fl-d1"/>
      </object_component>
      <object_component id="oc-1e1">
         <name>.debug_line</name>
         <load_address>0x4922</load_address>
         <run_address>0x4922</run_address>
         <size>0x2a</size>
         <input_file_ref idref="fl-d1"/>
      </object_component>
      <object_component id="oc-c7">
         <name>.debug_line</name>
         <load_address>0x494c</load_address>
         <run_address>0x494c</run_address>
         <size>0x62</size>
         <input_file_ref idref="fl-d1"/>
      </object_component>
      <object_component id="oc-b2">
         <name>.debug_line</name>
         <load_address>0x49ae</load_address>
         <run_address>0x49ae</run_address>
         <size>0x33</size>
         <input_file_ref idref="fl-d2"/>
      </object_component>
      <object_component id="oc-1df">
         <name>.debug_line</name>
         <load_address>0x49e1</load_address>
         <run_address>0x49e1</run_address>
         <size>0x2a</size>
         <input_file_ref idref="fl-d3"/>
      </object_component>
      <object_component id="oc-c5">
         <name>.debug_line</name>
         <load_address>0x4a0b</load_address>
         <run_address>0x4a0b</run_address>
         <size>0x3f</size>
         <input_file_ref idref="fl-d3"/>
      </object_component>
      <object_component id="oc-153">
         <name>.debug_line</name>
         <load_address>0x4a4a</load_address>
         <run_address>0x4a4a</run_address>
         <size>0x88</size>
         <input_file_ref idref="fl-d3"/>
      </object_component>
      <object_component id="oc-223">
         <name>.debug_line</name>
         <load_address>0x4ad2</load_address>
         <run_address>0x4ad2</run_address>
         <size>0xff</size>
         <input_file_ref idref="fl-d4"/>
      </object_component>
      <object_component id="oc-221">
         <name>.debug_line</name>
         <load_address>0x4bd1</load_address>
         <run_address>0x4bd1</run_address>
         <size>0x2c</size>
         <input_file_ref idref="fl-d4"/>
      </object_component>
      <object_component id="oc-14e">
         <name>.debug_line</name>
         <load_address>0x4bfd</load_address>
         <run_address>0x4bfd</run_address>
         <size>0x255</size>
         <input_file_ref idref="fl-d4"/>
      </object_component>
      <object_component id="oc-1dc">
         <name>.debug_line</name>
         <load_address>0x4e52</load_address>
         <run_address>0x4e52</run_address>
         <size>0x88</size>
         <input_file_ref idref="fl-d4"/>
      </object_component>
      <object_component id="oc-227">
         <name>.debug_line</name>
         <load_address>0x4eda</load_address>
         <run_address>0x4eda</run_address>
         <size>0x89</size>
         <input_file_ref idref="fl-d4"/>
      </object_component>
      <object_component id="oc-1d7">
         <name>.debug_line</name>
         <load_address>0x4f63</load_address>
         <run_address>0x4f63</run_address>
         <size>0x2a</size>
         <input_file_ref idref="fl-d4"/>
      </object_component>
      <object_component id="oc-234">
         <name>.debug_line</name>
         <load_address>0x4f8d</load_address>
         <run_address>0x4f8d</run_address>
         <size>0x20</size>
         <input_file_ref idref="fl-d5"/>
      </object_component>
      <object_component id="oc-232">
         <name>.debug_line</name>
         <load_address>0x4fad</load_address>
         <run_address>0x4fad</run_address>
         <size>0x2c</size>
         <input_file_ref idref="fl-d5"/>
      </object_component>
      <object_component id="oc-1c1">
         <name>.debug_line</name>
         <load_address>0x4fd9</load_address>
         <run_address>0x4fd9</run_address>
         <size>0x9d</size>
         <input_file_ref idref="fl-d5"/>
      </object_component>
      <object_component id="oc-1b4">
         <name>.debug_line</name>
         <load_address>0x5076</load_address>
         <run_address>0x5076</run_address>
         <size>0x20</size>
         <input_file_ref idref="fl-d6"/>
      </object_component>
      <object_component id="oc-131">
         <name>.debug_line</name>
         <load_address>0x5096</load_address>
         <run_address>0x5096</run_address>
         <size>0x2b</size>
         <input_file_ref idref="fl-d6"/>
      </object_component>
      <object_component id="oc-12b">
         <name>.debug_line</name>
         <load_address>0x50c1</load_address>
         <run_address>0x50c1</run_address>
         <size>0x68</size>
         <input_file_ref idref="fl-d6"/>
      </object_component>
      <object_component id="oc-122">
         <name>.debug_line</name>
         <load_address>0x5129</load_address>
         <run_address>0x5129</run_address>
         <size>0x2b</size>
         <input_file_ref idref="fl-d7"/>
      </object_component>
      <object_component id="oc-65">
         <name>.debug_line</name>
         <load_address>0x5154</load_address>
         <run_address>0x5154</run_address>
         <size>0x4a</size>
         <input_file_ref idref="fl-d7"/>
      </object_component>
      <object_component id="oc-126">
         <name>.debug_line</name>
         <load_address>0x519e</load_address>
         <run_address>0x519e</run_address>
         <size>0x2b</size>
         <input_file_ref idref="fl-d7"/>
      </object_component>
      <object_component id="oc-116">
         <name>.debug_line</name>
         <load_address>0x51c9</load_address>
         <run_address>0x51c9</run_address>
         <size>0xa9</size>
         <input_file_ref idref="fl-d8"/>
      </object_component>
      <object_component id="oc-5e">
         <name>.debug_line</name>
         <load_address>0x5272</load_address>
         <run_address>0x5272</run_address>
         <size>0x8b</size>
         <input_file_ref idref="fl-d8"/>
      </object_component>
      <object_component id="oc-11a">
         <name>.debug_line</name>
         <load_address>0x52fd</load_address>
         <run_address>0x52fd</run_address>
         <size>0x2e</size>
         <input_file_ref idref="fl-d8"/>
      </object_component>
      <object_component id="oc-1b0">
         <name>.debug_line</name>
         <load_address>0x532b</load_address>
         <run_address>0x532b</run_address>
         <size>0x8a</size>
         <input_file_ref idref="fl-d8"/>
      </object_component>
      <object_component id="oc-11f">
         <name>.debug_line</name>
         <load_address>0x53b5</load_address>
         <run_address>0x53b5</run_address>
         <size>0x8b</size>
         <input_file_ref idref="fl-d8"/>
      </object_component>
      <object_component id="oc-1a7">
         <name>.debug_line</name>
         <load_address>0x5440</load_address>
         <run_address>0x5440</run_address>
         <size>0x98</size>
         <input_file_ref idref="fl-d9"/>
      </object_component>
      <object_component id="oc-99">
         <name>.debug_line</name>
         <load_address>0x54d8</load_address>
         <run_address>0x54d8</run_address>
         <size>0x68</size>
         <input_file_ref idref="fl-d9"/>
      </object_component>
      <object_component id="oc-1ab">
         <name>.debug_line</name>
         <load_address>0x5540</load_address>
         <run_address>0x5540</run_address>
         <size>0x2e</size>
         <input_file_ref idref="fl-d9"/>
      </object_component>
      <object_component id="oc-a0">
         <name>.debug_line</name>
         <load_address>0x556e</load_address>
         <run_address>0x556e</run_address>
         <size>0x3c</size>
         <input_file_ref idref="fl-da"/>
      </object_component>
      <object_component id="oc-238">
         <name>.debug_line</name>
         <load_address>0x55aa</load_address>
         <run_address>0x55aa</run_address>
         <size>0x20</size>
         <input_file_ref idref="fl-db"/>
      </object_component>
      <object_component id="oc-1cd">
         <name>.debug_line</name>
         <load_address>0x55ca</load_address>
         <run_address>0x55ca</run_address>
         <size>0xa0</size>
         <input_file_ref idref="fl-db"/>
      </object_component>
      <object_component id="oc-236">
         <name>.debug_line</name>
         <load_address>0x566a</load_address>
         <run_address>0x566a</run_address>
         <size>0x20</size>
         <input_file_ref idref="fl-dc"/>
      </object_component>
      <object_component id="oc-1c7">
         <name>.debug_line</name>
         <load_address>0x568a</load_address>
         <run_address>0x568a</run_address>
         <size>0xaa</size>
         <input_file_ref idref="fl-dc"/>
      </object_component>
      <object_component id="oc-de">
         <name>.debug_frame</name>
         <load_address>0x0</load_address>
         <run_address>0x0</run_address>
         <size>0x6ae</size>
         <input_file_ref idref="fl-2"/>
      </object_component>
      <object_component id="oc-fe">
         <name>.debug_frame</name>
         <load_address>0x6ae</load_address>
         <run_address>0x6ae</run_address>
         <size>0x69</size>
         <input_file_ref idref="fl-3"/>
      </object_component>
      <object_component id="oc-e5">
         <name>.debug_frame</name>
         <load_address>0x717</load_address>
         <run_address>0x717</run_address>
         <size>0x354</size>
         <input_file_ref idref="fl-4"/>
      </object_component>
      <object_component id="oc-7c">
         <name>.debug_frame</name>
         <load_address>0xa6b</load_address>
         <run_address>0xa6b</run_address>
         <size>0x128</size>
         <input_file_ref idref="fl-5"/>
      </object_component>
      <object_component id="oc-bb">
         <name>.debug_frame</name>
         <load_address>0xb93</load_address>
[...]
      </symbol>
      <symbol id="sm-4ed">
         <name>data_received_flag</name>
         <value>0x20000d30</value>
         <object_component_ref idref="oc-cc"/>
      </symbol>
      <symbol id="sm-4ee">
         <name>music_mode</name>
         <value>0x20000d50</value>
         <object_component_ref idref="oc-cc"/>
      </symbol>
      <symbol id="sm-4ef">
         <name>playmusic</name>
         <value>0x16e71</value>
         <object_component_ref idref="oc-77"/>
      </symbol>
      <symbol id="sm-4f0">
         <name>looped_song</name>
         <value>0x20000d6c</value>
         <object_component_ref idref="oc-cc"/>
      </symbol>
      <symbol id="sm-4f1">
         <name>received_option</name>
         <value>0x20000d3c</value>
         <object_component_ref idref="oc-cc"/>
      </symbol>
      <symbol id="sm-4f2">
         <name>main</name>
         <value>0x17461</value>
         <object_component_ref idref="oc-77"/>
      </symbol>
      <symbol id="sm-4f3">
         <name>data_byte</name>
         <value>0x20000d20</value>
         <object_component_ref idref="oc-cc"/>
      </symbol>
      <symbol id="sm-4f4">
         <name>read_mode</name>
         <value>0x20000d4c</value>
         <object_component_ref idref="oc-cc"/>
      </symbol>
      <symbol id="sm-4f5">
         <name>current_volume</name>
         <value>0x20000d48</value>
         <object_component_ref idref="oc-cc"/>
      </symbol>
      <symbol id="sm-4f6">
         <name>start_flag</name>
         <value>0x20000d38</value>
         <object_component_ref idref="oc-cc"/>
      </symbol>
      <symbol id="sm-4f7">
         <name>loop</name>
         <value>0x20000d68</value>
         <object_component_ref idref="oc-cc"/>
      </symbol>
      <symbol id="sm-4f8">
         <name>min</name>
         <value>0x16bc5</value>
         <object_component_ref idref="oc-77"/>
      </symbol>
      <symbol id="sm-4f9">
         <name>PORT5_IRQHandler</name>
         <value>0x175c9</value>
         <object_component_ref idref="oc-77"/>
      </symbol>
      <symbol id="sm-4fa">
         <name>is_paused</name>
         <value>0x20000d54</value>
         <object_component_ref idref="oc-cc"/>
      </symbol>
      <symbol id="sm-4fb">
         <name>button_type</name>
         <value>0x20000d24</value>
         <object_component_ref idref="oc-cc"/>
      </symbol>
      <symbol id="sm-4fc">
         <name>music_play</name>
         <value>0x20000d5c</value>
         <object_component_ref idref="oc-cc"/>
      </symbol>
      <symbol id="sm-4fd">
         <name>my_path</name>
         <value>0x20000d78</value>
         <object_component_ref idref="oc-cc"/>
      </symbol>
      <symbol id="sm-4fe">
         <name>getvolumerange</name>
         <value>0x16ce7</value>
         <object_component_ref idref="oc-77"/>
      </symbol>
      <symbol id="sm-4ff">
         <name>button_pressed</name>
         <value>0x16ff9</value>
         <object_component_ref idref="oc-77"/>
      </symbol>
      <symbol id="sm-500">
         <name>music_path</name>
         <value>0x20000d7c</value>
         <object_component_ref idref="oc-cc"/>
      </symbol>
      <symbol id="sm-5dc">
         <name>receiveBuffer</name>
         <value>0x20000688</value>
      </symbol>
      <symbol id="sm-5dd">
         <name>disk_status</name>
         <value>0x16717</value>
         <object_component_ref idref="oc-ba"/>
      </symbol>
      <symbol id="sm-5de">
         <name>receive_multiple_bytes</name>
         <value>0x15ea5</value>
         <object_component_ref idref="oc-ba"/>
      </symbol>
      <symbol id="sm-5df">
         <name>receive_response</name>
         <value>0x15e31</value>
         <object_component_ref idref="oc-ba"/>
      </symbol>
      <symbol id="sm-5e0">
         <name>writeSector</name>
         <value>0x160e5</value>
         <object_component_ref idref="oc-ba"/>
      </symbol>
      <symbol id="sm-5e1">
         <name>changeCRCcheck</name>
         <value>0x15f09</value>
         <object_component_ref idref="oc-ba"/>
      </symbol>
      <symbol id="sm-5e2">
         <name>receive_ff</name>
         <value>0x15e6b</value>
         <object_component_ref idref="oc-ba"/>
      </symbol>
      <symbol id="sm-5e3">
         <name>disk_timerproc</name>
         <value>0x16b67</value>
         <object_component_ref idref="oc-ba"/>
      </symbol>
      <symbol id="sm-5e4">
         <name>transmit</name>
         <value>0x15e01</value>
         <object_component_ref idref="oc-ba"/>
      </symbol>
      <symbol id="sm-5e5">
         <name>readCID</name>
         <value>0x15f41</value>
         <object_component_ref idref="oc-ba"/>
      </symbol>
      <symbol id="sm-5e6">
         <name>disk_read</name>
         <value>0x1673d</value>
         <object_component_ref idref="oc-ba"/>
      </symbol>
      <symbol id="sm-5e7">
         <name>readSector</name>
         <value>0x15fd9</value>
         <object_component_ref idref="oc-ba"/>
      </symbol>
      <symbol id="sm-5e8">
         <name>disk_initialize</name>
         <value>0x16475</value>
         <object_component_ref idref="oc-ba"/>
      </symbol>
      <symbol id="sm-5e9">
         <name>disk_ioctl</name>
         <value>0x167fd</value>
         <object_component_ref idref="oc-ba"/>
      </symbol>
      <symbol id="sm-5ea">
         <name>disk_write</name>
         <value>0x167d5</value>
         <object_component_ref idref="oc-ba"/>
      </symbol>
      <symbol id="sm-653">
         <name>WriteVS10xxMem</name>
         <value>0x184c7</value>
         <object_component_ref idref="oc-d3"/>
      </symbol>
      <symbol id="sm-654">
         <name>RestoreUIState</name>
         <value>0x1841f</value>
         <object_component_ref idref="oc-d3"/>
      </symbol>
      <symbol id="sm-655">
         <name>VSTestInitSoftware</name>
         <value>0x18665</value>
         <object_component_ref idref="oc-d3"/>
      </symbol>
      <symbol id="sm-656">
         <name>VSTestHandleFile</name>
         <value>0x18721</value>
         <object_component_ref idref="oc-d3"/>
      </symbol>
      <symbol id="sm-657">
         <name>VSTestInitHardware</name>
         <value>0x18609</value>
         <object_component_ref idref="oc-d3"/>
      </symbol>
      <symbol id="sm-658">
         <name>ReadVS10xxMem32</name>
         <value>0x18483</value>
         <object_component_ref idref="oc-d3"/>
      </symbol>
      <symbol id="sm-659">
         <name>ReadSpiByte</name>
         <value>0x182bd</value>
         <object_component_ref idref="oc-d3"/>
      </symbol>
      <symbol id="sm-65a">
         <name>VS1063RecordFile</name>
         <value>0x185f9</value>
         <object_component_ref idref="oc-d3"/>
      </symbol>
      <symbol id="sm-65b">
         <name>plugin</name>
         <value>0xe830</value>
         <object_component_ref idref="oc-177"/>
      </symbol>
      <symbol id="sm-65c">
         <name>delay</name>
         <value>0x181a5</value>
         <object_component_ref idref="oc-d3"/>
      </symbol>
      <symbol id="sm-65d">
         <name>ReadVS10xxMem</name>
         <value>0x184af</value>
         <object_component_ref idref="oc-d3"/>
      </symbol>
      <symbol id="sm-65e">
         <name>LoadPlugin</name>
         <value>0x18531</value>
         <object_component_ref idref="oc-d3"/>
      </symbol>
      <symbol id="sm-65f">
         <name>spiinit</name>
         <value>0x181c7</value>
         <object_component_ref idref="oc-d3"/>
      </symbol>
      <symbol id="sm-660">
         <name>ReadVS10xxMem32Counter</name>
         <value>0x18425</value>
         <object_component_ref idref="oc-d3"/>
      </symbol>
      <symbol id="sm-661">
         <name>WriteVS10xxMem32</name>
         <value>0x184e7</value>
         <object_component_ref idref="oc-d3"/>
      </symbol>
      <symbol id="sm-662">
         <name>GetUICommand</name>
         <value>0x18421</value>
         <object_component_ref idref="oc-d3"/>
      </symbol>
      <symbol id="sm-663">
         <name>WriteSpiByteSDI</name>
         <value>0x1825f</value>
         <object_component_ref idref="oc-d3"/>
      </symbol>
      <symbol id="sm-664">
         <name>WriteSpiByte</name>
         <value>0x1828d</value>
         <object_component_ref idref="oc-d3"/>
      </symbol>
      <symbol id="sm-665">
         <name>VS1063PlayFile</name>
         <value>0x185e9</value>
         <object_component_ref idref="oc-d3"/>
      </symbol>
      <symbol id="sm-666">
         <name>WriteSci</name>
         <value>0x1837d</value>
         <object_component_ref idref="oc-d3"/>
      </symbol>
      <symbol id="sm-667">
         <name>chipNumber</name>
         <value>0x12446</value>
         <object_component_ref idref="oc-174"/>
      </symbol>
      <symbol id="sm-668">
         <name>ReadSci</name>
         <value>0x182f3</value>
         <object_component_ref idref="oc-d3"/>
      </symbol>
      <symbol id="sm-669">
         <name>SaveUIState</name>
         <value>0x1841d</value>
         <object_component_ref idref="oc-d3"/>
      </symbol>
      <symbol id="sm-66a">
         <name>WriteSdi</name>
         <value>0x183d1</value>
         <object_component_ref idref="oc-d3"/>
      </symbol>
      <symbol id="sm-686">
         <name>defaultISR</name>
         <value>0x19335</value>
         <object_component_ref idref="oc-71"/>
      </symbol>
      <symbol id="sm-687">
         <name>interruptVectors</name>
         <value>0x0</value>
         <object_component_ref idref="oc-28"/>
      </symbol>
      <symbol id="sm-6ce">
         <name>SystemInit</name>
         <value>0x189b9</value>
         <object_component_ref idref="oc-b3"/>
      </symbol>
      <symbol id="sm-6cf">
         <name>SystemCoreClockUpdate</name>
         <value>0x18745</value>
         <object_component_ref idref="oc-b3"/>
      </symbol>
      <symbol id="sm-6d0">
         <name>SystemCoreClock</name>
         <value>0x20000db8</value>
         <object_component_ref idref="oc-136"/>
      </symbol>
      <symbol id="sm-704">
         <name>ff_convert</name>
         <value>0x18d91</value>
         <object_component_ref idref="oc-17d"/>
      </symbol>
      <symbol id="sm-705">
         <name>ff_wtoupper</name>
         <value>0x18e3b</value>
         <object_component_ref idref="oc-17d"/>
      </symbol>
      <symbol id="sm-72d">
         <name>SysTick_setPeriod</name>
         <value>0x19355</value>
         <object_component_ref idref="oc-ea"/>
      </symbol>
      <symbol id="sm-72e">
         <name>SysTick_enableInterrupt</name>
         <value>0x192c1</value>
         <object_component_ref idref="oc-f6"/>
      </symbol>
      <symbol id="sm-72f">
         <name>SysTick_enableModule</name>
         <value>0x192d5</value>
         <object_component_ref idref="oc-f0"/>
      </symbol>
      <symbol id="sm-742">
         <name>_c_int00</name>
         <value>0x19169</value>
         <object_component_ref idref="oc-22"/>
      </symbol>
      <symbol id="sm-743">
         <name>__stack</name>
         <value>0x2000fe00</value>
         <object_component_ref idref="oc-2b"/>
      </symbol>
      <symbol id="sm-761">
         <name>__TI_decompress_lzss</name>
         <value>0x19099</value>
         <object_component_ref idref="oc-10"/>
      </symbol>
      <symbol id="sm-778">
         <name>__TI_decompress_none</name>
         <value>0x19337</value>
         <object_component_ref idref="oc-16"/>
      </symbol>
      <symbol id="sm-78f">
         <name>__TI_zero_init</name>
         <value>0x19361</value>
         <object_component_ref idref="oc-1c"/>
      </symbol>
      <symbol id="sm-7b0">
         <name>C$$EXIT</name>
         <value>0x191bd</value>
         <object_component_ref idref="oc-67"/>
      </symbol>
      <symbol id="sm-7b1">
         <name>abort</name>
         <value>0x191c1</value>
         <object_component_ref idref="oc-67"/>
      </symbol>
      <symbol id="sm-7b2">
         <name>exit</name>
         <value>0x191c9</value>
         <object_component_ref idref="oc-67"/>
      </symbol>
      <symbol id="sm-7b3">
         <name>__TI_dtors_ptr</name>
         <value>0x20000d84</value>
         <object_component_ref idref="oc-a8"/>
      </symbol>
      <symbol id="sm-7b4">
         <name>__TI_cleanup_ptr</name>
         <value>0x20000d80</value>
         <object_component_ref idref="oc-a8"/>
      </symbol>
      <symbol id="sm-7b5">
         <name>__TI_enable_exit_profile_output</name>
         <value>0x20000d88</value>
         <object_component_ref idref="oc-a8"/>
      </symbol>
      <symbol id="sm-7d0">
         <name>memcpy</name>
         <value>0x18e95</value>
         <object_component_ref idref="oc-37"/>
      </symbol>
      <symbol id="sm-7d1">
         <name>__aeabi_memcpy</name>
         <value>0x18e95</value>
         <object_component_ref idref="oc-37"/>
      </symbol>
      <symbol id="sm-7d2">
         <name>__aeabi_memcpy8</name>
         <value>0x18e95</value>
         <object_component_ref idref="oc-37"/>
      </symbol>
      <symbol id="sm-7d3">
         <name>__aeabi_memcpy4</name>
         <value>0x18e95</value>
         <object_component_ref idref="oc-37"/>
      </symbol>
      <symbol id="sm-7e2">
         <name>__aeabi_memset</name>
         <value>0x18faf</value>
         <object_component_ref idref="oc-43"/>
      </symbol>
      <symbol id="sm-7e3">
         <name>memset</name>
         <value>0x18fb5</value>
         <object_component_ref idref="oc-43"/>
      </symbol>
      <symbol id="sm-7e4">
         <name>__aeabi_memset8</name>
         <value>0x18faf</value>
         <object_component_ref idref="oc-43"/>
      </symbol>
      <symbol id="sm-7e5">
         <name>__aeabi_memset4</name>
         <value>0x18faf</value>
         <object_component_ref idref="oc-43"/>
      </symbol>
      <symbol id="sm-7e6">
         <name>__aeabi_memclr8</name>
         <value>0x18fad</value>
         <object_component_ref idref="oc-43"/>
      </symbol>
      <symbol id="sm-7e7">
         <name>__aeabi_memclr4</name>
         <value>0x18fad</value>
         <object_component_ref idref="oc-43"/>
      </symbol>
      <symbol id="sm-7e8">
         <name>__aeabi_memclr</name>
         <value>0x18fad</value>
         <object_component_ref idref="oc-43"/>
      </symbol>
      <symbol id="sm-7f2">
         <name>__mpu_init</name>
         <value>0x19027</value>
         <object_component_ref idref="oc-4f"/>
      </symbol>
      <symbol id="sm-7fc">
         <name>_system_pre_init</name>
         <value>0x1936d</value>
         <object_component_ref idref="oc-55"/>
      </symbol>
      <symbol id="sm-816">
         <name>rand</name>
         <value>0x19273</value>
         <object_component_ref idref="oc-c6"/>
      </symbol>
      <symbol id="sm-817">
         <name>srand</name>
         <value>0x1925d</value>
         <object_component_ref idref="oc-c6"/>
      </symbol>
      <symbol id="sm-81f">
         <name>main_func_sp</name>
         <value>0x20000db4</value>
         <object_component_ref idref="oc-6d"/>
      </symbol>
      <symbol id="sm-832">
         <name>__time32</name>
         <value>0x19345</value>
         <object_component_ref idref="oc-c0"/>
      </symbol>
      <symbol id="sm-833">
         <name>time</name>
         <value>0x19345</value>
         <object_component_ref idref="oc-c0"/>
      </symbol>
      <symbol id="sm-864">
         <name>HOSTgetenv</name>
         <value>0x18cd1</value>
         <object_component_ref idref="oc-149"/>
      </symbol>
      <symbol id="sm-865">
         <name>HOSTrename</name>
         <value>0x18b79</value>
         <object_component_ref idref="oc-149"/>
      </symbol>
      <symbol id="sm-866">
         <name>HOSTclose</name>
         <value>0x18d0f</value>
         <object_component_ref idref="oc-149"/>
      </symbol>
      <symbol id="sm-867">
         <name>HOSTtime64</name>
         <value>0x18af1</value>
         <object_component_ref idref="oc-149"/>
      </symbol>
      <symbol id="sm-868">
         <name>HOSTunlink</name>
         <value>0x18ab9</value>
         <object_component_ref idref="oc-149"/>
      </symbol>
      <symbol id="sm-869">
         <name>HOSTlseek</name>
         <value>0x18c75</value>
         <object_component_ref idref="oc-149"/>
      </symbol>
      <symbol id="sm-86a">
         <name>HOSTopen</name>
         <value>0x18c23</value>
         <object_component_ref idref="oc-149"/>
      </symbol>
      <symbol id="sm-86b">
         <name>HOSTclock</name>
         <value>0x18d47</value>
         <object_component_ref idref="oc-149"/>
      </symbol>
      <symbol id="sm-86c">
         <name>HOSTwrite</name>
         <value>0x18a6d</value>
         <object_component_ref idref="oc-149"/>
      </symbol>
      <symbol id="sm-86d">
         <name>HOSTread</name>
         <value>0x18bd7</value>
         <object_component_ref idref="oc-149"/>
      </symbol>
      <symbol id="sm-86e">
         <name>HOSTtime</name>
         <value>0x18b3f</value>
         <object_component_ref idref="oc-149"/>
      </symbol>
      <symbol id="sm-889">
         <name>__TI_readmsg</name>
         <value>0x19133</value>
         <object_component_ref idref="oc-1bd"/>
      </symbol>
      <symbol id="sm-88a">
         <name>C$$IO$$</name>
         <value>0x1912f</value>
         <object_component_ref idref="oc-1bd"/>
      </symbol>
      <symbol id="sm-88b">
         <name>__CIOBUF_</name>
         <value>0x20000a8c</value>
         <object_component_ref idref="oc-217"/>
      </symbol>
      <symbol id="sm-88c">
         <name>__TI_writemsg</name>
         <value>0x19101</value>
         <object_component_ref idref="oc-1bd"/>
      </symbol>
      <symbol id="sm-8a5">
         <name>_nop</name>
         <value>0x192f7</value>
         <object_component_ref idref="oc-12a"/>
      </symbol>
      <symbol id="sm-8a6">
         <name>_lock</name>
         <value>0x20000da4</value>
         <object_component_ref idref="oc-ab"/>
      </symbol>
      <symbol id="sm-8a7">
         <name>_unlock</name>
         <value>0x20000da8</value>
         <object_component_ref idref="oc-ab"/>
      </symbol>
      <symbol id="sm-8a8">
         <name>_register_lock</name>
         <value>0x192ef</value>
         <object_component_ref idref="oc-12a"/>
      </symbol>
      <symbol id="sm-8a9">
         <name>_register_unlock</name>
         <value>0x192e9</value>
         <object_component_ref idref="oc-12a"/>
      </symbol>
      <symbol id="sm-8bd">
         <name>_args_main</name>
         <value>0x192a9</value>
         <object_component_ref idref="oc-61"/>
      </symbol>
      <symbol id="sm-8e7">
         <name>__TI_auto_init</name>
         <value>0x19029</value>
         <object_component_ref idref="oc-5b"/>
      </symbol>
      <symbol id="sm-901">
         <name>copy_in</name>
         <value>0x19211</value>
         <object_component_ref idref="oc-98"/>
      </symbol>
      <symbol id="sm-90b">
         <name>_system_post_cinit</name>
         <value>0x19353</value>
         <object_component_ref idref="oc-9e"/>
      </symbol>
      <symbol id="sm-919">
         <name>strcpy</name>
         <value>0x192fd</value>
         <object_component_ref idref="oc-1c9"/>
      </symbol>
      <symbol id="sm-927">
         <name>strlen</name>
         <value>0x19311</value>
         <object_component_ref idref="oc-1c3"/>
      </symbol>
      <symbol id="sm-928">
         <name>__TI_static_base__</name>
         <value>0x0</value>
      </symbol>
      <symbol id="sm-92b">
         <name>SHT$$INIT_ARRAY$$Limit</name>
         <value>0x0</value>
      </symbol>
      <symbol id="sm-92c">
         <name>SHT$$INIT_ARRAY$$Base</name>
         <value>0x0</value>
      </symbol>
      <symbol id="sm-92d">
         <name>PORT5_IRQHandler</name>
         <value>0x175c9</value>
      </symbol>
   </symbol_table>
   <title>Link successful</title>
</link_info>
