******************************************************************************
                  TI ARM Linker PC v16.9.3                     
******************************************************************************
>> Linked Mon May 01 11:16:48 2017

OUTPUT FILE NAME:   <driverlib_empty_project.out>
ENTRY POINT SYMBOL: "_c_int00"  address: 0001a1a1


MEMORY CONFIGURATION

         name            origin    length      used     unused   attr    fill
----------------------  --------  ---------  --------  --------  ----  --------
  MAIN                  00000000   00040000  0001a50e  00025af2  R  X
  INFO                  00200000   00004000  00000000  00004000  R  X
  SRAM_CODE             01000000   00010000  00000000  00010000  RW X
  SRAM_DATA             20000000   00010000  00001c2e  0000e3d2  RW  


SEGMENT ALLOCATION MAP

run origin  load origin   length   init length attrs members
----------  ----------- ---------- ----------- ----- -------
00000000    00000000    0001a510   0001a510    r-x
  00000000    00000000    00000140   00000140    r-- .intvecs
  00000140    00000140    0001234e   0001234e    r-- .const
  00012490    00012490    00007fb8   00007fb8    r-x .text
  0001a448    0001a448    000000c8   000000c8    r-- .cinit
20000000    20000000    00001a31   00000000    rw-
  20000000    20000000    00000fbd   00000000    rw- .bss
  20000fc0    20000fc0    00000800   00000000    rw- .sysmem
  200017c0    200017c0    00000271   00000000    rw- .data
2000fe00    2000fe00    00000200   00000000    rw-
  2000fe00    2000fe00    00000200   00000000    rw- .stack


SECTION ALLOCATION MAP

 output                                  attributes/
section   page    origin      length       input sections
--------  ----  ----------  ----------   ----------------
.intvecs   0    00000000    00000140     
                  00000000    00000140     startup_msp432p401r_ccs.obj (.intvecs:retain)

.const     0    00000140    0001234e     
                  00000140    00007378     cc932.obj (.const:sjis2uni)
                  000074b8    00007378     cc932.obj (.const:uni2sjis)
                  0000e830    00003828     player1063.obj (.const:plugin)
                  00012058    000001e0     cc932.obj (.const:tbl_lower$1)
                  00012238    000001e0     cc932.obj (.const:tbl_upper$2)
                  00012418    0000002e     lcd.obj (.const:.string)
                  00012446    00000020     player1063.obj (.const:chipNumber)
                  00012466    00000010     ff.obj (.const:.string:badchr$1)
                  00012476    0000000d     ff.obj (.const:.string:LfnOfs)
                  00012483    00000001     --HOLE-- [fill = 0]
                  00012484    0000000a     main.obj (.const:.string)

.text      0    00012490    00007fb8     
                  00012490    0000396c     ff.obj (.text)
                  00015dfc    00000eb8     player1063.obj (.text)
                  00016cb4    00000a38     mmc_ssp.obj (.text)
                  000176ec    00000a30     main.obj (.text)
                  0001811c    000005e8     lcd.obj (.text)
                  00018704    000003d0     rtsv7M4_T_le_v4SPD16_eabi.lib : memory.obj (.text)
                  00018ad4    00000328     system_msp432p401r.obj (.text)
                  00018dfc    00000324     rtsv7M4_T_le_v4SPD16_eabi.lib : trgdrv.obj (.text)
                  00019120    0000030c                                   : lowlev.obj (.text)
                  0001942c    000001c4                                   : fopen.obj (.text)
                  000195f0    0000016c                                   : fwrite.obj (.text)
                  0001975c    00000104     cc932.obj (.text)
                  00019860    000000fc     rtsv7M4_T_le_v4SPD16_eabi.lib : fd_mul_t2.obj (.text)
                  0001995c    000000ec                                   : fread.obj (.text)
                  00019a48    000000dc                                   : setvbuf.obj (.text)
                  00019b24    000000c8                                   : fflush.obj (.text)
                  00019bec    000000ac                                   : _io_perm.obj (.text)
                  00019c98    000000a0                                   : _bufread.obj (.text)
                  00019d38    0000009c                                   : memcpy_t2.obj (.text)
                  00019dd4    00000098                                   : fclose.obj (.text)
                  00019e6c    00000098                                   : fputc.obj (.text)
                  00019f04    0000007c     ir.obj (.text)
                  00019f80    0000007a     rtsv7M4_T_le_v4SPD16_eabi.lib : memset_t2.obj (.text)
                  00019ffa    00000002                                   : mpu_init.obj (.text)
                  00019ffc    00000070                                   : autoinit.obj (.text)
                  0001a06c    00000068                                   : copy_decompress_lzss.obj (.text:decompress:lzss)
                  0001a0d4    00000068                                   : trgmsg.obj (.text)
                  0001a13c    00000064                                   : fseek.obj (.text)
                  0001a1a0    00000054                                   : boot.obj (.text)
                  0001a1f4    00000054                                   : exit.obj (.text)
                  0001a248    0000004c                                   : cpy_tbl.obj (.text)
                  0001a294    00000048                                   : fd_toi_t2.obj (.text)
                  0001a2dc    00000036                                   : strncpy.obj (.text)
                  0001a312    0000002e                                   : i_tofd_t2.obj (.text)
                  0001a340    00000020                                   : memchr.obj (.text)
                  0001a360    00000018                                   : args_main.obj (.text)
                  0001a378    00000018                                   : strcmp.obj (.text)
                  0001a390    00000016                                   : strchr.obj (.text)
                  0001a3a6    00000002                                   : startup.obj (.text)
                  0001a3a8    00000014     msp432p4xx_driverlib.lib : systick.o (.text:SysTick_enableInterrupt)
                  0001a3bc    00000014                              : systick.o (.text:SysTick_enableModule)
                  0001a3d0    00000014     rtsv7M4_T_le_v4SPD16_eabi.lib : _lock.obj (.text)
                  0001a3e4    00000014                                   : strcpy.obj (.text)
                  0001a3f8    00000014                                   : strlen.obj (.text)
                  0001a40c    00000012     startup_msp432p401r_ccs.obj (.text)
                  0001a41e    0000000e     rtsv7M4_T_le_v4SPD16_eabi.lib : copy_decompress_none.obj (.text:decompress:none)
                  0001a42c    0000000c     msp432p4xx_driverlib.lib : systick.o (.text:SysTick_setPeriod)
                  0001a438    0000000c     rtsv7M4_T_le_v4SPD16_eabi.lib : copy_zero_init.obj (.text:decompress:ZI)
                  0001a444    00000004                                   : pre_init.obj (.text)

.cinit     0    0001a448    000000c8     
                  0001a448    000000a1     (.cinit..data.load) [load image, compression = lzss]
                  0001a4e9    00000003     --HOLE-- [fill = 0]
                  0001a4ec    0000000c     (__TI_handler_table)
                  0001a4f8    00000008     (.cinit..bss.load) [load image, compression = zero_init]
                  0001a500    00000010     (__TI_cinit_table)

.init_array 
*          0    00000000    00000000     UNINITIALIZED

.bss       0    20000000    00000fbd     UNINITIALIZED
                  20000000    00000450     (.common:File)
                  20000450    00000238     (.common:FatFs)
                  20000688    00000200     ff.obj (.bss:LfnBuf)
                  20000888    00000200     player1063.obj (.bss:playBuf$1)
                  20000a88    00000200     player1063.obj (.bss:recBuf$6)
                  20000c88    00000120     rtsv7M4_T_le_v4SPD16_eabi.lib : trgmsg.obj (.bss:_CIOBUF_)
                  20000da8    000000a0     (.common:__TI_tmpnams)
                  20000e48    00000088     (.common:array)
                  20000ed0    00000084     (.common:Buff2)
                  20000f54    00000040     (.common:Buff)
                  20000f94    00000009     mmc_ssp.obj (.bss)
                  20000f9d    00000008     rtsv7M4_T_le_v4SPD16_eabi.lib : trgdrv.obj (.bss:parmbuf)
                  20000fa5    00000008     (.common:vol_level)
                  20000fad    00000001     (.common:fres)
                  20000fae    00000002     ff.obj (.bss)
                  20000fb0    00000004     ff.obj (.bss:FatFs)
                  20000fb4    00000004     (.common:file_path)
                  20000fb8    00000004     (.common:s1)
                  20000fbc    00000001     (.common:playerState)

.sysmem    0    20000fc0    00000800     UNINITIALIZED
                  20000fc0    00000008     rtsv7M4_T_le_v4SPD16_eabi.lib : memory.obj (.sysmem)
                  20000fc8    000007f8     --HOLE--

.data      0    200017c0    00000271     UNINITIALIZED
                  200017c0    000000f0     rtsv7M4_T_le_v4SPD16_eabi.lib : defs.obj (.data:_ftable)
                  200018b0    000000d0                                   : lowlev.obj (.data:$O1$$)
                  20001980    00000044     main.obj (.data)
                  200019c4    00000014     player1063.obj (.data)
                  200019d8    00000010     rtsv7M4_T_le_v4SPD16_eabi.lib : defs.obj (.data)
                  200019e8    0000000c                                   : exit.obj (.data:$O1$$)
                  200019f4    0000000c                                   : memory.obj (.data:$O1$$)
                  20001a00    0000000c     lcd.obj (.data:mp3)
                  20001a0c    0000000c     lcd.obj (.data:text)
                  20001a18    00000008     rtsv7M4_T_le_v4SPD16_eabi.lib : _lock.obj (.data:$O1$$)
                  20001a20    00000004     lcd.obj (.data)
                  20001a24    00000004     rtsv7M4_T_le_v4SPD16_eabi.lib : fopen.obj (.data)
                  20001a28    00000004                                   : stkdepth_vars.obj (.data)
                  20001a2c    00000004     system_msp432p401r.obj (.data)
                  20001a30    00000001     mmc_ssp.obj (.data)

.stack     0    2000fe00    00000200     UNINITIALIZED
                  2000fe00    00000200     --HOLE--

MODULE SUMMARY

       Module                        code    ro data   rw data
       ------                        ----    -------   -------
    .\
       player1063.obj                3768    14408     1045   
       ff.obj                        14700   29        518    
       lcd.obj                       1512    46        1773   
       main.obj                      2608    10        344    
       mmc_ssp.obj                   2616    0         10     
       system_msp432p401r.obj        808     0         4      
       startup_msp432p401r_ccs.obj   18      320       0      
       ir.obj                        124     0         0      
    +--+-----------------------------+-------+---------+---------+
       Total:                        26154   14813     3694   
                                                              
    .\option\
       cc932.obj                     260     60080     0      
    +--+-----------------------------+-------+---------+---------+
       Total:                        260     60080     0      
                                                              
    C:/ti/msp/MSP432Ware_3_50_00_02/driverlib/driverlib/MSP432P4xx/ccs/msp432p4xx_driverlib.lib
       systick.o                     52      0         0      
    +--+-----------------------------+-------+---------+---------+
       Total:                        52      0         0      
                                                              
    C:\ti\ccsv6\tools\compiler\ti-cgt-arm_16.9.3.LTS\lib\rtsv7M4_T_le_v4SPD16_eabi.lib
       lowlev.obj                    780     0         208    
       memory.obj                    976     0         12     
       trgdrv.obj                    804     0         8      
       fopen.obj                     452     0         4      
       defs.obj                      0       0         416    
       trgmsg.obj                    104     0         288    
       fwrite.obj                    364     0         0      
       fd_mul_t2.obj                 252     0         0      
       fread.obj                     236     0         0      
       setvbuf.obj                   220     0         0      
       fflush.obj                    200     0         0      
       _io_perm.obj                  172     0         0      
       _bufread.obj                  160     0         0      
       memcpy_t2.obj                 156     0         0      
       fclose.obj                    152     0         0      
       fputc.obj                     152     0         0      
       memset_t2.obj                 122     0         0      
       autoinit.obj                  112     0         0      
       copy_decompress_lzss.obj      104     0         0      
       fseek.obj                     100     0         0      
       exit.obj                      84      0         12     
       boot.obj                      84      0         0      
       cpy_tbl.obj                   76      0         0      
       fd_toi_t2.obj                 72      0         0      
       strncpy.obj                   54      0         0      
       i_tofd_t2.obj                 46      0         0      
       memchr.obj                    32      0         0      
       _lock.obj                     20      0         8      
       args_main.obj                 24      0         0      
       strcmp.obj                    24      0         0      
       strchr.obj                    22      0         0      
       strcpy.obj                    20      0         0      
       strlen.obj                    20      0         0      
       copy_decompress_none.obj      14      0         0      
       copy_zero_init.obj            12      0         0      
       pre_init.obj                  4       0         0      
       stkdepth_vars.obj             0       0         4      
       mpu_init.obj                  2       0         0      
       startup.obj                   2       0         0      
    +--+-----------------------------+-------+---------+---------+
       Total:                        6230    0         960    
                                                              
       Heap:                         0       0         2048   
       Stack:                        0       0         512    
       Linker Generated:             0       197       0      
    +--+-----------------------------+-------+---------+---------+
       Grand Total:                  32696   75090     7214   


LINKER GENERATED COPY TABLES

__TI_cinit_table @ 0001a500 records: 2, size/record: 8, table size: 16
	.data: load addr=0001a448, load size=000000a1 bytes, run addr=200017c0, run size=00000271 bytes, compression=lzss
	.bss: load addr=0001a4f8, load size=00000008 bytes, run addr=20000000, run size=00000fbd bytes, compression=zero_init


LINKER GENERATED HANDLER TABLE

__TI_handler_table @ 0001a4ec records: 3, size/record: 4, table size: 12
	index: 0, handler: __TI_decompress_lzss
	index: 1, handler: __TI_decompress_none
	index: 2, handler: __TI_zero_init


GLOBAL SYMBOLS: SORTED ALPHABETICALLY BY Name 

address   name                           
-------   ----                           
20000f54  Buff                           
20000ed0  Buff2                          
0001a1f5  C$$EXIT                        
0001a103  C$$IO$$                        
00018143  Delayms                        
20000450  FatFs                          
20000000  File                           
00016079  GetUICommand                   
000190d7  HOSTclock                      
0001909f  HOSTclose                      
00019061  HOSTgetenv                     
00019005  HOSTlseek                      
00018fb3  HOSTopen                       
00018f67  HOSTread                       
00018f09  HOSTrename                     
00018ecf  HOSTtime                       
00018e81  HOSTtime64                     
00018e49  HOSTunlink                     
00018dfd  HOSTwrite                      
00016185  LoadPlugin                     
00017f69  PORT5_IRQHandler               
00017f69  PORT5_IRQHandler               
00015f4b  ReadSci                        
00015f15  ReadSpiByte                    
00016105  ReadVS10xxMem                  
000160d9  ReadVS10xxMem32                
0001607b  ReadVS10xxMem32Counter         
00016077  RestoreUIState                 
UNDEFED   SHT$$INIT_ARRAY$$Base          
UNDEFED   SHT$$INIT_ARRAY$$Limit         
00016075  SaveUIState                    
000176ed  SysTick_Handler                
0001a3a9  SysTick_enableInterrupt        
0001a3bd  SysTick_enableModule           
0001a42d  SysTick_setPeriod              
20001a2c  SystemCoreClock                
00018ad5  SystemCoreClockUpdate          
00018d49  SystemInit                     
0001624d  VS1063PlayFile                 
00016865  VS1063RecordFile               
00016c4d  VSTestHandleFile               
00016b35  VSTestInitHardware             
00016b91  VSTestInitSoftware             
4000480c  WDTCTL_SYM                     
00015fd5  WriteSci                       
00016029  WriteSdi                       
00015ee5  WriteSpiByte                   
00015eb7  WriteSpiByteSDI                
0001611d  WriteVS10xxMem                 
0001613d  WriteVS10xxMem32               
20000c88  __CIOBUF_                      
20010000  __STACK_END                    
00000200  __STACK_SIZE                   
00000800  __SYSMEM_SIZE                  
0001a500  __TI_CINIT_Base                
0001a510  __TI_CINIT_Limit               
0001a4ec  __TI_Handler_Table_Base        
0001a4f8  __TI_Handler_Table_Limit       
00019ffd  __TI_auto_init                 
00019c99  __TI_buff_read                 
000194f5  __TI_cleanup                   
200019e8  __TI_cleanup_ptr               
00019dd5  __TI_closefile                 
0001a06d  __TI_decompress_lzss           
0001a41f  __TI_decompress_none           
00019b25  __TI_doflush                   
200019ec  __TI_dtors_ptr                 
200019f0  __TI_enable_exit_profile_output
200019d8  __TI_ft_end                    
ffffffff  __TI_pprof_out_hndl            
ffffffff  __TI_prof_data_size            
ffffffff  __TI_prof_data_start           
00019c4f  __TI_rd_ok                     
0001a107  __TI_readmsg                   
00000000  __TI_static_base__             
20000da8  __TI_tmpnams                   
0001a0d5  __TI_writemsg                  
00019bed  __TI_wrt_ok                    
0001a439  __TI_zero_init                 
0001a295  __aeabi_d2iz                   
00019861  __aeabi_dmul                   
0001a313  __aeabi_i2d                    
00019f81  __aeabi_memclr                 
00019f81  __aeabi_memclr4                
00019f81  __aeabi_memclr8                
00019d39  __aeabi_memcpy                 
00019d39  __aeabi_memcpy4                
00019d39  __aeabi_memcpy8                
00019f83  __aeabi_memset                 
00019f83  __aeabi_memset4                
00019f83  __aeabi_memset8                
200019e4  __aeabi_stderr                 
200019dc  __aeabi_stdin                  
200019e0  __aeabi_stdout                 
ffffffff  __binit__                      
ffffffff  __c_args__                     
00019ffb  __mpu_init                     
2000fe00  __stack                        
0001a361  _args_main                     
0001a1a1  _c_int00                       
200017c0  _ftable                        
20001a18  _lock                          
0001a3df  _nop                           
0001a3d7  _register_lock                 
0001a3d1  _register_unlock               
20000fc0  _sys_memory                    
0001a3a7  _system_post_cinit             
0001a445  _system_pre_init               
20001a1c  _unlock                        
0001a1f9  abort                          
00019381  add_device                     
20000e48  array                          
200019c4  audioFormat                    
ffffffff  binit                          
20001984  button_type                    
00018aa5  calloc                         
00012446  chipNumber                     
00019331  close                          
20001a20  cnt                            
0001820f  commandWrite                   
0001a249  copy_in                        
200019b8  current_music_option           
200019a8  current_volume                 
000182a1  dataRead                       
0001827d  dataWrite                      
20001980  data_byte                      
20001990  data_received_flag             
0001771f  decode                         
0001a41d  defaultISR                     
00015dfd  delay                          
00016fb1  disk_initialize                
00017331  disk_ioctl                     
0001726d  disk_read                      
00017247  disk_status                    
0001769b  disk_timerproc                 
00017305  disk_write                     
0001a201  exit                           
00014d7d  f_chdir                        
000159b3  f_chmod                        
00014d4b  f_close                        
00015231  f_closedir                     
00014df1  f_getcwd                       
0001531f  f_getfree                      
00015ac9  f_getlabel                     
00014f61  f_lseek                        
00015681  f_mkdir                        
000144ab  f_mount                        
00014531  f_open                         
00015189  f_opendir                      
000147e1  f_read                         
00015253  f_readdir                      
00015857  f_rename                       
00015bc5  f_setlabel                     
000152cb  f_stat                         
00014c83  f_sync                         
0001545b  f_truncate                     
00015569  f_unlink                       
00015a4d  f_utime                        
00014a01  f_write                        
00019e3b  fclose                         
0001975d  ff_convert                     
00019807  ff_wtoupper                    
00019b71  fflush                         
20000fb4  file_path                      
0001954b  fopen                          
00019e6d  fputc                          
0001995d  fread                          
000187ef  free                           
00019521  freopen                        
20000fad  fres                           
0001a13d  fseek                          
000195f1  fwrite                         
000176f5  get_fattime                    
0001781b  getvolumerange                 
20001994  i                              
00000000  interruptVectors               
00019f09  irinit                         
2000198c  irq_i                          
200019b4  is_paused                      
200019a4  k                              
0001819d  lcdBusyWait                    
0001846d  lcdclear                       
000182e9  lcdgotoaddr                    
00018605  lcdinit                        
0001843b  lcdmenu                        
00018533  lcdpopulatefiles               
000182c1  lcdputch                       
00018309  lcdputstr                      
000184c9  lcdreadtextfile                
00018489  lcdscrolldown                  
0001930d  lseek                          
00017b35  main                           
20001a28  main_func_sp                   
00018785  malloc                         
000189b9  memalign                       
0001a341  memchr                         
00019d39  memcpy                         
00019f89  memset                         
000176f9  min                            
00018705  minit                          
20001a00  mp3                            
200019b0  music_mode                     
200019c0  music_path                     
200019bc  my_path                        
0001925f  open                           
20000fbc  playerState                    
000178e1  playmusic                      
0000e830  plugin                         
00019e6d  putc                           
00019ef1  putchar                        
000181d9  putcommand                     
00018247  putdata                        
0001923b  read                           
200019ac  read_mode                      
00018167  readlcddata                    
000188b1  realloc                        
00016ce5  receive_response               
2000199c  received_option                
000191b1  remove                         
00019213  remove_device                  
000191d5  rename                         
20000fb8  s1                             
00019a49  setvbuf                        
00015e1f  spiinit                        
20001998  start_flag                     
0001a391  strchr                         
0001a379  strcmp                         
0001a3e5  strcpy                         
0001a3f9  strlen                         
0001a2dd  strncpy                        
200019a0  ta_error                       
20001a0c  text                           
00016cb5  transmit                       
000191b1  unlink                         
20001988  valid_button                   
20000fa5  vol_level                      
00019121  write                          


GLOBAL SYMBOLS: SORTED BY Symbol Address 

address   name                           
-------   ----                           
00000000  __TI_static_base__             
00000000  interruptVectors               
00000200  __STACK_SIZE                   
00000800  __SYSMEM_SIZE                  
0000e830  plugin                         
00012446  chipNumber                     
000144ab  f_mount                        
00014531  f_open                         
000147e1  f_read                         
00014a01  f_write                        
00014c83  f_sync                         
00014d4b  f_close                        
00014d7d  f_chdir                        
00014df1  f_getcwd                       
00014f61  f_lseek                        
00015189  f_opendir                      
00015231  f_closedir                     
00015253  f_readdir                      
000152cb  f_stat                         
0001531f  f_getfree                      
0001545b  f_truncate                     
00015569  f_unlink                       
00015681  f_mkdir                        
00015857  f_rename                       
000159b3  f_chmod                        
00015a4d  f_utime                        
00015ac9  f_getlabel                     
00015bc5  f_setlabel                     
00015dfd  delay                          
00015e1f  spiinit                        
00015eb7  WriteSpiByteSDI                
00015ee5  WriteSpiByte                   
00015f15  ReadSpiByte                    
00015f4b  ReadSci                        
00015fd5  WriteSci                       
00016029  WriteSdi                       
00016075  SaveUIState                    
00016077  RestoreUIState                 
00016079  GetUICommand                   
0001607b  ReadVS10xxMem32Counter         
000160d9  ReadVS10xxMem32                
00016105  ReadVS10xxMem                  
0001611d  WriteVS10xxMem                 
0001613d  WriteVS10xxMem32               
00016185  LoadPlugin                     
0001624d  VS1063PlayFile                 
00016865  VS1063RecordFile               
00016b35  VSTestInitHardware             
00016b91  VSTestInitSoftware             
00016c4d  VSTestHandleFile               
00016cb5  transmit                       
00016ce5  receive_response               
00016fb1  disk_initialize                
00017247  disk_status                    
0001726d  disk_read                      
00017305  disk_write                     
00017331  disk_ioctl                     
0001769b  disk_timerproc                 
000176ed  SysTick_Handler                
000176f5  get_fattime                    
000176f9  min                            
0001771f  decode                         
0001781b  getvolumerange                 
000178e1  playmusic                      
00017b35  main                           
00017f69  PORT5_IRQHandler               
00017f69  PORT5_IRQHandler               
00018143  Delayms                        
00018167  readlcddata                    
0001819d  lcdBusyWait                    
000181d9  putcommand                     
0001820f  commandWrite                   
00018247  putdata                        
0001827d  dataWrite                      
000182a1  dataRead                       
000182c1  lcdputch                       
000182e9  lcdgotoaddr                    
00018309  lcdputstr                      
0001843b  lcdmenu                        
0001846d  lcdclear                       
00018489  lcdscrolldown                  
000184c9  lcdreadtextfile                
00018533  lcdpopulatefiles               
00018605  lcdinit                        
00018705  minit                          
00018785  malloc                         
000187ef  free                           
000188b1  realloc                        
000189b9  memalign                       
00018aa5  calloc                         
00018ad5  SystemCoreClockUpdate          
00018d49  SystemInit                     
00018dfd  HOSTwrite                      
00018e49  HOSTunlink                     
00018e81  HOSTtime64                     
00018ecf  HOSTtime                       
00018f09  HOSTrename                     
00018f67  HOSTread                       
00018fb3  HOSTopen                       
00019005  HOSTlseek                      
00019061  HOSTgetenv                     
0001909f  HOSTclose                      
000190d7  HOSTclock                      
00019121  write                          
000191b1  remove                         
000191b1  unlink                         
000191d5  rename                         
00019213  remove_device                  
0001923b  read                           
0001925f  open                           
0001930d  lseek                          
00019331  close                          
00019381  add_device                     
000194f5  __TI_cleanup                   
00019521  freopen                        
0001954b  fopen                          
000195f1  fwrite                         
0001975d  ff_convert                     
00019807  ff_wtoupper                    
00019861  __aeabi_dmul                   
0001995d  fread                          
00019a49  setvbuf                        
00019b25  __TI_doflush                   
00019b71  fflush                         
00019bed  __TI_wrt_ok                    
00019c4f  __TI_rd_ok                     
00019c99  __TI_buff_read                 
00019d39  __aeabi_memcpy                 
00019d39  __aeabi_memcpy4                
00019d39  __aeabi_memcpy8                
00019d39  memcpy                         
00019dd5  __TI_closefile                 
00019e3b  fclose                         
00019e6d  fputc                          
00019e6d  putc                           
00019ef1  putchar                        
00019f09  irinit                         
00019f81  __aeabi_memclr                 
00019f81  __aeabi_memclr4                
00019f81  __aeabi_memclr8                
00019f83  __aeabi_memset                 
00019f83  __aeabi_memset4                
00019f83  __aeabi_memset8                
00019f89  memset                         
00019ffb  __mpu_init                     
00019ffd  __TI_auto_init                 
0001a06d  __TI_decompress_lzss           
0001a0d5  __TI_writemsg                  
0001a103  C$$IO$$                        
0001a107  __TI_readmsg                   
0001a13d  fseek                          
0001a1a1  _c_int00                       
0001a1f5  C$$EXIT                        
0001a1f9  abort                          
0001a201  exit                           
0001a249  copy_in                        
0001a295  __aeabi_d2iz                   
0001a2dd  strncpy                        
0001a313  __aeabi_i2d                    
0001a341  memchr                         
0001a361  _args_main                     
0001a379  strcmp                         
0001a391  strchr                         
0001a3a7  _system_post_cinit             
0001a3a9  SysTick_enableInterrupt        
0001a3bd  SysTick_enableModule           
0001a3d1  _register_unlock               
0001a3d7  _register_lock                 
0001a3df  _nop                           
0001a3e5  strcpy                         
0001a3f9  strlen                         
0001a41d  defaultISR                     
0001a41f  __TI_decompress_none           
0001a42d  SysTick_setPeriod              
0001a439  __TI_zero_init                 
0001a445  _system_pre_init               
0001a4ec  __TI_Handler_Table_Base        
0001a4f8  __TI_Handler_Table_Limit       
0001a500  __TI_CINIT_Base                
0001a510  __TI_CINIT_Limit               
20000000  File                           
20000450  FatFs                          
20000c88  __CIOBUF_                      
20000da8  __TI_tmpnams                   
20000e48  array                          
20000ed0  Buff2                          
20000f54  Buff                           
20000fa5  vol_level                      
20000fad  fres                           
20000fb4  file_path                      
20000fb8  s1                             
20000fbc  playerState                    
20000fc0  _sys_memory                    
200017c0  _ftable                        
20001980  data_byte                      
20001984  button_type                    
20001988  valid_button                   
2000198c  irq_i                          
20001990  data_received_flag             
20001994  i                              
20001998  start_flag                     
2000199c  received_option                
200019a0  ta_error                       
200019a4  k                              
200019a8  current_volume                 
200019ac  read_mode                      
200019b0  music_mode                     
200019b4  is_paused                      
200019b8  current_music_option           
200019bc  my_path                        
200019c0  music_path                     
200019c4  audioFormat                    
200019d8  __TI_ft_end                    
200019dc  __aeabi_stdin                  
200019e0  __aeabi_stdout                 
200019e4  __aeabi_stderr                 
200019e8  __TI_cleanup_ptr               
200019ec  __TI_dtors_ptr                 
200019f0  __TI_enable_exit_profile_output
20001a00  mp3                            
20001a0c  text                           
20001a18  _lock                          
20001a1c  _unlock                        
20001a20  cnt                            
20001a28  main_func_sp                   
20001a2c  SystemCoreClock                
2000fe00  __stack                        
20010000  __STACK_END                    
4000480c  WDTCTL_SYM                     
ffffffff  __TI_pprof_out_hndl            
ffffffff  __TI_prof_data_size            
ffffffff  __TI_prof_data_start           
ffffffff  __binit__                      
ffffffff  __c_args__                     
ffffffff  binit                          
UNDEFED   SHT$$INIT_ARRAY$$Base          
UNDEFED   SHT$$INIT_ARRAY$$Limit         

[237 symbols]
