******************************************************************************
                  TI ARM Linker PC v16.9.3                     
******************************************************************************
>> Linked Sun May 07 02:21:42 2017

OUTPUT FILE NAME:   <driverlib_empty_project.out>
ENTRY POINT SYMBOL: "_c_int00"  address: 00019169


MEMORY CONFIGURATION

         name            origin    length      used     unused   attr    fill
----------------------  --------  ---------  --------  --------  ----  --------
  MAIN                  00000000   00040000  000193d6  00026c2a  R  X
  INFO                  00200000   00004000  00000000  00004000  R  X
  SRAM_CODE             01000000   00010000  00000000  00010000  RW X
  SRAM_DATA             20000000   00010000  00000fbd  0000f043  RW  


SEGMENT ALLOCATION MAP

run origin  load origin   length   init length attrs members
----------  ----------- ---------- ----------- ----- -------
00000000    00000000    000193d8   000193d8    r-x
  00000000    00000000    00000140   00000140    r-- .intvecs
  00000140    00000140    0001234e   0001234e    r-- .const
  00012490    00012490    00006ee0   00006ee0    r-x .text
  00019370    00019370    00000068   00000068    r-- .cinit
20000000    20000000    00000dbd   00000000    rw-
  20000000    20000000    00000d20   00000000    rw- .bss
  20000d20    20000d20    0000009d   00000000    rw- .data
2000fe00    2000fe00    00000200   00000000    rw-
  2000fe00    2000fe00    00000200   00000000    rw- .stack


SECTION ALLOCATION MAP

 output                                  attributes/
section   page    origin      length       input sections
--------  ----  ----------  ----------   ----------------
.intvecs   0    00000000    00000140     
                  00000000    00000140     startup_msp432p401r_ccs.obj (.intvecs:retain)

.const     0    00000140    0001234e     
                  00000140    00007378     cc932.obj (.const:sjis2uni)
                  000074b8    00007378     cc932.obj (.const:uni2sjis)
                  0000e830    00003828     player1063.obj (.const:plugin)
                  00012058    000001e0     cc932.obj (.const:tbl_lower$1)
                  00012238    000001e0     cc932.obj (.const:tbl_upper$2)
                  00012418    0000002e     lcd.obj (.const:.string)
                  00012446    00000020     player1063.obj (.const:chipNumber)
                  00012466    00000010     ff.obj (.const:.string:badchr$1)
                  00012476    0000000d     ff.obj (.const:.string:LfnOfs)
                  00012483    00000001     --HOLE-- [fill = 0]
                  00012484    0000000a     main.obj (.const:.string)

.text      0    00012490    00006ee0     
                  00012490    00003970     ff.obj (.text)
                  00015e00    00000db8     mmc_ssp.obj (.text)
                  00016bb8    00000bc4     main.obj (.text)
                  0001777c    00000a28     lcd.obj (.text)
                  000181a4    000005a0     player1063.obj (.text)
                  00018744    00000328     system_msp432p401r.obj (.text)
                  00018a6c    00000324     rtsv7M4_T_le_v4SPD16_eabi.lib : trgdrv.obj (.text)
                  00018d90    00000104     cc932.obj (.text)
                  00018e94    0000009c     rtsv7M4_T_le_v4SPD16_eabi.lib : memcpy_t2.obj (.text)
                  00018f30    0000007c     ir.obj (.text)
                  00018fac    0000007a     rtsv7M4_T_le_v4SPD16_eabi.lib : memset_t2.obj (.text)
                  00019026    00000002                                   : mpu_init.obj (.text)
                  00019028    00000070                                   : autoinit.obj (.text)
                  00019098    00000068                                   : copy_decompress_lzss.obj (.text:decompress:lzss)
                  00019100    00000068                                   : trgmsg.obj (.text)
                  00019168    00000054                                   : boot.obj (.text)
                  000191bc    00000054                                   : exit.obj (.text)
                  00019210    0000004c                                   : cpy_tbl.obj (.text)
                  0001925c    0000004c                                   : rand.obj (.text)
                  000192a8    00000018                                   : args_main.obj (.text)
                  000192c0    00000014     msp432p4xx_driverlib.lib : systick.o (.text:SysTick_enableInterrupt)
                  000192d4    00000014                              : systick.o (.text:SysTick_enableModule)
                  000192e8    00000014     rtsv7M4_T_le_v4SPD16_eabi.lib : _lock.obj (.text)
                  000192fc    00000014                                   : strcpy.obj (.text)
                  00019310    00000014                                   : strlen.obj (.text)
                  00019324    00000012     startup_msp432p401r_ccs.obj (.text)
                  00019336    0000000e     rtsv7M4_T_le_v4SPD16_eabi.lib : copy_decompress_none.obj (.text:decompress:none)
                  00019344    0000000e                                   : time.obj (.text)
                  00019352    00000002                                   : startup.obj (.text)
                  00019354    0000000c     msp432p4xx_driverlib.lib : systick.o (.text:SysTick_setPeriod)
                  00019360    0000000c     rtsv7M4_T_le_v4SPD16_eabi.lib : copy_zero_init.obj (.text:decompress:ZI)
                  0001936c    00000004                                   : pre_init.obj (.text)

.cinit     0    00019370    00000068     
                  00019370    00000042     (.cinit..data.load) [load image, compression = lzss]
                  000193b2    00000002     --HOLE-- [fill = 0]
                  000193b4    0000000c     (__TI_handler_table)
                  000193c0    00000008     (.cinit..bss.load) [load image, compression = zero_init]
                  000193c8    00000010     (__TI_cinit_table)

.init_array 
*          0    00000000    00000000     UNINITIALIZED

.bss       0    20000000    00000d20     UNINITIALIZED
                  20000000    00000450     (.common:File)
                  20000450    00000238     (.common:FatFs)
                  20000688    00000204     (.common:receiveBuffer)
                  2000088c    00000200     ff.obj (.bss:LfnBuf)
                  20000a8c    00000120     rtsv7M4_T_le_v4SPD16_eabi.lib : trgmsg.obj (.bss:_CIOBUF_)
                  20000bac    00000088     (.common:array)
                  20000c34    00000084     (.common:Buff2)
                  20000cb8    00000040     (.common:Buff)
                  20000cf8    00000009     mmc_ssp.obj (.bss)
                  20000d01    00000008     rtsv7M4_T_le_v4SPD16_eabi.lib : trgdrv.obj (.bss:parmbuf)
                  20000d09    00000008     (.common:vol_level)
                  20000d11    00000001     (.common:fres)
                  20000d12    00000002     ff.obj (.bss)
                  20000d14    00000004     ff.obj (.bss:FatFs)
                  20000d18    00000004     (.common:file_path)
                  20000d1c    00000004     (.common:s1)

.data      0    20000d20    0000009d     UNINITIALIZED
                  20000d20    00000060     main.obj (.data)
                  20000d80    0000000c     rtsv7M4_T_le_v4SPD16_eabi.lib : exit.obj (.data:$O1$$)
                  20000d8c    0000000c     lcd.obj (.data:mp3)
                  20000d98    0000000c     lcd.obj (.data:text)
                  20000da4    00000008     rtsv7M4_T_le_v4SPD16_eabi.lib : _lock.obj (.data:$O1$$)
                  20000dac    00000004     lcd.obj (.data)
                  20000db0    00000004     rtsv7M4_T_le_v4SPD16_eabi.lib : rand.obj (.data)
                  20000db4    00000004                                   : stkdepth_vars.obj (.data)
                  20000db8    00000004     system_msp432p401r.obj (.data)
                  20000dbc    00000001     mmc_ssp.obj (.data)

.stack     0    2000fe00    00000200     UNINITIALIZED
                  2000fe00    00000200     --HOLE--

MODULE SUMMARY

       Module                        code    ro data   rw data
       ------                        ----    -------   -------
    .\
       player1063.obj                1440    14408     0      
       ff.obj                        14704   29        518    
       lcd.obj                       2600    46        1773   
       mmc_ssp.obj                   3512    0         526    
       main.obj                      3012    10        372    
       system_msp432p401r.obj        808     0         4      
       startup_msp432p401r_ccs.obj   18      320       0      
       ir.obj                        124     0         0      
    +--+-----------------------------+-------+---------+---------+
       Total:                        26218   14813     3193   
                                                              
    .\option\
       cc932.obj                     260     60080     0      
    +--+-----------------------------+-------+---------+---------+
       Total:                        260     60080     0      
                                                              
    C:/ti/msp/MSP432Ware_3_50_00_02/driverlib/driverlib/MSP432P4xx/ccs/msp432p4xx_driverlib.lib
       systick.o                     52      0         0      
    +--+-----------------------------+-------+---------+---------+
       Total:                        52      0         0      
                                                              
    C:\ti\ccsv6\tools\compiler\ti-cgt-arm_16.9.3.LTS\lib\rtsv7M4_T_le_v4SPD16_eabi.lib
       trgdrv.obj                    804     0         8      
       trgmsg.obj                    104     0         288    
       memcpy_t2.obj                 156     0         0      
       memset_t2.obj                 122     0         0      
       autoinit.obj                  112     0         0      
       copy_decompress_lzss.obj      104     0         0      
       exit.obj                      84      0         12     
       boot.obj                      84      0         0      
       rand.obj                      76      0         4      
       cpy_tbl.obj                   76      0         0      
       _lock.obj                     20      0         8      
       args_main.obj                 24      0         0      
       strcpy.obj                    20      0         0      
       strlen.obj                    20      0         0      
       copy_decompress_none.obj      14      0         0      
       time.obj                      14      0         0      
       copy_zero_init.obj            12      0         0      
       pre_init.obj                  4       0         0      
       stkdepth_vars.obj             0       0         4      
       mpu_init.obj                  2       0         0      
       startup.obj                   2       0         0      
    +--+-----------------------------+-------+---------+---------+
       Total:                        1854    0         324    
                                                              
       Stack:                        0       0         512    
       Linker Generated:             0       102       0      
    +--+-----------------------------+-------+---------+---------+
       Grand Total:                  28384   74995     4029   


LINKER GENERATED COPY TABLES

__TI_cinit_table @ 000193c8 records: 2, size/record: 8, table size: 16
	.data: load addr=00019370, load size=00000042 bytes, run addr=20000d20, run size=0000009d bytes, compression=lzss
	.bss: load addr=000193c0, load size=00000008 bytes, run addr=20000000, run size=00000d20 bytes, compression=zero_init


LINKER GENERATED HANDLER TABLE

__TI_handler_table @ 000193b4 records: 3, size/record: 4, table size: 12
	index: 0, handler: __TI_decompress_lzss
	index: 1, handler: __TI_decompress_none
	index: 2, handler: __TI_zero_init


GLOBAL SYMBOLS: SORTED ALPHABETICALLY BY Name 

address   name                           
-------   ----                           
20000cb8  Buff                           
20000c34  Buff2                          
000191bd  C$$EXIT                        
0001912f  C$$IO$$                        
000177a3  Delayms                        
20000450  FatFs                          
20000000  File                           
00018421  GetUICommand                   
00018d47  HOSTclock                      
00018d0f  HOSTclose                      
00018cd1  HOSTgetenv                     
00018c75  HOSTlseek                      
00018c23  HOSTopen                       
00018bd7  HOSTread                       
00018b79  HOSTrename                     
00018b3f  HOSTtime                       
00018af1  HOSTtime64                     
00018ab9  HOSTunlink                     
00018a6d  HOSTwrite                      
00018531  LoadPlugin                     
000175c9  PORT5_IRQHandler               
000175c9  PORT5_IRQHandler               
000182f3  ReadSci                        
000182bd  ReadSpiByte                    
000184af  ReadVS10xxMem                  
00018483  ReadVS10xxMem32                
00018425  ReadVS10xxMem32Counter         
0001841f  RestoreUIState                 
UNDEFED   SHT$$INIT_ARRAY$$Base          
UNDEFED   SHT$$INIT_ARRAY$$Limit         
0001841d  SaveUIState                    
00016bb9  SysTick_Handler                
000192c1  SysTick_enableInterrupt        
000192d5  SysTick_enableModule           
00019355  SysTick_setPeriod              
20000db8  SystemCoreClock                
00018745  SystemCoreClockUpdate          
000189b9  SystemInit                     
000185e9  VS1063PlayFile                 
000185f9  VS1063RecordFile               
00018721  VSTestHandleFile               
00018609  VSTestInitHardware             
00018665  VSTestInitSoftware             
4000480c  WDTCTL_SYM                     
0001837d  WriteSci                       
000183d1  WriteSdi                       
0001828d  WriteSpiByte                   
0001825f  WriteSpiByteSDI                
000184c7  WriteVS10xxMem                 
000184e7  WriteVS10xxMem32               
20000a8c  __CIOBUF_                      
20010000  __STACK_END                    
00000200  __STACK_SIZE                   
000193c8  __TI_CINIT_Base                
000193d8  __TI_CINIT_Limit               
000193b4  __TI_Handler_Table_Base        
000193c0  __TI_Handler_Table_Limit       
00019029  __TI_auto_init                 
20000d80  __TI_cleanup_ptr               
00019099  __TI_decompress_lzss           
00019337  __TI_decompress_none           
20000d84  __TI_dtors_ptr                 
20000d88  __TI_enable_exit_profile_output
ffffffff  __TI_pprof_out_hndl            
ffffffff  __TI_prof_data_size            
ffffffff  __TI_prof_data_start           
00019133  __TI_readmsg                   
00000000  __TI_static_base__             
00019101  __TI_writemsg                  
00019361  __TI_zero_init                 
00018fad  __aeabi_memclr                 
00018fad  __aeabi_memclr4                
00018fad  __aeabi_memclr8                
00018e95  __aeabi_memcpy                 
00018e95  __aeabi_memcpy4                
00018e95  __aeabi_memcpy8                
00018faf  __aeabi_memset                 
00018faf  __aeabi_memset4                
00018faf  __aeabi_memset8                
ffffffff  __binit__                      
ffffffff  __c_args__                     
00019027  __mpu_init                     
2000fe00  __stack                        
00019345  __time32                       
000192a9  _args_main                     
00019169  _c_int00                       
20000da4  _lock                          
000192f7  _nop                           
000192ef  _register_lock                 
000192e9  _register_unlock               
00019353  _system_post_cinit             
0001936d  _system_pre_init               
20000da8  _unlock                        
000191c1  abort                          
20000bac  array                          
ffffffff  binit                          
00016ff9  button_pressed                 
20000d24  button_type                    
00015f09  changeCRCcheck                 
0001787b  check_busy_flag                
00012446  chipNumber                     
20000dac  cnt                            
000178f9  commandWrite                   
00019211  copy_in                        
20000d58  current_music_option           
20000d48  current_volume                 
000180ed  custom_char_loop               
00018151  custom_char_loop_off           
00017f71  custom_char_next               
00017f19  custom_char_pause              
00017e9d  custom_char_play               
00017fe9  custom_char_prev               
00018095  custom_char_shuffle_off        
0001803d  custom_char_shuffle_on         
0001798b  dataRead                       
00017967  dataWrite                      
20000d20  data_byte                      
20000d30  data_received_flag             
00016beb  decode                         
00019335  defaultISR                     
000181a5  delay                          
000177c7  delay_ms                       
00016475  disk_initialize                
000167fd  disk_ioctl                     
0001673d  disk_read                      
00016717  disk_status                    
00016b67  disk_timerproc                 
000167d5  disk_write                     
000191c9  exit                           
00014d7f  f_chdir                        
000159b5  f_chmod                        
00014d4d  f_close                        
00015233  f_closedir                     
00014df3  f_getcwd                       
00015321  f_getfree                      
00015acb  f_getlabel                     
00014f63  f_lseek                        
00015683  f_mkdir                        
000144ab  f_mount                        
00014531  f_open                         
0001518b  f_opendir                      
000147e1  f_read                         
00015255  f_readdir                      
00015859  f_rename                       
00015bc7  f_setlabel                     
000152cd  f_stat                         
00014c85  f_sync                         
0001545d  f_truncate                     
0001556b  f_unlink                       
00015a4f  f_utime                        
00014a01  f_write                        
00018d91  ff_convert                     
00018e3b  ff_wtoupper                    
20000d18  file_path                      
20000d11  fres                           
00016bc1  get_fattime                    
00016ce7  getvolumerange                 
20000d34  i                              
00000000  interruptVectors               
00018f35  irinit                         
20000d2c  irq_i                          
20000d54  is_paused                      
20000d44  k                              
0001783f  lcdBusyWait                    
00017beb  lcdclear                       
00017e39  lcdcreatechar                  
000179d9  lcdgotoaddr                    
000179f9  lcdgotocgramaddr               
00017da3  lcdinit                        
00017bfd  lcdmenu                        
00017cd1  lcdpopulatefiles               
000179ab  lcdputch                       
00017a57  lcdputchcustom                 
00017ab5  lcdputstr                      
00017c6b  lcdreadtextfile                
00017c2f  lcdscrolldown                  
20000d68  loop                           
20000d6c  looped_song                    
00017461  main                           
20000db4  main_func_sp                   
00018e95  memcpy                         
00018fb5  memset                         
20000d60  menu                           
00016bc5  min                            
20000d8c  mp3                            
20000d50  music_mode                     
20000d7c  music_path                     
20000d5c  music_play                     
20000d78  my_path                        
00016e71  playmusic                      
0000e830  plugin                         
20000d74  power                          
000178c3  putcommand                     
00017931  putdata                        
00019273  rand                           
00016ded  random_number                  
00015f41  readCID                        
00015fd9  readSector                     
20000d4c  read_mode                      
00017809  readlcddata                    
20000688  receiveBuffer                  
00015e6b  receive_ff                     
00015ea5  receive_multiple_bytes         
00015e31  receive_response               
20000d3c  received_option                
20000d1c  s1                             
20000d64  shuffle                        
000181c7  spiinit                        
0001925d  srand                          
20000d38  start_flag                     
000192fd  strcpy                         
00019311  strlen                         
20000d70  systick_count                  
20000d40  ta_error                       
20000d98  text                           
00019345  time                           
00015e01  transmit                       
20000d28  valid_button                   
20000d09  vol_level                      
000160e5  writeSector                    


GLOBAL SYMBOLS: SORTED BY Symbol Address 

address   name                           
-------   ----                           
00000000  __TI_static_base__             
00000000  interruptVectors               
00000200  __STACK_SIZE                   
0000e830  plugin                         
00012446  chipNumber                     
000144ab  f_mount                        
00014531  f_open                         
000147e1  f_read                         
00014a01  f_write                        
00014c85  f_sync                         
00014d4d  f_close                        
00014d7f  f_chdir                        
00014df3  f_getcwd                       
00014f63  f_lseek                        
0001518b  f_opendir                      
00015233  f_closedir                     
00015255  f_readdir                      
000152cd  f_stat                         
00015321  f_getfree                      
0001545d  f_truncate                     
0001556b  f_unlink                       
00015683  f_mkdir                        
00015859  f_rename                       
000159b5  f_chmod                        
00015a4f  f_utime                        
00015acb  f_getlabel                     
00015bc7  f_setlabel                     
00015e01  transmit                       
00015e31  receive_response               
00015e6b  receive_ff                     
00015ea5  receive_multiple_bytes         
00015f09  changeCRCcheck                 
00015f41  readCID                        
00015fd9  readSector                     
000160e5  writeSector                    
00016475  disk_initialize                
00016717  disk_status                    
0001673d  disk_read                      
000167d5  disk_write                     
000167fd  disk_ioctl                     
00016b67  disk_timerproc                 
00016bb9  SysTick_Handler                
00016bc1  get_fattime                    
00016bc5  min                            
00016beb  decode                         
00016ce7  getvolumerange                 
00016ded  random_number                  
00016e71  playmusic                      
00016ff9  button_pressed                 
00017461  main                           
000175c9  PORT5_IRQHandler               
000175c9  PORT5_IRQHandler               
000177a3  Delayms                        
000177c7  delay_ms                       
00017809  readlcddata                    
0001783f  lcdBusyWait                    
0001787b  check_busy_flag                
000178c3  putcommand                     
000178f9  commandWrite                   
00017931  putdata                        
00017967  dataWrite                      
0001798b  dataRead                       
000179ab  lcdputch                       
000179d9  lcdgotoaddr                    
000179f9  lcdgotocgramaddr               
00017a57  lcdputchcustom                 
00017ab5  lcdputstr                      
00017beb  lcdclear                       
00017bfd  lcdmenu                        
00017c2f  lcdscrolldown                  
00017c6b  lcdreadtextfile                
00017cd1  lcdpopulatefiles               
00017da3  lcdinit                        
00017e39  lcdcreatechar                  
00017e9d  custom_char_play               
00017f19  custom_char_pause              
00017f71  custom_char_next               
00017fe9  custom_char_prev               
0001803d  custom_char_shuffle_on         
00018095  custom_char_shuffle_off        
000180ed  custom_char_loop               
00018151  custom_char_loop_off           
000181a5  delay                          
000181c7  spiinit                        
0001825f  WriteSpiByteSDI                
0001828d  WriteSpiByte                   
000182bd  ReadSpiByte                    
000182f3  ReadSci                        
0001837d  WriteSci                       
000183d1  WriteSdi                       
0001841d  SaveUIState                    
0001841f  RestoreUIState                 
00018421  GetUICommand                   
00018425  ReadVS10xxMem32Counter         
00018483  ReadVS10xxMem32                
000184af  ReadVS10xxMem                  
000184c7  WriteVS10xxMem                 
000184e7  WriteVS10xxMem32               
00018531  LoadPlugin                     
000185e9  VS1063PlayFile                 
000185f9  VS1063RecordFile               
00018609  VSTestInitHardware             
00018665  VSTestInitSoftware             
00018721  VSTestHandleFile               
00018745  SystemCoreClockUpdate          
000189b9  SystemInit                     
00018a6d  HOSTwrite                      
00018ab9  HOSTunlink                     
00018af1  HOSTtime64                     
00018b3f  HOSTtime                       
00018b79  HOSTrename                     
00018bd7  HOSTread                       
00018c23  HOSTopen                       
00018c75  HOSTlseek                      
00018cd1  HOSTgetenv                     
00018d0f  HOSTclose                      
00018d47  HOSTclock                      
00018d91  ff_convert                     
00018e3b  ff_wtoupper                    
00018e95  __aeabi_memcpy                 
00018e95  __aeabi_memcpy4                
00018e95  __aeabi_memcpy8                
00018e95  memcpy                         
00018f35  irinit                         
00018fad  __aeabi_memclr                 
00018fad  __aeabi_memclr4                
00018fad  __aeabi_memclr8                
00018faf  __aeabi_memset                 
00018faf  __aeabi_memset4                
00018faf  __aeabi_memset8                
00018fb5  memset                         
00019027  __mpu_init                     
00019029  __TI_auto_init                 
00019099  __TI_decompress_lzss           
00019101  __TI_writemsg                  
0001912f  C$$IO$$                        
00019133  __TI_readmsg                   
00019169  _c_int00                       
000191bd  C$$EXIT                        
000191c1  abort                          
000191c9  exit                           
00019211  copy_in                        
0001925d  srand                          
00019273  rand                           
000192a9  _args_main                     
000192c1  SysTick_enableInterrupt        
000192d5  SysTick_enableModule           
000192e9  _register_unlock               
000192ef  _register_lock                 
000192f7  _nop                           
000192fd  strcpy                         
00019311  strlen                         
00019335  defaultISR                     
00019337  __TI_decompress_none           
00019345  __time32                       
00019345  time                           
00019353  _system_post_cinit             
00019355  SysTick_setPeriod              
00019361  __TI_zero_init                 
0001936d  _system_pre_init               
000193b4  __TI_Handler_Table_Base        
000193c0  __TI_Handler_Table_Limit       
000193c8  __TI_CINIT_Base                
000193d8  __TI_CINIT_Limit               
20000000  File                           
20000450  FatFs                          
20000688  receiveBuffer                  
20000a8c  __CIOBUF_                      
20000bac  array                          
20000c34  Buff2                          
20000cb8  Buff                           
20000d09  vol_level                      
20000d11  fres                           
20000d18  file_path                      
20000d1c  s1                             
20000d20  data_byte                      
20000d24  button_type                    
20000d28  valid_button                   
20000d2c  irq_i                          
20000d30  data_received_flag             
20000d34  i                              
20000d38  start_flag                     
20000d3c  received_option                
20000d40  ta_error                       
20000d44  k                              
20000d48  current_volume                 
20000d4c  read_mode                      
20000d50  music_mode                     
20000d54  is_paused                      
20000d58  current_music_option           
20000d5c  music_play                     
20000d60  menu                           
20000d64  shuffle                        
20000d68  loop                           
20000d6c  looped_song                    
20000d70  systick_count                  
20000d74  power                          
20000d78  my_path                        
20000d7c  music_path                     
20000d80  __TI_cleanup_ptr               
20000d84  __TI_dtors_ptr                 
20000d88  __TI_enable_exit_profile_output
20000d8c  mp3                            
20000d98  text                           
20000da4  _lock                          
20000da8  _unlock                        
20000dac  cnt                            
20000db4  main_func_sp                   
20000db8  SystemCoreClock                
2000fe00  __stack                        
20010000  __STACK_END                    
4000480c  WDTCTL_SYM                     
ffffffff  __TI_pprof_out_hndl            
ffffffff  __TI_prof_data_size            
ffffffff  __TI_prof_data_start           
ffffffff  __binit__                      
ffffffff  __c_args__                     
ffffffff  binit                          
UNDEFED   SHT$$INIT_ARRAY$$Base          
UNDEFED   SHT$$INIT_ARRAY$$Limit         

[220 symbols]
