******************************************************************************
                  TI ARM Linker PC v16.9.2                     
******************************************************************************
>> Linked Sun Apr 30 10:59:47 2017

OUTPUT FILE NAME:   <driverlib_empty_project.out>
ENTRY POINT SYMBOL: "_c_int00"  address: 00019439


MEMORY CONFIGURATION

         name            origin    length      used     unused   attr    fill
----------------------  --------  ---------  --------  --------  ----  --------
  MAIN                  00000000   00040000  00019786  0002687a  R  X
  INFO                  00200000   00004000  00000000  00004000  R  X
  SRAM_CODE             01000000   00010000  00000000  00010000  RW X
  SRAM_DATA             20000000   00010000  00001e89  0000e177  RW  


SEGMENT ALLOCATION MAP

run origin  load origin   length   init length attrs members
----------  ----------- ---------- ----------- ----- -------
00000000    00000000    00019788   00019788    r-x
  00000000    00000000    00000140   00000140    r-- .intvecs
  00000140    00000140    00012322   00012322    r-- .const
  00012464    00012464    0000727c   0000727c    r-x .text
  000196e0    000196e0    000000a8   000000a8    r-- .cinit
20000000    20000000    00001c8d   00000000    rw-
  20000000    20000000    00001274   00000000    rw- .bss
  20001278    20001278    00000800   00000000    rw- .sysmem
  20001a78    20001a78    00000215   00000000    rw- .data
2000fe00    2000fe00    00000200   00000000    rw-
  2000fe00    2000fe00    00000200   00000000    rw- .stack


SECTION ALLOCATION MAP

 output                                  attributes/
section   page    origin      length       input sections
--------  ----  ----------  ----------   ----------------
.intvecs   0    00000000    00000140     
                  00000000    00000140     startup_msp432p401r_ccs.obj (.intvecs:retain)

.const     0    00000140    00012322     
                  00000140    00007378     cc932.obj (.const:sjis2uni)
                  000074b8    00007378     cc932.obj (.const:uni2sjis)
                  0000e830    00003828     player1063.obj (.const:plugin)
                  00012058    000001e0     cc932.obj (.const:tbl_lower$1)
                  00012238    000001e0     cc932.obj (.const:tbl_upper$2)
                  00012418    00000020     player1063.obj (.const:chipNumber)
                  00012438    00000010     ff.obj (.const:.string:badchr$1)
                  00012448    0000000d     ff.obj (.const:.string:LfnOfs)
                  00012455    00000003     --HOLE-- [fill = 0]
                  00012458    0000000a     main.obj (.const:.string)

.text      0    00012464    0000727c     
                  00012464    0000396c     ff.obj (.text)
                  00015dd0    00000eb8     player1063.obj (.text)
                  00016c88    00000a38     mmc_ssp.obj (.text)
                  000176c0    000003d0     rtsv7M4_T_le_v4SPD16_eabi.lib : memory.obj (.text)
                  00017a90    00000358     main.obj (.text)
                  00017de8    00000328     system_msp432p401r.obj (.text)
                  00018110    00000324     rtsv7M4_T_le_v4SPD16_eabi.lib : trgdrv.obj (.text)
                  00018434    0000030c                                   : lowlev.obj (.text)
                  00018740    000001c4                                   : fopen.obj (.text)
                  00018904    0000016c                                   : fwrite.obj (.text)
                  00018a70    00000104     cc932.obj (.text)
                  00018b74    000000fc     rtsv7M4_T_le_v4SPD16_eabi.lib : fd_mul_t2.obj (.text)
                  00018c70    000000ec                                   : fread.obj (.text)
                  00018d5c    000000dc                                   : setvbuf.obj (.text)
                  00018e38    000000c8                                   : fflush.obj (.text)
                  00018f00    000000ac                                   : _io_perm.obj (.text)
                  00018fac    000000a0                                   : _bufread.obj (.text)
                  0001904c    0000009c                                   : memcpy_t2.obj (.text)
                  000190e8    00000098                                   : fclose.obj (.text)
                  00019180    00000098                                   : fputc.obj (.text)
                  00019218    0000007a                                   : memset_t2.obj (.text)
                  00019292    00000002                                   : mpu_init.obj (.text)
                  00019294    00000070                                   : autoinit.obj (.text)
                  00019304    00000068                                   : copy_decompress_lzss.obj (.text:decompress:lzss)
                  0001936c    00000068                                   : trgmsg.obj (.text)
                  000193d4    00000064                                   : fseek.obj (.text)
                  00019438    00000054                                   : boot.obj (.text)
                  0001948c    00000054                                   : exit.obj (.text)
                  000194e0    0000004c                                   : cpy_tbl.obj (.text)
                  0001952c    00000048                                   : fd_toi_t2.obj (.text)
                  00019574    00000036                                   : strncpy.obj (.text)
                  000195aa    0000002e                                   : i_tofd_t2.obj (.text)
                  000195d8    00000020                                   : memchr.obj (.text)
                  000195f8    00000018                                   : args_main.obj (.text)
                  00019610    00000018                                   : strcmp.obj (.text)
                  00019628    00000016                                   : strchr.obj (.text)
                  0001963e    00000002                                   : startup.obj (.text)
                  00019640    00000014     msp432p4xx_driverlib.lib : systick.o (.text:SysTick_enableInterrupt)
                  00019654    00000014                              : systick.o (.text:SysTick_enableModule)
                  00019668    00000014     rtsv7M4_T_le_v4SPD16_eabi.lib : _lock.obj (.text)
                  0001967c    00000014                                   : strcpy.obj (.text)
                  00019690    00000014                                   : strlen.obj (.text)
                  000196a4    00000012     startup_msp432p401r_ccs.obj (.text)
                  000196b6    0000000e     rtsv7M4_T_le_v4SPD16_eabi.lib : copy_decompress_none.obj (.text:decompress:none)
                  000196c4    0000000c     msp432p4xx_driverlib.lib : systick.o (.text:SysTick_setPeriod)
                  000196d0    0000000c     rtsv7M4_T_le_v4SPD16_eabi.lib : copy_zero_init.obj (.text:decompress:ZI)
                  000196dc    00000004                                   : pre_init.obj (.text)

.cinit     0    000196e0    000000a8     
                  000196e0    00000080     (.cinit..data.load) [load image, compression = lzss]
                  00019760    0000000c     (__TI_handler_table)
                  0001976c    00000004     --HOLE-- [fill = 0]
                  00019770    00000008     (.cinit..bss.load) [load image, compression = zero_init]
                  00019778    00000010     (__TI_cinit_table)

.init_array 
*          0    00000000    00000000     UNINITIALIZED

.bss       0    20000000    00001274     UNINITIALIZED
                  20000000    00000450     (.common:File)
                  20000450    00000400     (.common:Buff2)
                  20000850    00000238     (.common:FatFs)
                  20000a88    00000200     ff.obj (.bss:LfnBuf)
                  20000c88    00000200     player1063.obj (.bss:playBuf$1)
                  20000e88    00000200     player1063.obj (.bss:recBuf$6)
                  20001088    00000120     rtsv7M4_T_le_v4SPD16_eabi.lib : trgmsg.obj (.bss:_CIOBUF_)
                  200011a8    000000a0     (.common:__TI_tmpnams)
                  20001248    00000014     (.common:Buff)
                  2000125c    00000009     mmc_ssp.obj (.bss)
                  20001265    00000008     rtsv7M4_T_le_v4SPD16_eabi.lib : trgdrv.obj (.bss:parmbuf)
                  2000126d    00000001     (.common:playerState)
                  2000126e    00000002     ff.obj (.bss)
                  20001270    00000004     ff.obj (.bss:FatFs)

.sysmem    0    20001278    00000800     UNINITIALIZED
                  20001278    00000008     rtsv7M4_T_le_v4SPD16_eabi.lib : memory.obj (.sysmem)
                  20001280    000007f8     --HOLE--

.data      0    20001a78    00000215     UNINITIALIZED
                  20001a78    000000f0     rtsv7M4_T_le_v4SPD16_eabi.lib : defs.obj (.data:_ftable)
                  20001b68    000000d0                                   : lowlev.obj (.data:$O1$$)
                  20001c38    00000014     player1063.obj (.data)
                  20001c4c    00000010     rtsv7M4_T_le_v4SPD16_eabi.lib : defs.obj (.data)
                  20001c5c    0000000c                                   : exit.obj (.data:$O1$$)
                  20001c68    0000000c                                   : memory.obj (.data:$O1$$)
                  20001c74    00000008                                   : _lock.obj (.data:$O1$$)
                  20001c7c    00000004     main.obj (.data)
                  20001c80    00000004     rtsv7M4_T_le_v4SPD16_eabi.lib : fopen.obj (.data)
                  20001c84    00000004                                   : stkdepth_vars.obj (.data)
                  20001c88    00000004     system_msp432p401r.obj (.data)
                  20001c8c    00000001     mmc_ssp.obj (.data)

.stack     0    2000fe00    00000200     UNINITIALIZED
                  2000fe00    00000200     --HOLE--

MODULE SUMMARY

       Module                        code    ro data   rw data
       ------                        ----    -------   -------
    .\
       player1063.obj                3768    14408     1045   
       ff.obj                        14700   29        518    
       main.obj                      856     10        2720   
       mmc_ssp.obj                   2616    0         10     
       system_msp432p401r.obj        808     0         4      
       startup_msp432p401r_ccs.obj   18      320       0      
    +--+-----------------------------+-------+---------+---------+
       Total:                        22766   14767     4297   
                                                              
    .\option\
       cc932.obj                     260     60080     0      
    +--+-----------------------------+-------+---------+---------+
       Total:                        260     60080     0      
                                                              
    C:/ti/msp/MSP432Ware_3_50_00_02/driverlib/driverlib/MSP432P4xx/ccs/msp432p4xx_driverlib.lib
       systick.o                     52      0         0      
    +--+-----------------------------+-------+---------+---------+
       Total:                        52      0         0      
                                                              
    C:\ti\ccsv7\tools\compiler\ti-cgt-arm_16.9.2.LTS\lib\rtsv7M4_T_le_v4SPD16_eabi.lib
       lowlev.obj                    780     0         208    
       memory.obj                    976     0         12     
       trgdrv.obj                    804     0         8      
       fopen.obj                     452     0         4      
       defs.obj                      0       0         416    
       trgmsg.obj                    104     0         288    
       fwrite.obj                    364     0         0      
       fd_mul_t2.obj                 252     0         0      
       fread.obj                     236     0         0      
       setvbuf.obj                   220     0         0      
       fflush.obj                    200     0         0      
       _io_perm.obj                  172     0         0      
       _bufread.obj                  160     0         0      
       memcpy_t2.obj                 156     0         0      
       fclose.obj                    152     0         0      
       fputc.obj                     152     0         0      
       memset_t2.obj                 122     0         0      
       autoinit.obj                  112     0         0      
       copy_decompress_lzss.obj      104     0         0      
       fseek.obj                     100     0         0      
       exit.obj                      84      0         12     
       boot.obj                      84      0         0      
       cpy_tbl.obj                   76      0         0      
       fd_toi_t2.obj                 72      0         0      
       strncpy.obj                   54      0         0      
       i_tofd_t2.obj                 46      0         0      
       memchr.obj                    32      0         0      
       _lock.obj                     20      0         8      
       args_main.obj                 24      0         0      
       strcmp.obj                    24      0         0      
       strchr.obj                    22      0         0      
       strcpy.obj                    20      0         0      
       strlen.obj                    20      0         0      
       copy_decompress_none.obj      14      0         0      
       copy_zero_init.obj            12      0         0      
       pre_init.obj                  4       0         0      
       stkdepth_vars.obj             0       0         4      
       mpu_init.obj                  2       0         0      
       startup.obj                   2       0         0      
    +--+-----------------------------+-------+---------+---------+
       Total:                        6230    0         960    
                                                              
       Heap:                         0       0         2048   
       Stack:                        0       0         512    
       Linker Generated:             0       164       0      
    +--+-----------------------------+-------+---------+---------+
       Grand Total:                  29308   75011     7817   


LINKER GENERATED COPY TABLES

__TI_cinit_table @ 00019778 records: 2, size/record: 8, table size: 16
	.data: load addr=000196e0, load size=00000080 bytes, run addr=20001a78, run size=00000215 bytes, compression=lzss
	.bss: load addr=00019770, load size=00000008 bytes, run addr=20000000, run size=00001274 bytes, compression=zero_init


LINKER GENERATED HANDLER TABLE

__TI_handler_table @ 00019760 records: 3, size/record: 4, table size: 12
	index: 0, handler: __TI_decompress_lzss
	index: 1, handler: __TI_decompress_none
	index: 2, handler: __TI_zero_init


GLOBAL SYMBOLS: SORTED ALPHABETICALLY BY Name 

address   name                           
-------   ----                           
20001248  Buff                           
20000450  Buff2                          
0001948d  C$$EXIT                        
0001939b  C$$IO$$                        
20000850  FatFs                          
20000000  File                           
0001604d  GetUICommand                   
000183eb  HOSTclock                      
000183b3  HOSTclose                      
00018375  HOSTgetenv                     
00018319  HOSTlseek                      
000182c7  HOSTopen                       
0001827b  HOSTread                       
0001821d  HOSTrename                     
000181e3  HOSTtime                       
00018195  HOSTtime64                     
0001815d  HOSTunlink                     
00018111  HOSTwrite                      
00016159  LoadPlugin                     
00015f1f  ReadSci                        
00015ee9  ReadSpiByte                    
000160d9  ReadVS10xxMem                  
000160ad  ReadVS10xxMem32                
0001604f  ReadVS10xxMem32Counter         
0001604b  RestoreUIState                 
UNDEFED   SHT$$INIT_ARRAY$$Base          
UNDEFED   SHT$$INIT_ARRAY$$Limit         
00016049  SaveUIState                    
00017a91  SysTick_Handler                
00019641  SysTick_enableInterrupt        
00019655  SysTick_enableModule           
000196c5  SysTick_setPeriod              
20001c88  SystemCoreClock                
00017de9  SystemCoreClockUpdate          
0001805d  SystemInit                     
00016221  VS1063PlayFile                 
00016839  VS1063RecordFile               
00016c21  VSTestHandleFile               
00016b09  VSTestInitHardware             
00016b65  VSTestInitSoftware             
4000480c  WDTCTL_SYM                     
00015fa9  WriteSci                       
00015ffd  WriteSdi                       
00015eb9  WriteSpiByte                   
00015e8b  WriteSpiByteSDI                
000160f1  WriteVS10xxMem                 
00016111  WriteVS10xxMem32               
20001088  __CIOBUF_                      
20010000  __STACK_END                    
00000200  __STACK_SIZE                   
00000800  __SYSMEM_SIZE                  
00019778  __TI_CINIT_Base                
00019788  __TI_CINIT_Limit               
00019760  __TI_Handler_Table_Base        
0001976c  __TI_Handler_Table_Limit       
00019295  __TI_auto_init                 
00018fad  __TI_buff_read                 
00018809  __TI_cleanup                   
20001c5c  __TI_cleanup_ptr               
000190e9  __TI_closefile                 
00019305  __TI_decompress_lzss           
000196b7  __TI_decompress_none           
00018e39  __TI_doflush                   
20001c60  __TI_dtors_ptr                 
20001c64  __TI_enable_exit_profile_output
20001c4c  __TI_ft_end                    
ffffffff  __TI_pprof_out_hndl            
ffffffff  __TI_prof_data_size            
ffffffff  __TI_prof_data_start           
00018f63  __TI_rd_ok                     
0001939f  __TI_readmsg                   
00000000  __TI_static_base__             
200011a8  __TI_tmpnams                   
0001936d  __TI_writemsg                  
00018f01  __TI_wrt_ok                    
000196d1  __TI_zero_init                 
0001952d  __aeabi_d2iz                   
00018b75  __aeabi_dmul                   
000195ab  __aeabi_i2d                    
00019219  __aeabi_memclr                 
00019219  __aeabi_memclr4                
00019219  __aeabi_memclr8                
0001904d  __aeabi_memcpy                 
0001904d  __aeabi_memcpy4                
0001904d  __aeabi_memcpy8                
0001921b  __aeabi_memset                 
0001921b  __aeabi_memset4                
0001921b  __aeabi_memset8                
20001c58  __aeabi_stderr                 
20001c50  __aeabi_stdin                  
20001c54  __aeabi_stdout                 
ffffffff  __binit__                      
ffffffff  __c_args__                     
00019293  __mpu_init                     
2000fe00  __stack                        
000195f9  _args_main                     
00019439  _c_int00                       
20001a78  _ftable                        
20001c74  _lock                          
00019677  _nop                           
0001966f  _register_lock                 
00019669  _register_unlock               
20001278  _sys_memory                    
0001963f  _system_post_cinit             
000196dd  _system_pre_init               
20001c78  _unlock                        
00019491  abort                          
00018695  add_device                     
20001c38  audioFormat                    
ffffffff  binit                          
00017a61  calloc                         
00012418  chipNumber                     
00018645  close                          
000194e1  copy_in                        
00015dd1  delay                          
00016f85  disk_initialize                
00017305  disk_ioctl                     
00017241  disk_read                      
0001721b  disk_status                    
0001766f  disk_timerproc                 
000172d9  disk_write                     
00019499  exit                           
00014d51  f_chdir                        
00015987  f_chmod                        
00014d1f  f_close                        
00015205  f_closedir                     
00014dc5  f_getcwd                       
000152f3  f_getfree                      
00015a9d  f_getlabel                     
00014f35  f_lseek                        
00015655  f_mkdir                        
0001447f  f_mount                        
00014505  f_open                         
0001515d  f_opendir                      
000147b5  f_read                         
00015227  f_readdir                      
0001582b  f_rename                       
00015b99  f_setlabel                     
0001529f  f_stat                         
00014c57  f_sync                         
0001542f  f_truncate                     
0001553d  f_unlink                       
00015a21  f_utime                        
000149d5  f_write                        
0001914f  fclose                         
00018a71  ff_convert                     
00018b1b  ff_wtoupper                    
00018e85  fflush                         
0001885f  fopen                          
00019181  fputc                          
00018c71  fread                          
000177ab  free                           
00018835  freopen                        
000193d5  fseek                          
00018905  fwrite                         
00017a99  get_fattime                    
00000000  interruptVectors               
00018621  lseek                          
00017ac3  main                           
20001c84  main_func_sp                   
00017741  malloc                         
00017975  memalign                       
000195d9  memchr                         
0001904d  memcpy                         
00019221  memset                         
00017a9d  min                            
000176c1  minit                          
20001c7c  my_path                        
00018573  open                           
2000126d  playerState                    
0000e830  plugin                         
00019181  putc                           
00019205  putchar                        
0001854f  read                           
0001786d  realloc                        
00016cb9  receive_response               
000184c5  remove                         
00018527  remove_device                  
000184e9  rename                         
00018d5d  setvbuf                        
00015df3  spiinit                        
00019629  strchr                         
00019611  strcmp                         
0001967d  strcpy                         
00019691  strlen                         
00019575  strncpy                        
00016c89  transmit                       
000184c5  unlink                         
00018435  write                          


GLOBAL SYMBOLS: SORTED BY Symbol Address 

address   name                           
-------   ----                           
00000000  __TI_static_base__             
00000000  interruptVectors               
00000200  __STACK_SIZE                   
00000800  __SYSMEM_SIZE                  
0000e830  plugin                         
00012418  chipNumber                     
0001447f  f_mount                        
00014505  f_open                         
000147b5  f_read                         
000149d5  f_write                        
00014c57  f_sync                         
00014d1f  f_close                        
00014d51  f_chdir                        
00014dc5  f_getcwd                       
00014f35  f_lseek                        
0001515d  f_opendir                      
00015205  f_closedir                     
00015227  f_readdir                      
0001529f  f_stat                         
000152f3  f_getfree                      
0001542f  f_truncate                     
0001553d  f_unlink                       
00015655  f_mkdir                        
0001582b  f_rename                       
00015987  f_chmod                        
00015a21  f_utime                        
00015a9d  f_getlabel                     
00015b99  f_setlabel                     
00015dd1  delay                          
00015df3  spiinit                        
00015e8b  WriteSpiByteSDI                
00015eb9  WriteSpiByte                   
00015ee9  ReadSpiByte                    
00015f1f  ReadSci                        
00015fa9  WriteSci                       
00015ffd  WriteSdi                       
00016049  SaveUIState                    
0001604b  RestoreUIState                 
0001604d  GetUICommand                   
0001604f  ReadVS10xxMem32Counter         
000160ad  ReadVS10xxMem32                
000160d9  ReadVS10xxMem                  
000160f1  WriteVS10xxMem                 
00016111  WriteVS10xxMem32               
00016159  LoadPlugin                     
00016221  VS1063PlayFile                 
00016839  VS1063RecordFile               
00016b09  VSTestInitHardware             
00016b65  VSTestInitSoftware             
00016c21  VSTestHandleFile               
00016c89  transmit                       
00016cb9  receive_response               
00016f85  disk_initialize                
0001721b  disk_status                    
00017241  disk_read                      
000172d9  disk_write                     
00017305  disk_ioctl                     
0001766f  disk_timerproc                 
000176c1  minit                          
00017741  malloc                         
000177ab  free                           
0001786d  realloc                        
00017975  memalign                       
00017a61  calloc                         
00017a91  SysTick_Handler                
00017a99  get_fattime                    
00017a9d  min                            
00017ac3  main                           
00017de9  SystemCoreClockUpdate          
0001805d  SystemInit                     
00018111  HOSTwrite                      
0001815d  HOSTunlink                     
00018195  HOSTtime64                     
000181e3  HOSTtime                       
0001821d  HOSTrename                     
0001827b  HOSTread                       
000182c7  HOSTopen                       
00018319  HOSTlseek                      
00018375  HOSTgetenv                     
000183b3  HOSTclose                      
000183eb  HOSTclock                      
00018435  write                          
000184c5  remove                         
000184c5  unlink                         
000184e9  rename                         
00018527  remove_device                  
0001854f  read                           
00018573  open                           
00018621  lseek                          
00018645  close                          
00018695  add_device                     
00018809  __TI_cleanup                   
00018835  freopen                        
0001885f  fopen                          
00018905  fwrite                         
00018a71  ff_convert                     
00018b1b  ff_wtoupper                    
00018b75  __aeabi_dmul                   
00018c71  fread                          
00018d5d  setvbuf                        
00018e39  __TI_doflush                   
00018e85  fflush                         
00018f01  __TI_wrt_ok                    
00018f63  __TI_rd_ok                     
00018fad  __TI_buff_read                 
0001904d  __aeabi_memcpy                 
0001904d  __aeabi_memcpy4                
0001904d  __aeabi_memcpy8                
0001904d  memcpy                         
000190e9  __TI_closefile                 
0001914f  fclose                         
00019181  fputc                          
00019181  putc                           
00019205  putchar                        
00019219  __aeabi_memclr                 
00019219  __aeabi_memclr4                
00019219  __aeabi_memclr8                
0001921b  __aeabi_memset                 
0001921b  __aeabi_memset4                
0001921b  __aeabi_memset8                
00019221  memset                         
00019293  __mpu_init                     
00019295  __TI_auto_init                 
00019305  __TI_decompress_lzss           
0001936d  __TI_writemsg                  
0001939b  C$$IO$$                        
0001939f  __TI_readmsg                   
000193d5  fseek                          
00019439  _c_int00                       
0001948d  C$$EXIT                        
00019491  abort                          
00019499  exit                           
000194e1  copy_in                        
0001952d  __aeabi_d2iz                   
00019575  strncpy                        
000195ab  __aeabi_i2d                    
000195d9  memchr                         
000195f9  _args_main                     
00019611  strcmp                         
00019629  strchr                         
0001963f  _system_post_cinit             
00019641  SysTick_enableInterrupt        
00019655  SysTick_enableModule           
00019669  _register_unlock               
0001966f  _register_lock                 
00019677  _nop                           
0001967d  strcpy                         
00019691  strlen                         
000196b7  __TI_decompress_none           
000196c5  SysTick_setPeriod              
000196d1  __TI_zero_init                 
000196dd  _system_pre_init               
00019760  __TI_Handler_Table_Base        
0001976c  __TI_Handler_Table_Limit       
00019778  __TI_CINIT_Base                
00019788  __TI_CINIT_Limit               
20000000  File                           
20000450  Buff2                          
20000850  FatFs                          
20001088  __CIOBUF_                      
200011a8  __TI_tmpnams                   
20001248  Buff                           
2000126d  playerState                    
20001278  _sys_memory                    
20001a78  _ftable                        
20001c38  audioFormat                    
20001c4c  __TI_ft_end                    
20001c50  __aeabi_stdin                  
20001c54  __aeabi_stdout                 
20001c58  __aeabi_stderr                 
20001c5c  __TI_cleanup_ptr               
20001c60  __TI_dtors_ptr                 
20001c64  __TI_enable_exit_profile_output
20001c74  _lock                          
20001c78  _unlock                        
20001c7c  my_path                        
20001c84  main_func_sp                   
20001c88  SystemCoreClock                
2000fe00  __stack                        
20010000  __STACK_END                    
4000480c  WDTCTL_SYM                     
ffffffff  __TI_pprof_out_hndl            
ffffffff  __TI_prof_data_size            
ffffffff  __TI_prof_data_start           
ffffffff  __binit__                      
ffffffff  __c_args__                     
ffffffff  binit                          
UNDEFED   SHT$$INIT_ARRAY$$Base          
UNDEFED   SHT$$INIT_ARRAY$$Limit         

[189 symbols]
