Archive member included because of file (symbol)

c:/ti/ccsv6/tools/compiler/gcc-arm-none-eabi-4_9-2015q3/bin/../lib/gcc/arm-none-eabi/4.9.3/../../../../arm-none-eabi/lib/armv7e-m/fpu\libc.a(lib_a-exit.o)
                              c:/ti/ccsv6/tools/compiler/gcc-arm-none-eabi-4_9-2015q3/bin/../lib/gcc/arm-none-eabi/4.9.3/../../../../arm-none-eabi/lib/armv7e-m/fpu/crt0.o (exit)
c:/ti/ccsv6/tools/compiler/gcc-arm-none-eabi-4_9-2015q3/bin/../lib/gcc/arm-none-eabi/4.9.3/../../../../arm-none-eabi/lib/armv7e-m/fpu\libc.a(lib_a-impure.o)
                              c:/ti/ccsv6/tools/compiler/gcc-arm-none-eabi-4_9-2015q3/bin/../lib/gcc/arm-none-eabi/4.9.3/../../../../arm-none-eabi/lib/armv7e-m/fpu\libc.a(lib_a-exit.o) (_global_impure_ptr)
c:/ti/ccsv6/tools/compiler/gcc-arm-none-eabi-4_9-2015q3/bin/../lib/gcc/arm-none-eabi/4.9.3/../../../../arm-none-eabi/lib/armv7e-m/fpu\libc.a(lib_a-init.o)
                              c:/ti/ccsv6/tools/compiler/gcc-arm-none-eabi-4_9-2015q3/bin/../lib/gcc/arm-none-eabi/4.9.3/../../../../arm-none-eabi/lib/armv7e-m/fpu/crt0.o (__libc_init_array)
c:/ti/ccsv6/tools/compiler/gcc-arm-none-eabi-4_9-2015q3/bin/../lib/gcc/arm-none-eabi/4.9.3/../../../../arm-none-eabi/lib/armv7e-m/fpu\libc.a(lib_a-memset.o)
                              c:/ti/ccsv6/tools/compiler/gcc-arm-none-eabi-4_9-2015q3/bin/../lib/gcc/arm-none-eabi/4.9.3/../../../../arm-none-eabi/lib/armv7e-m/fpu/crt0.o (memset)
c:/ti/ccsv6/tools/compiler/gcc-arm-none-eabi-4_9-2015q3/bin/../lib/gcc/arm-none-eabi/4.9.3/../../../../arm-none-eabi/lib/armv7e-m/fpu\libc.a(lib_a-__call_atexit.o)
                              c:/ti/ccsv6/tools/compiler/gcc-arm-none-eabi-4_9-2015q3/bin/../lib/gcc/arm-none-eabi/4.9.3/../../../../arm-none-eabi/lib/armv7e-m/fpu\libc.a(lib_a-exit.o) (__call_exitprocs)
c:/ti/ccsv6/tools/compiler/gcc-arm-none-eabi-4_9-2015q3/bin/../lib/gcc/arm-none-eabi/4.9.3/../../../../arm-none-eabi/lib/armv7e-m/fpu\libc.a(lib_a-atexit.o)
                              c:/ti/ccsv6/tools/compiler/gcc-arm-none-eabi-4_9-2015q3/bin/../lib/gcc/arm-none-eabi/4.9.3/../../../../arm-none-eabi/lib/armv7e-m/fpu\libc.a(lib_a-__call_atexit.o) (atexit)
c:/ti/ccsv6/tools/compiler/gcc-arm-none-eabi-4_9-2015q3/bin/../lib/gcc/arm-none-eabi/4.9.3/../../../../arm-none-eabi/lib/armv7e-m/fpu\libc.a(lib_a-fini.o)
                              c:/ti/ccsv6/tools/compiler/gcc-arm-none-eabi-4_9-2015q3/bin/../lib/gcc/arm-none-eabi/4.9.3/../../../../arm-none-eabi/lib/armv7e-m/fpu\libc.a(lib_a-__call_atexit.o) (__libc_fini_array)
c:/ti/ccsv6/tools/compiler/gcc-arm-none-eabi-4_9-2015q3/bin/../lib/gcc/arm-none-eabi/4.9.3/../../../../arm-none-eabi/lib/armv7e-m/fpu\libc.a(lib_a-__atexit.o)
                              c:/ti/ccsv6/tools/compiler/gcc-arm-none-eabi-4_9-2015q3/bin/../lib/gcc/arm-none-eabi/4.9.3/../../../../arm-none-eabi/lib/armv7e-m/fpu\libc.a(lib_a-atexit.o) (__register_exitproc)
c:/ti/ccsv6/tools/compiler/gcc-arm-none-eabi-4_9-2015q3/bin/../lib/gcc/arm-none-eabi/4.9.3/../../../../arm-none-eabi/lib/armv7e-m/fpu\libnosys.a(_exit.o)
                              c:/ti/ccsv6/tools/compiler/gcc-arm-none-eabi-4_9-2015q3/bin/../lib/gcc/arm-none-eabi/4.9.3/../../../../arm-none-eabi/lib/armv7e-m/fpu\libc.a(lib_a-exit.o) (_exit)

Memory Configuration

Name             Origin             Length             Attributes
MAIN_FLASH       0x00000000         0x00020000         xr
INFO_FLASH       0x00200000         0x00004000         xr
SRAM_CODE        0x01000000         0x00008000         xrw
SRAM_DATA        0x20000000         0x00008000         rw
*default*        0x00000000         0xffffffff

Linker script and memory map

LOAD c:/ti/ccsv6/tools/compiler/gcc-arm-none-eabi-4_9-2015q3/bin/../lib/gcc/arm-none-eabi/4.9.3/armv7e-m/fpu/crti.o
LOAD c:/ti/ccsv6/tools/compiler/gcc-arm-none-eabi-4_9-2015q3/bin/../lib/gcc/arm-none-eabi/4.9.3/armv7e-m/fpu/crtbegin.o
LOAD c:/ti/ccsv6/tools/compiler/gcc-arm-none-eabi-4_9-2015q3/bin/../lib/gcc/arm-none-eabi/4.9.3/../../../../arm-none-eabi/lib/armv7e-m/fpu/crt0.o
LOAD ./main.o
LOAD ./startup_msp432p401m_gcc.o
LOAD ./system_msp432p401m.o
                0x00000000                PROVIDE (_intvecs_base_address, DEFINED (_intvecs_base_address)?_intvecs_base_address:0x0)

.intvecs        0x00000000       0xe4
 *(.intvecs)
 .intvecs       0x00000000       0xe4 ./startup_msp432p401m_gcc.o
                0x00000000                interruptVectors
                0x00200000                PROVIDE (_mailbox_base_address, 0x200000)

.flashMailbox
 *(.flashMailbox)
                0x00201000                PROVIDE (_tlv_base_address, 0x201000)

.tlvTable
 *(.tlvTable)
                0x00202000                PROVIDE (_bsl_base_address, 0x202000)

.bslArea
 *(.bslArea)
                0x20000000                PROVIDE (_vtable_base_address, DEFINED (_vtable_base_address)?_vtable_base_address:0x20000000)

.vtable
 *(.vtable)

.text           0x000000e4      0xa18
 CREATE_OBJECT_SYMBOLS
 *(.text)
 .text          0x000000e4        0x0 c:/ti/ccsv6/tools/compiler/gcc-arm-none-eabi-4_9-2015q3/bin/../lib/gcc/arm-none-eabi/4.9.3/armv7e-m/fpu/crti.o
 .text          0x000000e4       0x5c c:/ti/ccsv6/tools/compiler/gcc-arm-none-eabi-4_9-2015q3/bin/../lib/gcc/arm-none-eabi/4.9.3/armv7e-m/fpu/crtbegin.o
 .text          0x00000140       0x74 c:/ti/ccsv6/tools/compiler/gcc-arm-none-eabi-4_9-2015q3/bin/../lib/gcc/arm-none-eabi/4.9.3/../../../../arm-none-eabi/lib/armv7e-m/fpu/crt0.o
                0x00000140                _start
                0x00000140                _mainCRTStartup
 .text          0x000001b4      0x2cc ./main.o
                0x000001b4                transmit
                0x00000204                receive
                0x00000254                sd_init
                0x00000350                main
 .text          0x00000480       0x18 ./startup_msp432p401m_gcc.o
                0x00000480                Reset_Handler
                0x00000490                DebugMon_Handler
                0x00000490                AES256_IRQHandler
                0x00000490                HardFault_Handler
                0x00000490                SysTick_Handler
                0x00000490                PendSV_Handler
                0x00000490                NMI_Handler
                0x00000490                RTC_C_IRQHandler
                0x00000490                PORT1_IRQHandler
                0x00000490                FPU_IRQHandler
                0x00000490                PORT2_IRQHandler
                0x00000490                TA3_0_IRQHandler
                0x00000490                UsageFault_Handler
                0x00000490                DMA_INT3_IRQHandler
                0x00000490                TA2_0_IRQHandler
                0x00000490                DMA_INT1_IRQHandler
                0x00000490                WDT_A_IRQHandler
                0x00000490                TA2_N_IRQHandler
                0x00000490                TA1_0_IRQHandler
                0x00000490                CS_IRQHandler
                0x00000490                PSS_IRQHandler
                0x00000490                DMA_INT2_IRQHandler
                0x00000490                EUSCIA3_IRQHandler
                0x00000490                DMA_INT0_IRQHandler
                0x00000490                PORT4_IRQHandler
                0x00000490                PORT5_IRQHandler
                0x00000490                EUSCIB0_IRQHandler
                0x00000490                Default_Handler
                0x00000490                T32_INTC_IRQHandler
                0x00000490                TA3_N_IRQHandler
                0x00000490                TA0_0_IRQHandler
                0x00000490                EUSCIA2_IRQHandler
                0x00000490                PORT6_IRQHandler
                0x00000490                PORT3_IRQHandler
                0x00000490                MemManage_Handler
                0x00000490                SVC_Handler
                0x00000490                TA1_N_IRQHandler
                0x00000490                EUSCIA1_IRQHandler
                0x00000490                COMP_E1_IRQHandler
                0x00000490                EUSCIB2_IRQHandler
                0x00000490                FLCTL_IRQHandler
                0x00000490                EUSCIB3_IRQHandler
                0x00000490                T32_INT1_IRQHandler
                0x00000490                DMA_ERR_IRQHandler
                0x00000490                ADC14_IRQHandler
                0x00000490                EUSCIA0_IRQHandler
                0x00000490                BusFault_Handler
                0x00000490                PCM_IRQHandler
                0x00000490                TA0_N_IRQHandler
                0x00000490                COMP_E0_IRQHandler
                0x00000490                EUSCIB1_IRQHandler
                0x00000490                T32_INT2_IRQHandler
 .text          0x00000498      0x36c ./system_msp432p401m.o
                0x00000498                SystemCoreClockUpdate
                0x00000788                SystemInit
 .text          0x00000804        0x0 c:/ti/ccsv6/tools/compiler/gcc-arm-none-eabi-4_9-2015q3/bin/../lib/gcc/arm-none-eabi/4.9.3/../../../../arm-none-eabi/lib/armv7e-m/fpu\libc.a(lib_a-exit.o)
 .text          0x00000804        0x0 c:/ti/ccsv6/tools/compiler/gcc-arm-none-eabi-4_9-2015q3/bin/../lib/gcc/arm-none-eabi/4.9.3/../../../../arm-none-eabi/lib/armv7e-m/fpu\libc.a(lib_a-impure.o)
 .text          0x00000804        0x0 c:/ti/ccsv6/tools/compiler/gcc-arm-none-eabi-4_9-2015q3/bin/../lib/gcc/arm-none-eabi/4.9.3/../../../../arm-none-eabi/lib/armv7e-m/fpu\libc.a(lib_a-init.o)
 .text          0x00000804        0x0 c:/ti/ccsv6/tools/compiler/gcc-arm-none-eabi-4_9-2015q3/bin/../lib/gcc/arm-none-eabi/4.9.3/../../../../arm-none-eabi/lib/armv7e-m/fpu\libc.a(lib_a-memset.o)
 .text          0x00000804        0x0 c:/ti/ccsv6/tools/compiler/gcc-arm-none-eabi-4_9-2015q3/bin/../lib/gcc/arm-none-eabi/4.9.3/../../../../arm-none-eabi/lib/armv7e-m/fpu\libc.a(lib_a-__call_atexit.o)
 .text          0x00000804        0x0 c:/ti/ccsv6/tools/compiler/gcc-arm-none-eabi-4_9-2015q3/bin/../lib/gcc/arm-none-eabi/4.9.3/../../../../arm-none-eabi/lib/armv7e-m/fpu\libc.a(lib_a-atexit.o)
 .text          0x00000804        0x0 c:/ti/ccsv6/tools/compiler/gcc-arm-none-eabi-4_9-2015q3/bin/../lib/gcc/arm-none-eabi/4.9.3/../../../../arm-none-eabi/lib/armv7e-m/fpu\libc.a(lib_a-fini.o)
 .text          0x00000804        0x0 c:/ti/ccsv6/tools/compiler/gcc-arm-none-eabi-4_9-2015q3/bin/../lib/gcc/arm-none-eabi/4.9.3/../../../../arm-none-eabi/lib/armv7e-m/fpu\libc.a(lib_a-__atexit.o)
 .text          0x00000804        0x0 c:/ti/ccsv6/tools/compiler/gcc-arm-none-eabi-4_9-2015q3/bin/../lib/gcc/arm-none-eabi/4.9.3/../../../../arm-none-eabi/lib/armv7e-m/fpu\libnosys.a(_exit.o)
 .text          0x00000804        0x0 c:/ti/ccsv6/tools/compiler/gcc-arm-none-eabi-4_9-2015q3/bin/../lib/gcc/arm-none-eabi/4.9.3/armv7e-m/fpu/crtend.o
 .text          0x00000804        0x0 c:/ti/ccsv6/tools/compiler/gcc-arm-none-eabi-4_9-2015q3/bin/../lib/gcc/arm-none-eabi/4.9.3/armv7e-m/fpu/crtn.o
 *(.text.*)
 .text.exit     0x00000804       0x20 c:/ti/ccsv6/tools/compiler/gcc-arm-none-eabi-4_9-2015q3/bin/../lib/gcc/arm-none-eabi/4.9.3/../../../../arm-none-eabi/lib/armv7e-m/fpu\libc.a(lib_a-exit.o)
                0x00000804                exit
 .text.__libc_init_array
                0x00000824       0x50 c:/ti/ccsv6/tools/compiler/gcc-arm-none-eabi-4_9-2015q3/bin/../lib/gcc/arm-none-eabi/4.9.3/../../../../arm-none-eabi/lib/armv7e-m/fpu\libc.a(lib_a-init.o)
                0x00000824                __libc_init_array
 .text.memset   0x00000874       0x9c c:/ti/ccsv6/tools/compiler/gcc-arm-none-eabi-4_9-2015q3/bin/../lib/gcc/arm-none-eabi/4.9.3/../../../../arm-none-eabi/lib/armv7e-m/fpu\libc.a(lib_a-memset.o)
                0x00000874                memset
 .text.startup.register_fini
                0x00000910       0x14 c:/ti/ccsv6/tools/compiler/gcc-arm-none-eabi-4_9-2015q3/bin/../lib/gcc/arm-none-eabi/4.9.3/../../../../arm-none-eabi/lib/armv7e-m/fpu\libc.a(lib_a-__call_atexit.o)
 .text.__call_exitprocs
                0x00000924       0xd4 c:/ti/ccsv6/tools/compiler/gcc-arm-none-eabi-4_9-2015q3/bin/../lib/gcc/arm-none-eabi/4.9.3/../../../../arm-none-eabi/lib/armv7e-m/fpu\libc.a(lib_a-__call_atexit.o)
                0x00000924                __call_exitprocs
 .text.atexit   0x000009f8        0xc c:/ti/ccsv6/tools/compiler/gcc-arm-none-eabi-4_9-2015q3/bin/../lib/gcc/arm-none-eabi/4.9.3/../../../../arm-none-eabi/lib/armv7e-m/fpu\libc.a(lib_a-atexit.o)
                0x000009f8                atexit
 .text.__libc_fini_array
                0x00000a04       0x2c c:/ti/ccsv6/tools/compiler/gcc-arm-none-eabi-4_9-2015q3/bin/../lib/gcc/arm-none-eabi/4.9.3/../../../../arm-none-eabi/lib/armv7e-m/fpu\libc.a(lib_a-fini.o)
                0x00000a04                __libc_fini_array
 .text.__register_exitproc
                0x00000a30       0xa4 c:/ti/ccsv6/tools/compiler/gcc-arm-none-eabi-4_9-2015q3/bin/../lib/gcc/arm-none-eabi/4.9.3/../../../../arm-none-eabi/lib/armv7e-m/fpu\libc.a(lib_a-__atexit.o)
                0x00000a30                __register_exitproc
 .text._exit    0x00000ad4        0x4 c:/ti/ccsv6/tools/compiler/gcc-arm-none-eabi-4_9-2015q3/bin/../lib/gcc/arm-none-eabi/4.9.3/../../../../arm-none-eabi/lib/armv7e-m/fpu\libnosys.a(_exit.o)
                0x00000ad4                _exit
                0x00000ad8                . = ALIGN (0x4)
 *(.ctors)
                0x00000ad8                . = ALIGN (0x4)
 *(.dtors)
                0x00000ad8                . = ALIGN (0x4)
                0x00000ad8                __init_array_start = .
 *(.init_array*)
 .init_array    0x00000ad8        0x4 c:/ti/ccsv6/tools/compiler/gcc-arm-none-eabi-4_9-2015q3/bin/../lib/gcc/arm-none-eabi/4.9.3/armv7e-m/fpu/crtbegin.o
 .init_array.00000
                0x00000adc        0x4 c:/ti/ccsv6/tools/compiler/gcc-arm-none-eabi-4_9-2015q3/bin/../lib/gcc/arm-none-eabi/4.9.3/../../../../arm-none-eabi/lib/armv7e-m/fpu\libc.a(lib_a-__call_atexit.o)
                0x00000ae0                __init_array_end = .
 *(.init)
 .init          0x00000ae0        0x4 c:/ti/ccsv6/tools/compiler/gcc-arm-none-eabi-4_9-2015q3/bin/../lib/gcc/arm-none-eabi/4.9.3/armv7e-m/fpu/crti.o
                0x00000ae0                _init
 .init          0x00000ae4        0x8 c:/ti/ccsv6/tools/compiler/gcc-arm-none-eabi-4_9-2015q3/bin/../lib/gcc/arm-none-eabi/4.9.3/armv7e-m/fpu/crtn.o
 *(.fini*)
 .fini          0x00000aec        0x4 c:/ti/ccsv6/tools/compiler/gcc-arm-none-eabi-4_9-2015q3/bin/../lib/gcc/arm-none-eabi/4.9.3/armv7e-m/fpu/crti.o
                0x00000aec                _fini
 .fini_array    0x00000af0        0x4 c:/ti/ccsv6/tools/compiler/gcc-arm-none-eabi-4_9-2015q3/bin/../lib/gcc/arm-none-eabi/4.9.3/armv7e-m/fpu/crtbegin.o
 .fini          0x00000af4        0x8 c:/ti/ccsv6/tools/compiler/gcc-arm-none-eabi-4_9-2015q3/bin/../lib/gcc/arm-none-eabi/4.9.3/armv7e-m/fpu/crtn.o

.glue_7         0x00000afc        0x0
 .glue_7        0x00000000        0x0 linker stubs

.glue_7t        0x00000afc        0x0
 .glue_7t       0x00000000        0x0 linker stubs

.vfp11_veneer   0x00000afc        0x0
 .vfp11_veneer  0x00000000        0x0 linker stubs

.v4_bx          0x00000afc        0x0
 .v4_bx         0x00000000        0x0 linker stubs

.iplt           0x00000afc        0x0
 .iplt          0x00000000        0x0 c:/ti/ccsv6/tools/compiler/gcc-arm-none-eabi-4_9-2015q3/bin/../lib/gcc/arm-none-eabi/4.9.3/armv7e-m/fpu/crtbegin.o

.rodata         0x00000afc        0x8
 *(.rodata)
 *(.rodata.*)
 .rodata.str1.4
                0x00000afc        0x4 c:/ti/ccsv6/tools/compiler/gcc-arm-none-eabi-4_9-2015q3/bin/../lib/gcc/arm-none-eabi/4.9.3/../../../../arm-none-eabi/lib/armv7e-m/fpu\libc.a(lib_a-impure.o)
                                  0x2 (size before relaxing)
 .rodata._global_impure_ptr
                0x00000b00        0x4 c:/ti/ccsv6/tools/compiler/gcc-arm-none-eabi-4_9-2015q3/bin/../lib/gcc/arm-none-eabi/4.9.3/../../../../arm-none-eabi/lib/armv7e-m/fpu\libc.a(lib_a-impure.o)
                0x00000b00                _global_impure_ptr

.eh_frame       0x00000b04        0x4
 .eh_frame      0x00000b04        0x0 c:/ti/ccsv6/tools/compiler/gcc-arm-none-eabi-4_9-2015q3/bin/../lib/gcc/arm-none-eabi/4.9.3/armv7e-m/fpu/crtbegin.o
 .eh_frame      0x00000b04        0x4 c:/ti/ccsv6/tools/compiler/gcc-arm-none-eabi-4_9-2015q3/bin/../lib/gcc/arm-none-eabi/4.9.3/armv7e-m/fpu/crtend.o

.ARM.exidx      0x00000b08        0x8
                0x00000b08                __exidx_start = .
 *(.ARM.exidx* .gnu.linkonce.armexidx.*)
 .ARM.exidx     0x00000b08        0x8 c:/ti/ccsv6/tools/compiler/gcc-arm-none-eabi-4_9-2015q3/bin/../lib/gcc/arm-none-eabi/4.9.3/../../../../arm-none-eabi/lib/armv7e-m/fpu/crt0.o
                0x00000b10                __exidx_end = .

.ARM.extab      0x00000b10        0x0
 *(.ARM.extab* .gnu.linkonce.armextab.*)
 .ARM.extab     0x00000b10        0x0 c:/ti/ccsv6/tools/compiler/gcc-arm-none-eabi-4_9-2015q3/bin/../lib/gcc/arm-none-eabi/4.9.3/../../../../arm-none-eabi/lib/armv7e-m/fpu/crt0.o
                0x00000b10                __etext = .

.rel.dyn        0x00000b10        0x0
 .rel.iplt      0x00000000        0x0 c:/ti/ccsv6/tools/compiler/gcc-arm-none-eabi-4_9-2015q3/bin/../lib/gcc/arm-none-eabi/4.9.3/armv7e-m/fpu/crtbegin.o

.data           0x20000000      0x434 load address 0x00000b10
                0x00000b10                __data_load__ = LOADADDR (.data)
                0x20000000                __data_start__ = .
 *(.data)
 .data          0x20000000        0x0 c:/ti/ccsv6/tools/compiler/gcc-arm-none-eabi-4_9-2015q3/bin/../lib/gcc/arm-none-eabi/4.9.3/armv7e-m/fpu/crti.o
 .data          0x20000000        0x4 c:/ti/ccsv6/tools/compiler/gcc-arm-none-eabi-4_9-2015q3/bin/../lib/gcc/arm-none-eabi/4.9.3/armv7e-m/fpu/crtbegin.o
                0x20000000                __dso_handle
 .data          0x20000004        0x0 c:/ti/ccsv6/tools/compiler/gcc-arm-none-eabi-4_9-2015q3/bin/../lib/gcc/arm-none-eabi/4.9.3/../../../../arm-none-eabi/lib/armv7e-m/fpu/crt0.o
 .data          0x20000004        0x0 ./main.o
 .data          0x20000004        0x0 ./startup_msp432p401m_gcc.o
 .data          0x20000004        0x4 ./system_msp432p401m.o
                0x20000004                SystemCoreClock
 .data          0x20000008        0x0 c:/ti/ccsv6/tools/compiler/gcc-arm-none-eabi-4_9-2015q3/bin/../lib/gcc/arm-none-eabi/4.9.3/../../../../arm-none-eabi/lib/armv7e-m/fpu\libc.a(lib_a-exit.o)
 .data          0x20000008        0x0 c:/ti/ccsv6/tools/compiler/gcc-arm-none-eabi-4_9-2015q3/bin/../lib/gcc/arm-none-eabi/4.9.3/../../../../arm-none-eabi/lib/armv7e-m/fpu\libc.a(lib_a-impure.o)
 .data          0x20000008        0x0 c:/ti/ccsv6/tools/compiler/gcc-arm-none-eabi-4_9-2015q3/bin/../lib/gcc/arm-none-eabi/4.9.3/../../../../arm-none-eabi/lib/armv7e-m/fpu\libc.a(lib_a-init.o)
 .data          0x20000008        0x0 c:/ti/ccsv6/tools/compiler/gcc-arm-none-eabi-4_9-2015q3/bin/../lib/gcc/arm-none-eabi/4.9.3/../../../../arm-none-eabi/lib/armv7e-m/fpu\libc.a(lib_a-memset.o)
 .data          0x20000008        0x0 c:/ti/ccsv6/tools/compiler/gcc-arm-none-eabi-4_9-2015q3/bin/../lib/gcc/arm-none-eabi/4.9.3/../../../../arm-none-eabi/lib/armv7e-m/fpu\libc.a(lib_a-__call_atexit.o)
 .data          0x20000008        0x0 c:/ti/ccsv6/tools/compiler/gcc-arm-none-eabi-4_9-2015q3/bin/../lib/gcc/arm-none-eabi/4.9.3/../../../../arm-none-eabi/lib/armv7e-m/fpu\libc.a(lib_a-atexit.o)
 .data          0x20000008        0x0 c:/ti/ccsv6/tools/compiler/gcc-arm-none-eabi-4_9-2015q3/bin/../lib/gcc/arm-none-eabi/4.9.3/../../../../arm-none-eabi/lib/armv7e-m/fpu\libc.a(lib_a-fini.o)
 .data          0x20000008        0x0 c:/ti/ccsv6/tools/compiler/gcc-arm-none-eabi-4_9-2015q3/bin/../lib/gcc/arm-none-eabi/4.9.3/../../../../arm-none-eabi/lib/armv7e-m/fpu\libc.a(lib_a-__atexit.o)
 .data          0x20000008        0x0 c:/ti/ccsv6/tools/compiler/gcc-arm-none-eabi-4_9-2015q3/bin/../lib/gcc/arm-none-eabi/4.9.3/../../../../arm-none-eabi/lib/armv7e-m/fpu\libnosys.a(_exit.o)
 .data          0x20000008        0x0 c:/ti/ccsv6/tools/compiler/gcc-arm-none-eabi-4_9-2015q3/bin/../lib/gcc/arm-none-eabi/4.9.3/armv7e-m/fpu/crtend.o
 .data          0x20000008        0x0 c:/ti/ccsv6/tools/compiler/gcc-arm-none-eabi-4_9-2015q3/bin/../lib/gcc/arm-none-eabi/4.9.3/armv7e-m/fpu/crtn.o
 *(.data*)
 .data.impure_data
                0x20000008      0x428 c:/ti/ccsv6/tools/compiler/gcc-arm-none-eabi-4_9-2015q3/bin/../lib/gcc/arm-none-eabi/4.9.3/../../../../arm-none-eabi/lib/armv7e-m/fpu\libc.a(lib_a-impure.o)
 .data._impure_ptr
                0x20000430        0x4 c:/ti/ccsv6/tools/compiler/gcc-arm-none-eabi-4_9-2015q3/bin/../lib/gcc/arm-none-eabi/4.9.3/../../../../arm-none-eabi/lib/armv7e-m/fpu\libc.a(lib_a-impure.o)
                0x20000430                _impure_ptr
                0x20000434                . = ALIGN (0x4)
                0x20000434                __data_end__ = .

.jcr            0x20000434        0x4 load address 0x00000f44
 .jcr           0x20000434        0x0 c:/ti/ccsv6/tools/compiler/gcc-arm-none-eabi-4_9-2015q3/bin/../lib/gcc/arm-none-eabi/4.9.3/armv7e-m/fpu/crtbegin.o
 .jcr           0x20000434        0x4 c:/ti/ccsv6/tools/compiler/gcc-arm-none-eabi-4_9-2015q3/bin/../lib/gcc/arm-none-eabi/4.9.3/armv7e-m/fpu/crtend.o

.igot.plt       0x20000438        0x0 load address 0x00000f48
 .igot.plt      0x00000000        0x0 c:/ti/ccsv6/tools/compiler/gcc-arm-none-eabi-4_9-2015q3/bin/../lib/gcc/arm-none-eabi/4.9.3/armv7e-m/fpu/crtbegin.o

.bss            0x20000438       0x1c
                0x20000438                __bss_start__ = .
 *(.shbss)
 *(.bss)
 .bss           0x20000438        0x0 c:/ti/ccsv6/tools/compiler/gcc-arm-none-eabi-4_9-2015q3/bin/../lib/gcc/arm-none-eabi/4.9.3/armv7e-m/fpu/crti.o
 .bss           0x20000438       0x1c c:/ti/ccsv6/tools/compiler/gcc-arm-none-eabi-4_9-2015q3/bin/../lib/gcc/arm-none-eabi/4.9.3/armv7e-m/fpu/crtbegin.o
 .bss           0x20000454        0x0 c:/ti/ccsv6/tools/compiler/gcc-arm-none-eabi-4_9-2015q3/bin/../lib/gcc/arm-none-eabi/4.9.3/../../../../arm-none-eabi/lib/armv7e-m/fpu/crt0.o
 .bss           0x20000454        0x0 ./main.o
 .bss           0x20000454        0x0 ./startup_msp432p401m_gcc.o
 .bss           0x20000454        0x0 ./system_msp432p401m.o
 .bss           0x20000454        0x0 c:/ti/ccsv6/tools/compiler/gcc-arm-none-eabi-4_9-2015q3/bin/../lib/gcc/arm-none-eabi/4.9.3/../../../../arm-none-eabi/lib/armv7e-m/fpu\libc.a(lib_a-exit.o)
 .bss           0x20000454        0x0 c:/ti/ccsv6/tools/compiler/gcc-arm-none-eabi-4_9-2015q3/bin/../lib/gcc/arm-none-eabi/4.9.3/../../../../arm-none-eabi/lib/armv7e-m/fpu\libc.a(lib_a-impure.o)
 .bss           0x20000454        0x0 c:/ti/ccsv6/tools/compiler/gcc-arm-none-eabi-4_9-2015q3/bin/../lib/gcc/arm-none-eabi/4.9.3/../../../../arm-none-eabi/lib/armv7e-m/fpu\libc.a(lib_a-init.o)
 .bss           0x20000454        0x0 c:/ti/ccsv6/tools/compiler/gcc-arm-none-eabi-4_9-2015q3/bin/../lib/gcc/arm-none-eabi/4.9.3/../../../../arm-none-eabi/lib/armv7e-m/fpu\libc.a(lib_a-memset.o)
 .bss           0x20000454        0x0 c:/ti/ccsv6/tools/compiler/gcc-arm-none-eabi-4_9-2015q3/bin/../lib/gcc/arm-none-eabi/4.9.3/../../../../arm-none-eabi/lib/armv7e-m/fpu\libc.a(lib_a-__call_atexit.o)
 .bss           0x20000454        0x0 c:/ti/ccsv6/tools/compiler/gcc-arm-none-eabi-4_9-2015q3/bin/../lib/gcc/arm-none-eabi/4.9.3/../../../../arm-none-eabi/lib/armv7e-m/fpu\libc.a(lib_a-atexit.o)
 .bss           0x20000454        0x0 c:/ti/ccsv6/tools/compiler/gcc-arm-none-eabi-4_9-2015q3/bin/../lib/gcc/arm-none-eabi/4.9.3/../../../../arm-none-eabi/lib/armv7e-m/fpu\libc.a(lib_a-fini.o)
 .bss           0x20000454        0x0 c:/ti/ccsv6/tools/compiler/gcc-arm-none-eabi-4_9-2015q3/bin/../lib/gcc/arm-none-eabi/4.9.3/../../../../arm-none-eabi/lib/armv7e-m/fpu\libc.a(lib_a-__atexit.o)
 .bss           0x20000454        0x0 c:/ti/ccsv6/tools/compiler/gcc-arm-none-eabi-4_9-2015q3/bin/../lib/gcc/arm-none-eabi/4.9.3/../../../../arm-none-eabi/lib/armv7e-m/fpu\libnosys.a(_exit.o)
 .bss           0x20000454        0x0 c:/ti/ccsv6/tools/compiler/gcc-arm-none-eabi-4_9-2015q3/bin/../lib/gcc/arm-none-eabi/4.9.3/armv7e-m/fpu/crtend.o
 .bss           0x20000454        0x0 c:/ti/ccsv6/tools/compiler/gcc-arm-none-eabi-4_9-2015q3/bin/../lib/gcc/arm-none-eabi/4.9.3/armv7e-m/fpu/crtn.o
 *(.bss.*)
 *(COMMON)
                0x20000454                . = ALIGN (0x4)
                0x20000454                __bss_end__ = .

.heap           0x20000454        0x0
                0x20000454                __heap_start__ = .
                0x20000454                end = __heap_start__
                0x20000454                _end = end
                0x20000454                __end = end
 *(.heap)
                0x20000454                __heap_end__ = .
                0x20000454                __HeapLimit = __heap_end__

.stack          0x20000458        0x0
                0x20000458                _stack = .
                0x20000458                __stack = .
 *(.stack)
                0x20008000                __StackTop = (ORIGIN (REGION_STACK) + 0x8000)
START GROUP
LOAD c:/ti/ccsv6/tools/compiler/gcc-arm-none-eabi-4_9-2015q3/bin/../lib/gcc/arm-none-eabi/4.9.3/armv7e-m/fpu\libgcc.a
LOAD c:/ti/ccsv6/tools/compiler/gcc-arm-none-eabi-4_9-2015q3/bin/../lib/gcc/arm-none-eabi/4.9.3/../../../../arm-none-eabi/lib/armv7e-m/fpu\libnosys.a
LOAD c:/ti/ccsv6/tools/compiler/gcc-arm-none-eabi-4_9-2015q3/bin/../lib/gcc/arm-none-eabi/4.9.3/../../../../arm-none-eabi/lib/armv7e-m/fpu\libc.a
END GROUP
START GROUP
LOAD c:/ti/ccsv6/tools/compiler/gcc-arm-none-eabi-4_9-2015q3/bin/../lib/gcc/arm-none-eabi/4.9.3/armv7e-m/fpu\libgcc.a
LOAD c:/ti/ccsv6/tools/compiler/gcc-arm-none-eabi-4_9-2015q3/bin/../lib/gcc/arm-none-eabi/4.9.3/../../../../arm-none-eabi/lib/armv7e-m/fpu\libg.a
LOAD c:/ti/ccsv6/tools/compiler/gcc-arm-none-eabi-4_9-2015q3/bin/../lib/gcc/arm-none-eabi/4.9.3/../../../../arm-none-eabi/lib/armv7e-m/fpu\libc.a
END GROUP
LOAD c:/ti/ccsv6/tools/compiler/gcc-arm-none-eabi-4_9-2015q3/bin/../lib/gcc/arm-none-eabi/4.9.3/armv7e-m/fpu/crtend.o
LOAD c:/ti/ccsv6/tools/compiler/gcc-arm-none-eabi-4_9-2015q3/bin/../lib/gcc/arm-none-eabi/4.9.3/armv7e-m/fpu/crtn.o
OUTPUT(SDController.out elf32-littlearm)

.ARM.attributes
                0x00000000       0x30
 .ARM.attributes
                0x00000000       0x22 c:/ti/ccsv6/tools/compiler/gcc-arm-none-eabi-4_9-2015q3/bin/../lib/gcc/arm-none-eabi/4.9.3/armv7e-m/fpu/crti.o
 .ARM.attributes
                0x00000022       0x34 c:/ti/ccsv6/tools/compiler/gcc-arm-none-eabi-4_9-2015q3/bin/../lib/gcc/arm-none-eabi/4.9.3/armv7e-m/fpu/crtbegin.o
 .ARM.attributes
                0x00000056       0x20 c:/ti/ccsv6/tools/compiler/gcc-arm-none-eabi-4_9-2015q3/bin/../lib/gcc/arm-none-eabi/4.9.3/../../../../arm-none-eabi/lib/armv7e-m/fpu/crt0.o
 .ARM.attributes
                0x00000076       0x39 ./main.o
 .ARM.attributes
                0x000000af       0x39 ./startup_msp432p401m_gcc.o
 .ARM.attributes
                0x000000e8       0x39 ./system_msp432p401m.o
 .ARM.attributes
                0x00000121       0x34 c:/ti/ccsv6/tools/compiler/gcc-arm-none-eabi-4_9-2015q3/bin/../lib/gcc/arm-none-eabi/4.9.3/../../../../arm-none-eabi/lib/armv7e-m/fpu\libc.a(lib_a-exit.o)
 .ARM.attributes
                0x00000155       0x34 c:/ti/ccsv6/tools/compiler/gcc-arm-none-eabi-4_9-2015q3/bin/../lib/gcc/arm-none-eabi/4.9.3/../../../../arm-none-eabi/lib/armv7e-m/fpu\libc.a(lib_a-impure.o)
 .ARM.attributes
                0x00000189       0x34 c:/ti/ccsv6/tools/compiler/gcc-arm-none-eabi-4_9-2015q3/bin/../lib/gcc/arm-none-eabi/4.9.3/../../../../arm-none-eabi/lib/armv7e-m/fpu\libc.a(lib_a-init.o)
 .ARM.attributes
                0x000001bd       0x34 c:/ti/ccsv6/tools/compiler/gcc-arm-none-eabi-4_9-2015q3/bin/../lib/gcc/arm-none-eabi/4.9.3/../../../../arm-none-eabi/lib/armv7e-m/fpu\libc.a(lib_a-memset.o)
 .ARM.attributes
                0x000001f1       0x34 c:/ti/ccsv6/tools/compiler/gcc-arm-none-eabi-4_9-2015q3/bin/../lib/gcc/arm-none-eabi/4.9.3/../../../../arm-none-eabi/lib/armv7e-m/fpu\libc.a(lib_a-__call_atexit.o)
 .ARM.attributes
                0x00000225       0x34 c:/ti/ccsv6/tools/compiler/gcc-arm-none-eabi-4_9-2015q3/bin/../lib/gcc/arm-none-eabi/4.9.3/../../../../arm-none-eabi/lib/armv7e-m/fpu\libc.a(lib_a-atexit.o)
 .ARM.attributes
                0x00000259       0x34 c:/ti/ccsv6/tools/compiler/gcc-arm-none-eabi-4_9-2015q3/bin/../lib/gcc/arm-none-eabi/4.9.3/../../../../arm-none-eabi/lib/armv7e-m/fpu\libc.a(lib_a-fini.o)
 .ARM.attributes
                0x0000028d       0x34 c:/ti/ccsv6/tools/compiler/gcc-arm-none-eabi-4_9-2015q3/bin/../lib/gcc/arm-none-eabi/4.9.3/../../../../arm-none-eabi/lib/armv7e-m/fpu\libc.a(lib_a-__atexit.o)
 .ARM.attributes
                0x000002c1       0x34 c:/ti/ccsv6/tools/compiler/gcc-arm-none-eabi-4_9-2015q3/bin/../lib/gcc/arm-none-eabi/4.9.3/../../../../arm-none-eabi/lib/armv7e-m/fpu\libnosys.a(_exit.o)
 .ARM.attributes
                0x000002f5       0x34 c:/ti/ccsv6/tools/compiler/gcc-arm-none-eabi-4_9-2015q3/bin/../lib/gcc/arm-none-eabi/4.9.3/armv7e-m/fpu/crtend.o
 .ARM.attributes
                0x00000329       0x22 c:/ti/ccsv6/tools/compiler/gcc-arm-none-eabi-4_9-2015q3/bin/../lib/gcc/arm-none-eabi/4.9.3/armv7e-m/fpu/crtn.o

.comment        0x00000000       0x70
 .comment       0x00000000       0x70 ./main.o
                                 0x71 (size before relaxing)
 .comment       0x00000000       0x71 ./startup_msp432p401m_gcc.o
 .comment       0x00000000       0x71 ./system_msp432p401m.o

.debug_info     0x00000000     0x1332
 .debug_info    0x00000000      0x55e ./main.o
 .debug_info    0x0000055e       0xf6 ./startup_msp432p401m_gcc.o
 .debug_info    0x00000654      0xcde ./system_msp432p401m.o

.debug_abbrev   0x00000000      0x2c6
 .debug_abbrev  0x00000000      0x127 ./main.o
 .debug_abbrev  0x00000127       0x97 ./startup_msp432p401m_gcc.o
 .debug_abbrev  0x000001be      0x108 ./system_msp432p401m.o

.debug_aranges  0x00000000       0x60
 .debug_aranges
                0x00000000       0x20 ./main.o
 .debug_aranges
                0x00000020       0x20 ./startup_msp432p401m_gcc.o
 .debug_aranges
                0x00000040       0x20 ./system_msp432p401m.o

.debug_line     0x00000000      0x4b7
 .debug_line    0x00000000      0x1bf ./main.o
 .debug_line    0x000001bf      0x11b ./startup_msp432p401m_gcc.o
 .debug_line    0x000002da      0x1dd ./system_msp432p401m.o

.debug_str      0x00000000      0xb78
 .debug_str     0x00000000      0x300 ./main.o
                                0x360 (size before relaxing)
 .debug_str     0x00000300       0x5d ./startup_msp432p401m_gcc.o
                                0x1e7 (size before relaxing)
 .debug_str     0x0000035d      0x81b ./system_msp432p401m.o
                                0xab7 (size before relaxing)

.debug_frame    0x00000000      0x2b8
 .debug_frame   0x00000000       0x9c ./main.o
 .debug_frame   0x0000009c       0x44 ./startup_msp432p401m_gcc.o
 .debug_frame   0x000000e0       0x58 ./system_msp432p401m.o
 .debug_frame   0x00000138       0x28 c:/ti/ccsv6/tools/compiler/gcc-arm-none-eabi-4_9-2015q3/bin/../lib/gcc/arm-none-eabi/4.9.3/../../../../arm-none-eabi/lib/armv7e-m/fpu\libc.a(lib_a-exit.o)
 .debug_frame   0x00000160       0x2c c:/ti/ccsv6/tools/compiler/gcc-arm-none-eabi-4_9-2015q3/bin/../lib/gcc/arm-none-eabi/4.9.3/../../../../arm-none-eabi/lib/armv7e-m/fpu\libc.a(lib_a-init.o)
 .debug_frame   0x0000018c       0x34 c:/ti/ccsv6/tools/compiler/gcc-arm-none-eabi-4_9-2015q3/bin/../lib/gcc/arm-none-eabi/4.9.3/../../../../arm-none-eabi/lib/armv7e-m/fpu\libc.a(lib_a-memset.o)
 .debug_frame   0x000001c0       0x50 c:/ti/ccsv6/tools/compiler/gcc-arm-none-eabi-4_9-2015q3/bin/../lib/gcc/arm-none-eabi/4.9.3/../../../../arm-none-eabi/lib/armv7e-m/fpu\libc.a(lib_a-__call_atexit.o)
 .debug_frame   0x00000210       0x20 c:/ti/ccsv6/tools/compiler/gcc-arm-none-eabi-4_9-2015q3/bin/../lib/gcc/arm-none-eabi/4.9.3/../../../../arm-none-eabi/lib/armv7e-m/fpu\libc.a(lib_a-atexit.o)
 .debug_frame   0x00000230       0x34 c:/ti/ccsv6/tools/compiler/gcc-arm-none-eabi-4_9-2015q3/bin/../lib/gcc/arm-none-eabi/4.9.3/../../../../arm-none-eabi/lib/armv7e-m/fpu\libc.a(lib_a-fini.o)
 .debug_frame   0x00000264       0x34 c:/ti/ccsv6/tools/compiler/gcc-arm-none-eabi-4_9-2015q3/bin/../lib/gcc/arm-none-eabi/4.9.3/../../../../arm-none-eabi/lib/armv7e-m/fpu\libc.a(lib_a-__atexit.o)
 .debug_frame   0x00000298       0x20 c:/ti/ccsv6/tools/compiler/gcc-arm-none-eabi-4_9-2015q3/bin/../lib/gcc/arm-none-eabi/4.9.3/../../../../arm-none-eabi/lib/armv7e-m/fpu\libnosys.a(_exit.o)
